Component: ARM Compiler 5.06 update 4 (build 422) Tool: armlink [4d35d2]

==============================================================================

Section Cross References

    stm32f10x_it.o(.text) refers to main.o(.text) for Decrement_TimingDelay
    stm32f10x_it.o(.text) refers to sdcard.o(.text) for SD_ProcessIRQSrc
    main.o(.text) refers to stm32f10x_systick.o(.text) for SysTick_ITConfig
    main.o(.text) refers to sdcard.o(.text) for SD_Init
    main.o(.text) refers to stm32f10x_rcc.o(.text) for RCC_APB2PeriphClockCmd
    main.o(.text) refers to stm32f10x_gpio.o(.text) for GPIO_Init
    main.o(.text) refers to stm32f10x_nvic.o(.text) for NVIC_PriorityGroupConfig
    main.o(.text) refers to stm32f10x_flash.o(.text) for FLASH_PrefetchBufferCmd
    main.o(.text) refers to lcd.o(.text) for STM32_SSD1963_Init
    main.o(.text) refers to tsliic_rev01.o(.text) for Sensor_GPIO_Config
    main.o(.text) refers to fat.o(.text) for FAT_Init
    main.o(.text) refers to disp.o(.text) for Disp_BMP
    main.o(.text) refers to memcpya.o(.text) for __aeabi_memcpy4
    main.o(.text) refers to main.o(.data) for TimingDelay
    main.o(.text) refers to main.o(.bss) for SDCardInfo
    main.o(.text) refers to lcd.o(.data) for FontR
    main.o(.text) refers to disp.o(.data) for image_count
    main.o(.text) refers to stm32f10x_usart.o(.text) for USART_ClockInit
    lcd.o(.text) refers to stm32f10x_gpio.o(.text) for GPIO_Write
    lcd.o(.text) refers to main.o(.text) for Delay
    lcd.o(.text) refers to stm32f10x_rcc.o(.text) for RCC_APB2PeriphClockCmd
    lcd.o(.text) refers to fflti.o(.text) for __aeabi_i2f
    lcd.o(.text) refers to ffixui.o(.text) for __aeabi_f2uiz
    lcd.o(.text) refers to lcd.o(.data) for VBP
    lcd.o(.text) refers to lcd.o(.bss) for MIPI_Array
    lcd.o(.text) refers to main.o(.bss) for MIPI_READ_DATA
    lcd.o(.text) refers to main.o(.data) for SDShowTimes
    lcd.o(.text) refers to lcd.o(.constdata) for ASCII_Table
    stm32f10x_adc.o(.text) refers to stm32f10x_rcc.o(.text) for RCC_APB2PeriphResetCmd
    stm32f10x_bkp.o(.text) refers to stm32f10x_rcc.o(.text) for RCC_BackupResetCmd
    stm32f10x_can.o(.text) refers to stm32f10x_rcc.o(.text) for RCC_APB1PeriphResetCmd
    stm32f10x_dac.o(.text) refers to stm32f10x_rcc.o(.text) for RCC_APB1PeriphResetCmd
    stm32f10x_gpio.o(.text) refers to stm32f10x_rcc.o(.text) for RCC_APB2PeriphResetCmd
    stm32f10x_i2c.o(.text) refers to stm32f10x_rcc.o(.text) for RCC_APB1PeriphResetCmd
    stm32f10x_nvic.o(.text) refers to cortexm3_macro.o(.text) for __SETPRIMASK
    stm32f10x_pwr.o(.text) refers to stm32f10x_rcc.o(.text) for RCC_APB1PeriphResetCmd
    stm32f10x_pwr.o(.text) refers to cortexm3_macro.o(.text) for __WFI
    stm32f10x_rcc.o(.text) refers to stm32f10x_rcc.o(.constdata) for APBAHBPrescTable
    stm32f10x_spi.o(.text) refers to stm32f10x_rcc.o(.text) for RCC_APB2PeriphResetCmd
    stm32f10x_tim.o(.text) refers to stm32f10x_rcc.o(.text) for RCC_APB2PeriphResetCmd
    stm32f10x_usart.o(.text) refers to stm32f10x_rcc.o(.text) for RCC_APB2PeriphResetCmd
    stm32f10x_wwdg.o(.text) refers to stm32f10x_rcc.o(.text) for RCC_APB1PeriphResetCmd
    stm32f10x_vector.o(RESET) refers to stm32f10x_vector.o(STACK) for __initial_sp
    stm32f10x_vector.o(RESET) refers to stm32f10x_vector.o(.text) for Reset_Handler
    stm32f10x_vector.o(RESET) refers to stm32f10x_it.o(.text) for NMIException
    stm32f10x_vector.o(.text) refers to entry.o(.ARM.Collect$$$$00000000) for __main
    sdcard.o(.text) refers to stm32f10x_sdio.o(.text) for SDIO_GetPowerState
    sdcard.o(.text) refers to sdcard.o(.data) for .data
    sdcard.o(.text) refers to sdcard.o(.bss) for .bss
    sdcard.o(.text) refers to stm32f10x_rcc.o(.text) for RCC_APB2PeriphClockCmd
    sdcard.o(.text) refers to stm32f10x_gpio.o(.text) for GPIO_Init
    sdcard.o(.text) refers to main.o(.data) for sd_Capacity
    sdcard.o(.text) refers to stm32f10x_dma.o(.text) for DMA_ClearFlag
    fat.o(.text) refers to sdcard.o(.text) for SD_ReadBlock
    fat.o(.text) refers to malloc.o(i.malloc) for malloc
    fat.o(.text) refers to malloc.o(i.free) for free
    fat.o(.text) refers to main.o(.data) for sd_Capacity
    fat.o(.text) refers to fat.o(.data) for .data
    fat.o(.text) refers to fat.o(i.__ARM_common_memset4_12) for __ARM_common_memset4_12
    fat.o(.text) refers to memseta.o(.text) for __aeabi_memclr
    fat.o(.text) refers to fat.o(.bss) for .bss
    disp.o(.text) refers to fat.o(.text) for Search_man
    disp.o(.text) refers to malloc.o(i.malloc) for malloc
    disp.o(.text) refers to lcd.o(.text) for LCD_DisplayStringLine
    disp.o(.text) refers to malloc.o(i.free) for free
    disp.o(.text) refers to disp.o(.data) for .data
    disp.o(.text) refers to disp.o(.bss) for .bss
    disp.o(.text) refers to fat.o(.data) for SectorsPerClust
    tsliic_rev01.o(.text) refers to stm32f10x_gpio.o(.text) for GPIO_Init
    tsliic_rev01.o(.text) refers to main.o(.text) for MDelay
    tsliic_rev01.o(.text) refers to tsliic_rev01.o(.data) for BriSeg
    entry.o(.ARM.Collect$$$$00000000) refers (Special) to entry10a.o(.ARM.Collect$$$$0000000D) for __rt_final_cpp
    entry.o(.ARM.Collect$$$$00000000) refers (Special) to entry11a.o(.ARM.Collect$$$$0000000F) for __rt_final_exit
    entry.o(.ARM.Collect$$$$00000000) refers (Special) to entry7b.o(.ARM.Collect$$$$00000008) for _main_clock
    entry.o(.ARM.Collect$$$$00000000) refers (Special) to entry8b.o(.ARM.Collect$$$$0000000A) for _main_cpp_init
    entry.o(.ARM.Collect$$$$00000000) refers (Special) to entry9a.o(.ARM.Collect$$$$0000000B) for _main_init
    entry.o(.ARM.Collect$$$$00000000) refers (Special) to entry5.o(.ARM.Collect$$$$00000004) for _main_scatterload
    entry.o(.ARM.Collect$$$$00000000) refers (Special) to entry2.o(.ARM.Collect$$$$00000001) for _main_stk
    malloc.o(i.free) refers to mvars.o(.data) for __microlib_freelist
    malloc.o(i.malloc) refers to mvars.o(.data) for __microlib_freelist_initialised
    malloc.o(i.malloc) refers to mvars.o(.data) for __microlib_freelist
    malloc.o(i.malloc) refers to stm32f10x_vector.o(HEAP) for __heap_base
    mallocr.o(i.__free$realloc) refers to mvars.o(.data) for __microlib_freelist
    mallocr.o(i.__malloc$realloc) refers to mallocr.o(i.internal_alloc) for internal_alloc
    mallocr.o(i.__malloc$realloc) refers to mvars.o(.data) for __microlib_freelist_initialised
    mallocr.o(i.__malloc$realloc) refers to stm32f10x_vector.o(HEAP) for __heap_base
    mallocr.o(i.__malloc$realloc) refers to mvars.o(.data) for __microlib_freelist
    mallocr.o(i.internal_alloc) refers to memcpya.o(.text) for __aeabi_memcpy
    mallocr.o(i.internal_alloc) refers to mvars.o(.data) for __microlib_freelist
    mallocr.o(i.realloc) refers to mallocr.o(i.__free$realloc) for __free$realloc
    mallocr.o(i.realloc) refers to mallocr.o(i.internal_alloc) for internal_alloc
    mallocr.o(i.realloc) refers to mallocr.o(i.__malloc$realloc) for __malloc$realloc
    mallocr.o(i.realloc) refers to mvars.o(.data) for __microlib_freelist
    malloca.o(i.__aligned_malloc) refers to mvars.o(.data) for __microlib_freelist_initialised
    malloca.o(i.__aligned_malloc) refers to mvars.o(.data) for __microlib_freelist
    malloca.o(i.__aligned_malloc) refers to stm32f10x_vector.o(HEAP) for __heap_base
    malloca.o(i.__free$memalign) refers to mvars.o(.data) for __microlib_freelist
    malloca.o(i.__malloc$memalign) refers to malloca.o(i.__aligned_malloc) for __aligned_malloc
    mallocra.o(i.__aligned_malloc$realloc) refers to mallocra.o(i.internal_alloc) for internal_alloc
    mallocra.o(i.__aligned_malloc$realloc) refers to mvars.o(.data) for __microlib_freelist_initialised
    mallocra.o(i.__aligned_malloc$realloc) refers to stm32f10x_vector.o(HEAP) for __heap_base
    mallocra.o(i.__aligned_malloc$realloc) refers to mvars.o(.data) for __microlib_freelist
    mallocra.o(i.__free$realloc$memalign) refers to mvars.o(.data) for __microlib_freelist
    mallocra.o(i.__malloc$realloc$memalign) refers to mallocra.o(i.__aligned_malloc$realloc) for __aligned_malloc$realloc
    mallocra.o(i.__realloc$memalign) refers to mallocra.o(i.__free$realloc$memalign) for __free$realloc$memalign
    mallocra.o(i.__realloc$memalign) refers to mallocra.o(i.internal_alloc) for internal_alloc
    mallocra.o(i.__realloc$memalign) refers to mallocra.o(i.__malloc$realloc$memalign) for __malloc$realloc$memalign
    mallocra.o(i.__realloc$memalign) refers to mvars.o(.data) for __microlib_freelist
    mallocra.o(i.internal_alloc) refers to memcpya.o(.text) for __aeabi_memcpy
    mallocra.o(i.internal_alloc) refers to mvars.o(.data) for __microlib_freelist
    fflti.o(.text) refers (Special) to iusefp.o(.text) for __I$use$fp
    fflti.o(.text) refers to fepilogue.o(.text) for _float_epilogue
    ffixui.o(.text) refers (Special) to iusefp.o(.text) for __I$use$fp
    entry2.o(.ARM.Collect$$$$00000001) refers to entry2.o(.ARM.Collect$$$$00002712) for __lit__00000000
    entry2.o(.ARM.Collect$$$$00002712) refers to stm32f10x_vector.o(STACK) for __initial_sp
    entry2.o(__vectab_stack_and_reset_area) refers to stm32f10x_vector.o(STACK) for __initial_sp
    entry2.o(__vectab_stack_and_reset_area) refers to entry.o(.ARM.Collect$$$$00000000) for __main
    entry5.o(.ARM.Collect$$$$00000004) refers to init.o(.text) for __scatterload
    entry9a.o(.ARM.Collect$$$$0000000B) refers to main.o(.text) for main
    entry9b.o(.ARM.Collect$$$$0000000C) refers to main.o(.text) for main
    init.o(.text) refers to entry5.o(.ARM.Collect$$$$00000004) for __main_after_scatterload


==============================================================================

Removing Unused input sections from the image.

    Removing stm32f10x_adc.o(.text), (1072 bytes).
    Removing stm32f10x_bkp.o(.text), (172 bytes).
    Removing stm32f10x_can.o(.text), (2104 bytes).
    Removing stm32f10x_crc.o(.text), (72 bytes).
    Removing stm32f10x_dac.o(.text), (348 bytes).
    Removing stm32f10x_dbgmcu.o(.text), (48 bytes).
    Removing stm32f10x_exti.o(.text), (320 bytes).
    Removing stm32f10x_fsmc.o(.text), (1556 bytes).
    Removing stm32f10x_i2c.o(.text), (980 bytes).
    Removing stm32f10x_iwdg.o(.text), (64 bytes).
    Removing stm32f10x_pwr.o(.text), (196 bytes).
    Removing stm32f10x_rtc.o(.text), (328 bytes).
    Removing stm32f10x_spi.o(.text), (768 bytes).
    Removing stm32f10x_tim.o(.text), (3014 bytes).
    Removing stm32f10x_wwdg.o(.text), (124 bytes).
    Removing fat.o(.bss), (512 bytes).
    Removing fat.o(.data), (1 bytes).
    Removing fat.o(.data), (4 bytes).

18 unused section(s) (total 11683 bytes) removed from the image.

==============================================================================

Image Symbol Table

    Local Symbols

    Symbol Name                              Value     Ov Type        Size  Object(Section)

    ../clib/../cmprslib/zerorunl2.c          0x00000000   Number         0  __dczerorl2.o ABSOLUTE
    ../clib/microlib/init/entry.s            0x00000000   Number         0  entry10a.o ABSOLUTE
    ../clib/microlib/init/entry.s            0x00000000   Number         0  entry.o ABSOLUTE
    ../clib/microlib/init/entry.s            0x00000000   Number         0  entry11a.o ABSOLUTE
    ../clib/microlib/init/entry.s            0x00000000   Number         0  entry5.o ABSOLUTE
    ../clib/microlib/init/entry.s            0x00000000   Number         0  entry9b.o ABSOLUTE
    ../clib/microlib/init/entry.s            0x00000000   Number         0  entry7a.o ABSOLUTE
    ../clib/microlib/init/entry.s            0x00000000   Number         0  entry7b.o ABSOLUTE
    ../clib/microlib/init/entry.s            0x00000000   Number         0  entry9a.o ABSOLUTE
    ../clib/microlib/init/entry.s            0x00000000   Number         0  entry8a.o ABSOLUTE
    ../clib/microlib/init/entry.s            0x00000000   Number         0  entry10b.o ABSOLUTE
    ../clib/microlib/init/entry.s            0x00000000   Number         0  entry8b.o ABSOLUTE
    ../clib/microlib/init/entry.s            0x00000000   Number         0  entry2.o ABSOLUTE
    ../clib/microlib/init/entry.s            0x00000000   Number         0  entry11b.o ABSOLUTE
    ../clib/microlib/malloc/malloc.c         0x00000000   Number         0  mallocr.o ABSOLUTE
    ../clib/microlib/malloc/malloc.c         0x00000000   Number         0  malloc.o ABSOLUTE
    ../clib/microlib/malloc/malloc.c         0x00000000   Number         0  mallocra.o ABSOLUTE
    ../clib/microlib/malloc/malloc.c         0x00000000   Number         0  malloca.o ABSOLUTE
    ../clib/microlib/malloc/mvars.c          0x00000000   Number         0  mvars.o ABSOLUTE
    ../clib/microlib/string/memcpy.c         0x00000000   Number         0  memcpyb.o ABSOLUTE
    ../clib/microlib/string/memcpy.c         0x00000000   Number         0  memcpya.o ABSOLUTE
    ../clib/microlib/string/memset.c         0x00000000   Number         0  memseta.o ABSOLUTE
    ../clib/microlib/stubs.s                 0x00000000   Number         0  iusefp.o ABSOLUTE
    ../fplib/microlib/fpepilogue.c           0x00000000   Number         0  fepilogue.o ABSOLUTE
    ../fplib/microlib/fpfix.c                0x00000000   Number         0  ffixui.o ABSOLUTE
    ../fplib/microlib/fpflt.c                0x00000000   Number         0  fflti.o ABSOLUTE
    ..\..\library\src\stm32f10x_adc.c        0x00000000   Number         0  stm32f10x_adc.o ABSOLUTE
    ..\..\library\src\stm32f10x_bkp.c        0x00000000   Number         0  stm32f10x_bkp.o ABSOLUTE
    ..\..\library\src\stm32f10x_can.c        0x00000000   Number         0  stm32f10x_can.o ABSOLUTE
    ..\..\library\src\stm32f10x_crc.c        0x00000000   Number         0  stm32f10x_crc.o ABSOLUTE
    ..\..\library\src\stm32f10x_dac.c        0x00000000   Number         0  stm32f10x_dac.o ABSOLUTE
    ..\..\library\src\stm32f10x_dbgmcu.c     0x00000000   Number         0  stm32f10x_dbgmcu.o ABSOLUTE
    ..\..\library\src\stm32f10x_dma.c        0x00000000   Number         0  stm32f10x_dma.o ABSOLUTE
    ..\..\library\src\stm32f10x_exti.c       0x00000000   Number         0  stm32f10x_exti.o ABSOLUTE
    ..\..\library\src\stm32f10x_flash.c      0x00000000   Number         0  stm32f10x_flash.o ABSOLUTE
    ..\..\library\src\stm32f10x_fsmc.c       0x00000000   Number         0  stm32f10x_fsmc.o ABSOLUTE
    ..\..\library\src\stm32f10x_gpio.c       0x00000000   Number         0  stm32f10x_gpio.o ABSOLUTE
    ..\..\library\src\stm32f10x_i2c.c        0x00000000   Number         0  stm32f10x_i2c.o ABSOLUTE
    ..\..\library\src\stm32f10x_iwdg.c       0x00000000   Number         0  stm32f10x_iwdg.o ABSOLUTE
    ..\..\library\src\stm32f10x_lib.c        0x00000000   Number         0  stm32f10x_lib.o ABSOLUTE
    ..\..\library\src\stm32f10x_nvic.c       0x00000000   Number         0  stm32f10x_nvic.o ABSOLUTE
    ..\..\library\src\stm32f10x_pwr.c        0x00000000   Number         0  stm32f10x_pwr.o ABSOLUTE
    ..\..\library\src\stm32f10x_rcc.c        0x00000000   Number         0  stm32f10x_rcc.o ABSOLUTE
    ..\..\library\src\stm32f10x_rtc.c        0x00000000   Number         0  stm32f10x_rtc.o ABSOLUTE
    ..\..\library\src\stm32f10x_sdio.c       0x00000000   Number         0  stm32f10x_sdio.o ABSOLUTE
    ..\..\library\src\stm32f10x_spi.c        0x00000000   Number         0  stm32f10x_spi.o ABSOLUTE
    ..\..\library\src\stm32f10x_systick.c    0x00000000   Number         0  stm32f10x_systick.o ABSOLUTE
    ..\..\library\src\stm32f10x_tim.c        0x00000000   Number         0  stm32f10x_tim.o ABSOLUTE
    ..\..\library\src\stm32f10x_usart.c      0x00000000   Number         0  stm32f10x_usart.o ABSOLUTE
    ..\..\library\src\stm32f10x_wwdg.c       0x00000000   Number         0  stm32f10x_wwdg.o ABSOLUTE
    ..\LCD.c                                 0x00000000   Number         0  lcd.o ABSOLUTE
    ..\main.c                                0x00000000   Number         0  main.o ABSOLUTE
    ..\stm32f10x_it.c                        0x00000000   Number         0  stm32f10x_it.o ABSOLUTE
    TSLIIC_REV01.c                           0x00000000   Number         0  tsliic_rev01.o ABSOLUTE
    cortexm3_macro.s                         0x00000000   Number         0  cortexm3_macro.o ABSOLUTE
    dc.s                                     0x00000000   Number         0  dc.o ABSOLUTE
    demo\disp.c                              0x00000000   Number         0  disp.o ABSOLUTE
    handlers.s                               0x00000000   Number         0  handlers.o ABSOLUTE
    init.s                                   0x00000000   Number         0  init.o ABSOLUTE
    project\FAT.c                            0x00000000   Number         0  fat.o ABSOLUTE
    project\sdcard.c                         0x00000000   Number         0  sdcard.o ABSOLUTE
    stm32f10x_vector.s                       0x00000000   Number         0  stm32f10x_vector.o ABSOLUTE
    RESET                                    0x08000000   Section      304  stm32f10x_vector.o(RESET)
    .ARM.Collect$$$$00000000                 0x08000130   Section        0  entry.o(.ARM.Collect$$$$00000000)
    .ARM.Collect$$$$00000001                 0x08000130   Section        4  entry2.o(.ARM.Collect$$$$00000001)
    .ARM.Collect$$$$00000004                 0x08000134   Section        4  entry5.o(.ARM.Collect$$$$00000004)
    .ARM.Collect$$$$00000008                 0x08000138   Section        0  entry7b.o(.ARM.Collect$$$$00000008)
    .ARM.Collect$$$$0000000A                 0x08000138   Section        0  entry8b.o(.ARM.Collect$$$$0000000A)
    .ARM.Collect$$$$0000000B                 0x08000138   Section        8  entry9a.o(.ARM.Collect$$$$0000000B)
    .ARM.Collect$$$$0000000D                 0x08000140   Section        0  entry10a.o(.ARM.Collect$$$$0000000D)
    .ARM.Collect$$$$0000000F                 0x08000140   Section        0  entry11a.o(.ARM.Collect$$$$0000000F)
    .ARM.Collect$$$$00002712                 0x08000140   Section        4  entry2.o(.ARM.Collect$$$$00002712)
    __lit__00000000                          0x08000140   Data           4  entry2.o(.ARM.Collect$$$$00002712)
    .text                                    0x08000144   Section        0  stm32f10x_it.o(.text)
    .text                                    0x080001e4   Section        0  main.o(.text)
    .text                                    0x08001988   Section        0  lcd.o(.text)
    .text                                    0x0800463c   Section        0  stm32f10x_dma.o(.text)
    .text                                    0x0800487c   Section        0  stm32f10x_flash.o(.text)
    .text                                    0x080048c4   Section        0  stm32f10x_gpio.o(.text)
    .text                                    0x08004bf4   Section        0  stm32f10x_nvic.o(.text)
    .text                                    0x08004fcc   Section        0  stm32f10x_rcc.o(.text)
    .text                                    0x0800536c   Section        0  stm32f10x_sdio.o(.text)
    .text                                    0x08005534   Section        0  stm32f10x_systick.o(.text)
    .text                                    0x080055f8   Section        0  stm32f10x_usart.o(.text)
    .text                                    0x08005968   Section        8  stm32f10x_vector.o(.text)
    .text                                    0x08005970   Section      122  cortexm3_macro.o(.text)
    .text                                    0x080059ec   Section        0  sdcard.o(.text)
    CmdResp1Error                            0x08005ba1   Thumb Code   296  sdcard.o(.text)
    SDEnWideBus                              0x080061a7   Thumb Code   548  sdcard.o(.text)
    IsCardProgramming                        0x08006995   Thumb Code   364  sdcard.o(.text)
    .text                                    0x08007728   Section        0  fat.o(.text)
    .text                                    0x080092a8   Section        0  disp.o(.text)
    .text                                    0x08009574   Section        0  tsliic_rev01.o(.text)
    .text                                    0x08009c5c   Section        0  memcpya.o(.text)
    .text                                    0x08009c80   Section        0  memseta.o(.text)
    .text                                    0x08009ca4   Section        0  fflti.o(.text)
    .text                                    0x08009cb6   Section        0  ffixui.o(.text)
    .text                                    0x08009cde   Section        0  iusefp.o(.text)
    .text                                    0x08009cde   Section        0  fepilogue.o(.text)
    .text                                    0x08009d4c   Section       36  init.o(.text)
    .text                                    0x08009d70   Section        0  __dczerorl2.o(.text)
    i.__ARM_common_memset4_12                0x08009dc6   Section        0  fat.o(i.__ARM_common_memset4_12)
    i.__scatterload_copy                     0x08009dd8   Section       14  handlers.o(i.__scatterload_copy)
    i.__scatterload_null                     0x08009de6   Section        2  handlers.o(i.__scatterload_null)
    i.__scatterload_zeroinit                 0x08009de8   Section       14  handlers.o(i.__scatterload_zeroinit)
    i.free                                   0x08009df8   Section        0  malloc.o(i.free)
    i.malloc                                 0x08009e48   Section        0  malloc.o(i.malloc)
    .constdata                               0x08009eb4   Section     4560  lcd.o(.constdata)
    .constdata                               0x0800b084   Section       20  stm32f10x_rcc.o(.constdata)
    APBAHBPrescTable                         0x0800b084   Data          16  stm32f10x_rcc.o(.constdata)
    ADCPrescTable                            0x0800b094   Data           4  stm32f10x_rcc.o(.constdata)
    .data                                    0x20000000   Section       58  main.o(.data)
    TimingDelay                              0x20000008   Data           4  main.o(.data)
    .data                                    0x2000003a   Section     1366  lcd.o(.data)
    TextColor                                0x20000442   Data           2  lcd.o(.data)
    BackColor                                0x20000444   Data           2  lcd.o(.data)
    .data                                    0x20000590   Section       40  sdcard.o(.data)
    CardType                                 0x20000594   Data           4  sdcard.o(.data)
    RCA                                      0x20000598   Data           4  sdcard.o(.data)
    DeviceMode                               0x2000059c   Data           4  sdcard.o(.data)
    TotalNumberOfBytes                       0x200005a0   Data           4  sdcard.o(.data)
    StopCondition                            0x200005a4   Data           4  sdcard.o(.data)
    .data                                    0x200005b8   Section       36  fat.o(.data)
    .data                                    0x200005dc   Section        4  disp.o(.data)
    .data                                    0x200005e0   Section        4  tsliic_rev01.o(.data)
    .data                                    0x200005e4   Section        4  mvars.o(.data)
    .data                                    0x200005e8   Section        4  mvars.o(.data)
    .bss                                     0x200005ec   Section      270  main.o(.bss)
    .bss                                     0x200006fc   Section      600  lcd.o(.bss)
    .bss                                     0x20000980   Section      100  sdcard.o(.bss)
    CSD_Tab                                  0x20000980   Data          16  sdcard.o(.bss)
    CID_Tab                                  0x20000990   Data          16  sdcard.o(.bss)
    .bss                                     0x20000a00   Section     1171  fat.o(.bss)
    .bss                                     0x20000ec0   Section       32  disp.o(.bss)
    HEAP                                     0x20000ee0   Section     1024  stm32f10x_vector.o(HEAP)
    STACK                                    0x200012e0   Section     1024  stm32f10x_vector.o(STACK)

    Global Symbols

    Symbol Name                              Value     Ov Type        Size  Object(Section)

    BuildAttributes$$THM_ISAv4$P$D$K$B$S$PE$A:L22UL41UL21$X:L11$S22US41US21$IEEE1$IW$USESV6$~STKCKD$USESV7$~SHL$OTIME$ROPI$EBA8$MICROLIB$REQ8$PRES8$EABIv2 0x00000000   Number         0  anon$$obj.o ABSOLUTE
    __ARM_use_no_argv                        0x00000000   Number         0  main.o ABSOLUTE
    __cpp_initialize__aeabi_                  - Undefined Weak Reference
    __cxa_finalize                            - Undefined Weak Reference
    _clock_init                               - Undefined Weak Reference
    _microlib_exit                            - Undefined Weak Reference
    __Vectors                                0x08000000   Data           4  stm32f10x_vector.o(RESET)
    __main                                   0x08000131   Thumb Code     0  entry.o(.ARM.Collect$$$$00000000)
    _main_stk                                0x08000131   Thumb Code     0  entry2.o(.ARM.Collect$$$$00000001)
    _main_scatterload                        0x08000135   Thumb Code     0  entry5.o(.ARM.Collect$$$$00000004)
    __main_after_scatterload                 0x08000139   Thumb Code     0  entry5.o(.ARM.Collect$$$$00000004)
    _main_clock                              0x08000139   Thumb Code     0  entry7b.o(.ARM.Collect$$$$00000008)
    _main_cpp_init                           0x08000139   Thumb Code     0  entry8b.o(.ARM.Collect$$$$0000000A)
    _main_init                               0x08000139   Thumb Code     0  entry9a.o(.ARM.Collect$$$$0000000B)
    __rt_final_cpp                           0x08000141   Thumb Code     0  entry10a.o(.ARM.Collect$$$$0000000D)
    __rt_final_exit                          0x08000141   Thumb Code     0  entry11a.o(.ARM.Collect$$$$0000000F)
    NMIException                             0x08000145   Thumb Code     2  stm32f10x_it.o(.text)
    HardFaultException                       0x08000147   Thumb Code     4  stm32f10x_it.o(.text)
    MemManageException                       0x0800014b   Thumb Code     4  stm32f10x_it.o(.text)
    BusFaultException                        0x0800014f   Thumb Code     4  stm32f10x_it.o(.text)
    UsageFaultException                      0x08000153   Thumb Code     4  stm32f10x_it.o(.text)
    DebugMonitor                             0x08000157   Thumb Code     2  stm32f10x_it.o(.text)
    SVCHandler                               0x08000159   Thumb Code     2  stm32f10x_it.o(.text)
    PendSVC                                  0x0800015b   Thumb Code     2  stm32f10x_it.o(.text)
    SysTickHandler                           0x0800015d   Thumb Code     8  stm32f10x_it.o(.text)
    WWDG_IRQHandler                          0x08000165   Thumb Code     2  stm32f10x_it.o(.text)
    PVD_IRQHandler                           0x08000167   Thumb Code     2  stm32f10x_it.o(.text)
    TAMPER_IRQHandler                        0x08000169   Thumb Code     2  stm32f10x_it.o(.text)
    RTC_IRQHandler                           0x0800016b   Thumb Code     2  stm32f10x_it.o(.text)
    FLASH_IRQHandler                         0x0800016d   Thumb Code     2  stm32f10x_it.o(.text)
    RCC_IRQHandler                           0x0800016f   Thumb Code     2  stm32f10x_it.o(.text)
    EXTI0_IRQHandler                         0x08000171   Thumb Code     2  stm32f10x_it.o(.text)
    EXTI1_IRQHandler                         0x08000173   Thumb Code     2  stm32f10x_it.o(.text)
    EXTI2_IRQHandler                         0x08000175   Thumb Code     2  stm32f10x_it.o(.text)
    EXTI3_IRQHandler                         0x08000177   Thumb Code     2  stm32f10x_it.o(.text)
    EXTI4_IRQHandler                         0x08000179   Thumb Code     2  stm32f10x_it.o(.text)
    DMA1_Channel1_IRQHandler                 0x0800017b   Thumb Code     2  stm32f10x_it.o(.text)
    DMA1_Channel2_IRQHandler                 0x0800017d   Thumb Code     2  stm32f10x_it.o(.text)
    DMA1_Channel3_IRQHandler                 0x0800017f   Thumb Code     2  stm32f10x_it.o(.text)
    DMA1_Channel4_IRQHandler                 0x08000181   Thumb Code     2  stm32f10x_it.o(.text)
    DMA1_Channel5_IRQHandler                 0x08000183   Thumb Code     2  stm32f10x_it.o(.text)
    DMA1_Channel6_IRQHandler                 0x08000185   Thumb Code     2  stm32f10x_it.o(.text)
    DMA1_Channel7_IRQHandler                 0x08000187   Thumb Code     2  stm32f10x_it.o(.text)
    ADC1_2_IRQHandler                        0x08000189   Thumb Code     2  stm32f10x_it.o(.text)
    USB_HP_CAN_TX_IRQHandler                 0x0800018b   Thumb Code     2  stm32f10x_it.o(.text)
    USB_LP_CAN_RX0_IRQHandler                0x0800018d   Thumb Code     2  stm32f10x_it.o(.text)
    CAN_RX1_IRQHandler                       0x0800018f   Thumb Code     2  stm32f10x_it.o(.text)
    CAN_SCE_IRQHandler                       0x08000191   Thumb Code     2  stm32f10x_it.o(.text)
    EXTI9_5_IRQHandler                       0x08000193   Thumb Code     2  stm32f10x_it.o(.text)
    TIM1_BRK_IRQHandler                      0x08000195   Thumb Code     2  stm32f10x_it.o(.text)
    TIM1_UP_IRQHandler                       0x08000197   Thumb Code     2  stm32f10x_it.o(.text)
    TIM1_TRG_COM_IRQHandler                  0x08000199   Thumb Code     2  stm32f10x_it.o(.text)
    TIM1_CC_IRQHandler                       0x0800019b   Thumb Code     2  stm32f10x_it.o(.text)
    TIM2_IRQHandler                          0x0800019d   Thumb Code     2  stm32f10x_it.o(.text)
    TIM3_IRQHandler                          0x0800019f   Thumb Code     2  stm32f10x_it.o(.text)
    TIM4_IRQHandler                          0x080001a1   Thumb Code     2  stm32f10x_it.o(.text)
    I2C1_EV_IRQHandler                       0x080001a3   Thumb Code     2  stm32f10x_it.o(.text)
    I2C1_ER_IRQHandler                       0x080001a5   Thumb Code     2  stm32f10x_it.o(.text)
    I2C2_EV_IRQHandler                       0x080001a7   Thumb Code     2  stm32f10x_it.o(.text)
    I2C2_ER_IRQHandler                       0x080001a9   Thumb Code     2  stm32f10x_it.o(.text)
    SPI1_IRQHandler                          0x080001ab   Thumb Code     2  stm32f10x_it.o(.text)
    SPI2_IRQHandler                          0x080001ad   Thumb Code     2  stm32f10x_it.o(.text)
    USART1_IRQHandler                        0x080001af   Thumb Code     2  stm32f10x_it.o(.text)
    USART2_IRQHandler                        0x080001b1   Thumb Code     2  stm32f10x_it.o(.text)
    USART3_IRQHandler                        0x080001b3   Thumb Code     2  stm32f10x_it.o(.text)
    EXTI15_10_IRQHandler                     0x080001b5   Thumb Code     2  stm32f10x_it.o(.text)
    RTCAlarm_IRQHandler                      0x080001b7   Thumb Code     2  stm32f10x_it.o(.text)
    USBWakeUp_IRQHandler                     0x080001b9   Thumb Code     2  stm32f10x_it.o(.text)
    TIM8_BRK_IRQHandler                      0x080001bb   Thumb Code     2  stm32f10x_it.o(.text)
    TIM8_UP_IRQHandler                       0x080001bd   Thumb Code     2  stm32f10x_it.o(.text)
    TIM8_TRG_COM_IRQHandler                  0x080001bf   Thumb Code     2  stm32f10x_it.o(.text)
    TIM8_CC_IRQHandler                       0x080001c1   Thumb Code     2  stm32f10x_it.o(.text)
    ADC3_IRQHandler                          0x080001c3   Thumb Code     2  stm32f10x_it.o(.text)
    FSMC_IRQHandler                          0x080001c5   Thumb Code     2  stm32f10x_it.o(.text)
    SDIO_IRQHandler                          0x080001c7   Thumb Code     8  stm32f10x_it.o(.text)
    TIM5_IRQHandler                          0x080001cf   Thumb Code     2  stm32f10x_it.o(.text)
    SPI3_IRQHandler                          0x080001d1   Thumb Code     2  stm32f10x_it.o(.text)
    UART4_IRQHandler                         0x080001d3   Thumb Code     2  stm32f10x_it.o(.text)
    UART5_IRQHandler                         0x080001d5   Thumb Code     2  stm32f10x_it.o(.text)
    TIM6_IRQHandler                          0x080001d7   Thumb Code     2  stm32f10x_it.o(.text)
    TIM7_IRQHandler                          0x080001d9   Thumb Code     2  stm32f10x_it.o(.text)
    DMA2_Channel1_IRQHandler                 0x080001db   Thumb Code     2  stm32f10x_it.o(.text)
    DMA2_Channel2_IRQHandler                 0x080001dd   Thumb Code     2  stm32f10x_it.o(.text)
    DMA2_Channel3_IRQHandler                 0x080001df   Thumb Code     2  stm32f10x_it.o(.text)
    DMA2_Channel4_5_IRQHandler               0x080001e1   Thumb Code     2  stm32f10x_it.o(.text)
    Delay                                    0x080001e5   Thumb Code    36  main.o(.text)
    DelayKEY                                 0x08000209   Thumb Code    70  main.o(.text)
    SD_InitAndConfig                         0x0800024f   Thumb Code    96  main.o(.text)
    KEYGPIO_Init                             0x080002af   Thumb Code    52  main.o(.text)
    SysTick_Config                           0x080002e3   Thumb Code    28  main.o(.text)
    NVIC_Configuration                       0x080002ff   Thumb Code    80  main.o(.text)
    RCC_Configuration                        0x0800034f   Thumb Code   120  main.o(.text)
    main                                     0x080003c7   Thumb Code   388  main.o(.text)
    SHOW_IC_VALUE_A                          0x0800054b   Thumb Code    88  main.o(.text)
    check_power                              0x080005a3   Thumb Code   312  main.o(.text)
    cycle_OTP                                0x080006db   Thumb Code    74  main.o(.text)
    initial_OTP                              0x08000725   Thumb Code   514  main.o(.text)
    MTP_ID                                   0x08000927   Thumb Code   258  main.o(.text)
    KEY_adjust                               0x08000a29   Thumb Code   324  main.o(.text)
    OTP_ERROR                                0x08000b6d   Thumb Code    58  main.o(.text)
    OTP_NO                                   0x08000ba7   Thumb Code    64  main.o(.text)
    SHOW_value                               0x08000be7   Thumb Code   108  main.o(.text)
    READ_SSD2825                             0x08000c53   Thumb Code   138  main.o(.text)
    SDPicShow                                0x08000cdd   Thumb Code    72  main.o(.text)
    SHOW_IC_VALUE                            0x08000d25   Thumb Code   182  main.o(.text)
    ID_CHECK                                 0x08000ddb   Thumb Code   402  main.o(.text)
    ID_CHECK_A                               0x08000f6d   Thumb Code   158  main.o(.text)
    showid_vcom                              0x0800100b   Thumb Code   280  main.o(.text)
    showid_vcom_A                            0x08001123   Thumb Code    98  main.o(.text)
    InterruptConfig                          0x08001185   Thumb Code    22  main.o(.text)
    MDelay                                   0x0800119b   Thumb Code    30  main.o(.text)
    Decrement_TimingDelay                    0x080011b9   Thumb Code    18  main.o(.text)
    USART_Configuration                      0x080011cb   Thumb Code    86  main.o(.text)
    USART1GPIO_Configuration                 0x08001221   Thumb Code    58  main.o(.text)
    SENSOR_Check                             0x0800125b   Thumb Code    78  main.o(.text)
    I2C_MEMSURE1                             0x080012a9   Thumb Code   498  main.o(.text)
    I2C_MEMSURE                              0x0800149b   Thumb Code   128  main.o(.text)
    I2C_DATAL_COMPARE                        0x0800151b   Thumb Code    54  main.o(.text)
    I2C_DATAL_COMPAREX                       0x08001551   Thumb Code    84  main.o(.text)
    MTP                                      0x080015a5   Thumb Code   650  main.o(.text)
    VCOM_GET                                 0x0800182f   Thumb Code   288  main.o(.text)
    SSD1963Data_8                            0x08001989   Thumb Code    70  lcd.o(.text)
    SSD1963Command_8                         0x080019cf   Thumb Code    70  lcd.o(.text)
    LCDSPI_InitDAT                           0x08001a15   Thumb Code   134  lcd.o(.text)
    LCDSPI_InitCMD                           0x08001a9b   Thumb Code   134  lcd.o(.text)
    LCD2353INITTION                          0x08001b21   Thumb Code   312  lcd.o(.text)
    LCD_CtrlLinesConfig                      0x08001c59   Thumb Code   118  lcd.o(.text)
    STM32_SSD1963_Init                       0x08001ccf   Thumb Code   732  lcd.o(.text)
    SSD1963GPIOOUTDATA_16                    0x08001fab   Thumb Code   292  lcd.o(.text)
    SSD1963GPIOOUTCOM                        0x080020cf   Thumb Code   164  lcd.o(.text)
    VIDEO_ON                                 0x08002173   Thumb Code    24  lcd.o(.text)
    SSD1963GPIOOUTDATA_18                    0x0800218b   Thumb Code   172  lcd.o(.text)
    MIPI_Protocol_Write                      0x08002237   Thumb Code    60  lcd.o(.text)
    MIPI_SPI_Write                           0x08002273   Thumb Code    62  lcd.o(.text)
    INITIALOTM8018B_QC                       0x080022b1   Thumb Code   126  lcd.o(.text)
    ENTER_LP_mode                            0x0800232f   Thumb Code    24  lcd.o(.text)
    SPISDASetOutput                          0x08002347   Thumb Code    30  lcd.o(.text)
    SPISDASetInput                           0x08002365   Thumb Code    24  lcd.o(.text)
    SSD2825_READ                             0x0800237d   Thumb Code   450  lcd.o(.text)
    SSD1963INITSSD2825                       0x0800253f   Thumb Code   430  lcd.o(.text)
    STM32_SSD1963_Init_QC                    0x080026ed   Thumb Code   708  lcd.o(.text)
    SSD1963Data_8tt                          0x080029b1   Thumb Code    30  lcd.o(.text)
    SSD1963toSSD2825DATA_8BIT                0x080029cf   Thumb Code   214  lcd.o(.text)
    SSD1963GPIOOUTDATA_8                     0x08002aa5   Thumb Code   286  lcd.o(.text)
    SSD2825_READ_CONTINUE                    0x08002bc3   Thumb Code   310  lcd.o(.text)
    ENTER_READ_mode                          0x08002cf9   Thumb Code    18  lcd.o(.text)
    ENTER_hs_mode                            0x08002d0b   Thumb Code    18  lcd.o(.text)
    TC358768_DCS_write_1A_0P                 0x08002d1d   Thumb Code    80  lcd.o(.text)
    READ_IC                                  0x08002d6d   Thumb Code   140  lcd.o(.text)
    READ_IC_BACKNUM                          0x08002df9   Thumb Code   170  lcd.o(.text)
    READ_IC_A                                0x08002ea3   Thumb Code   152  lcd.o(.text)
    READ_VCOM_OTP_TIMES_HX8369               0x08002f3b   Thumb Code   146  lcd.o(.text)
    INITIALOTM8018B                          0x08002fcd   Thumb Code   570  lcd.o(.text)
    SEND_MIPI_DATA                           0x08003207   Thumb Code    54  lcd.o(.text)
    HX8369_cmd_4                             0x0800323d   Thumb Code    58  lcd.o(.text)
    SSD2825_CLAN043LL_SC7789_A               0x08003277   Thumb Code   212  lcd.o(.text)
    SSD2825INITIAL_HX8369B                   0x0800334b   Thumb Code  2342  lcd.o(.text)
    enter_sleep_mode                         0x08003c71   Thumb Code   308  lcd.o(.text)
    exit_sleep_mode                          0x08003da5   Thumb Code     8  lcd.o(.text)
    Soft_reset                               0x08003dad   Thumb Code    70  lcd.o(.text)
    Forward_scan                             0x08003df3   Thumb Code    12  lcd.o(.text)
    Backward_scan                            0x08003dff   Thumb Code    12  lcd.o(.text)
    LCD_SetDisplayWindow                     0x08003e0b   Thumb Code   100  lcd.o(.text)
    LCD_WriteRAM_Prepare                     0x08003e6f   Thumb Code    10  lcd.o(.text)
    LCD_DrawPoint                            0x08003e79   Thumb Code    58  lcd.o(.text)
    LCD_WriteArea                            0x08003eb3   Thumb Code   134  lcd.o(.text)
    Flicker_sub_pixel                        0x08003f39   Thumb Code   118  lcd.o(.text)
    Flicker_PIXEL                            0x08003faf   Thumb Code   118  lcd.o(.text)
    Flicker_COLUMN                           0x08004025   Thumb Code    98  lcd.o(.text)
    RGB_color                                0x08004087   Thumb Code   240  lcd.o(.text)
    CT                                       0x08004177   Thumb Code   138  lcd.o(.text)
    All_Color                                0x08004201   Thumb Code   106  lcd.o(.text)
    LCD_Clear                                0x0800426b   Thumb Code    14  lcd.o(.text)
    LCD_WriteBMP                             0x08004279   Thumb Code   110  lcd.o(.text)
    LCD_PutChar                              0x080042e7   Thumb Code   134  lcd.o(.text)
    LCD_DisplayStringLine                    0x0800436d   Thumb Code    58  lcd.o(.text)
    LCD_PutChar_A                            0x080043a7   Thumb Code   226  lcd.o(.text)
    LCD_DisplayStringLine_A                  0x08004489   Thumb Code    94  lcd.o(.text)
    LCD_PutChar1                             0x080044e7   Thumb Code   228  lcd.o(.text)
    LCD_DisplayChinese                       0x080045cb   Thumb Code   114  lcd.o(.text)
    DMA_DeInit                               0x0800463d   Thumb Code   306  stm32f10x_dma.o(.text)
    DMA_Init                                 0x0800476f   Thumb Code    60  stm32f10x_dma.o(.text)
    DMA_StructInit                           0x080047ab   Thumb Code    26  stm32f10x_dma.o(.text)
    DMA_Cmd                                  0x080047c5   Thumb Code    22  stm32f10x_dma.o(.text)
    DMA_ITConfig                             0x080047db   Thumb Code    18  stm32f10x_dma.o(.text)
    DMA_GetCurrDataCounter                   0x080047ed   Thumb Code     8  stm32f10x_dma.o(.text)
    DMA_GetFlagStatus                        0x080047f5   Thumb Code    40  stm32f10x_dma.o(.text)
    DMA_ClearFlag                            0x0800481d   Thumb Code    20  stm32f10x_dma.o(.text)
    DMA_GetITStatus                          0x08004831   Thumb Code    40  stm32f10x_dma.o(.text)
    DMA_ClearITPendingBit                    0x08004859   Thumb Code    20  stm32f10x_dma.o(.text)
    FLASH_SetLatency                         0x0800487d   Thumb Code    22  stm32f10x_flash.o(.text)
    FLASH_HalfCycleAccessCmd                 0x08004893   Thumb Code    22  stm32f10x_flash.o(.text)
    FLASH_PrefetchBufferCmd                  0x080048a9   Thumb Code    22  stm32f10x_flash.o(.text)
    GPIO_DeInit                              0x080048c5   Thumb Code   188  stm32f10x_gpio.o(.text)
    GPIO_AFIODeInit                          0x08004981   Thumb Code    20  stm32f10x_gpio.o(.text)
    GPIO_Init                                0x08004995   Thumb Code   278  stm32f10x_gpio.o(.text)
    GPIO_StructInit                          0x08004aab   Thumb Code    16  stm32f10x_gpio.o(.text)
    GPIO_ReadInputDataBit                    0x08004abb   Thumb Code    18  stm32f10x_gpio.o(.text)
    GPIO_ReadInputData                       0x08004acd   Thumb Code     8  stm32f10x_gpio.o(.text)
    GPIO_ReadOutputDataBit                   0x08004ad5   Thumb Code    18  stm32f10x_gpio.o(.text)
    GPIO_ReadOutputData                      0x08004ae7   Thumb Code     8  stm32f10x_gpio.o(.text)
    GPIO_SetBits                             0x08004aef   Thumb Code     4  stm32f10x_gpio.o(.text)
    GPIO_ResetBits                           0x08004af3   Thumb Code     4  stm32f10x_gpio.o(.text)
    GPIO_WriteBit                            0x08004af7   Thumb Code    10  stm32f10x_gpio.o(.text)
    GPIO_Write                               0x08004b01   Thumb Code     4  stm32f10x_gpio.o(.text)
    GPIO_PinLockConfig                       0x08004b05   Thumb Code    18  stm32f10x_gpio.o(.text)
    GPIO_EventOutputConfig                   0x08004b17   Thumb Code    26  stm32f10x_gpio.o(.text)
    GPIO_EventOutputCmd                      0x08004b31   Thumb Code     6  stm32f10x_gpio.o(.text)
    GPIO_PinRemapConfig                      0x08004b37   Thumb Code   106  stm32f10x_gpio.o(.text)
    GPIO_EXTILineConfig                      0x08004ba1   Thumb Code    66  stm32f10x_gpio.o(.text)
    NVIC_DeInit                              0x08004bf5   Thumb Code    54  stm32f10x_nvic.o(.text)
    NVIC_SCBDeInit                           0x08004c2b   Thumb Code    76  stm32f10x_nvic.o(.text)
    NVIC_PriorityGroupConfig                 0x08004c77   Thumb Code    12  stm32f10x_nvic.o(.text)
    NVIC_Init                                0x08004c83   Thumb Code   152  stm32f10x_nvic.o(.text)
    NVIC_StructInit                          0x08004d1b   Thumb Code    12  stm32f10x_nvic.o(.text)
    NVIC_SETPRIMASK                          0x08004d27   Thumb Code     8  stm32f10x_nvic.o(.text)
    NVIC_RESETPRIMASK                        0x08004d2f   Thumb Code     8  stm32f10x_nvic.o(.text)
    NVIC_SETFAULTMASK                        0x08004d37   Thumb Code     8  stm32f10x_nvic.o(.text)
    NVIC_RESETFAULTMASK                      0x08004d3f   Thumb Code     8  stm32f10x_nvic.o(.text)
    NVIC_BASEPRICONFIG                       0x08004d47   Thumb Code    12  stm32f10x_nvic.o(.text)
    NVIC_GetBASEPRI                          0x08004d53   Thumb Code     8  stm32f10x_nvic.o(.text)
    NVIC_GetCurrentPendingIRQChannel         0x08004d5b   Thumb Code    10  stm32f10x_nvic.o(.text)
    NVIC_GetIRQChannelPendingBitStatus       0x08004d65   Thumb Code    42  stm32f10x_nvic.o(.text)
    NVIC_SetIRQChannelPendingBit             0x08004d8f   Thumb Code     6  stm32f10x_nvic.o(.text)
    NVIC_ClearIRQChannelPendingBit           0x08004d95   Thumb Code    20  stm32f10x_nvic.o(.text)
    NVIC_GetCurrentActiveHandler             0x08004da9   Thumb Code    10  stm32f10x_nvic.o(.text)
    NVIC_GetIRQChannelActiveBitStatus        0x08004db3   Thumb Code    42  stm32f10x_nvic.o(.text)
    NVIC_GetCPUID                            0x08004ddd   Thumb Code     8  stm32f10x_nvic.o(.text)
    NVIC_SetVectorTable                      0x08004de5   Thumb Code    14  stm32f10x_nvic.o(.text)
    NVIC_GenerateSystemReset                 0x08004df3   Thumb Code    12  stm32f10x_nvic.o(.text)
    NVIC_GenerateCoreReset                   0x08004dff   Thumb Code    12  stm32f10x_nvic.o(.text)
    NVIC_SystemLPConfig                      0x08004e0b   Thumb Code    34  stm32f10x_nvic.o(.text)
    NVIC_SystemHandlerConfig                 0x08004e2d   Thumb Code    48  stm32f10x_nvic.o(.text)
    NVIC_SystemHandlerPriorityConfig         0x08004e5d   Thumb Code   110  stm32f10x_nvic.o(.text)
    NVIC_GetSystemHandlerPendingBitStatus    0x08004ecb   Thumb Code    44  stm32f10x_nvic.o(.text)
    NVIC_SetSystemHandlerPendingBit          0x08004ef7   Thumb Code    22  stm32f10x_nvic.o(.text)
    NVIC_ClearSystemHandlerPendingBit        0x08004f0d   Thumb Code    26  stm32f10x_nvic.o(.text)
    NVIC_GetSystemHandlerActiveBitStatus     0x08004f27   Thumb Code    42  stm32f10x_nvic.o(.text)
    NVIC_GetFaultHandlerSources              0x08004f51   Thumb Code    66  stm32f10x_nvic.o(.text)
    NVIC_GetFaultAddress                     0x08004f93   Thumb Code    28  stm32f10x_nvic.o(.text)
    RCC_DeInit                               0x08004fcd   Thumb Code    62  stm32f10x_rcc.o(.text)
    RCC_HSEConfig                            0x0800500b   Thumb Code    70  stm32f10x_rcc.o(.text)
    RCC_GetFlagStatus                        0x08005051   Thumb Code    56  stm32f10x_rcc.o(.text)
    RCC_WaitForHSEStartUp                    0x08005089   Thumb Code    54  stm32f10x_rcc.o(.text)
    RCC_AdjustHSICalibrationValue            0x080050bf   Thumb Code    20  stm32f10x_rcc.o(.text)
    RCC_HSICmd                               0x080050d3   Thumb Code     6  stm32f10x_rcc.o(.text)
    RCC_PLLConfig                            0x080050d9   Thumb Code    24  stm32f10x_rcc.o(.text)
    RCC_PLLCmd                               0x080050f1   Thumb Code     6  stm32f10x_rcc.o(.text)
    RCC_SYSCLKConfig                         0x080050f7   Thumb Code    18  stm32f10x_rcc.o(.text)
    RCC_GetSYSCLKSource                      0x08005109   Thumb Code    10  stm32f10x_rcc.o(.text)
    RCC_HCLKConfig                           0x08005113   Thumb Code    18  stm32f10x_rcc.o(.text)
    RCC_PCLK1Config                          0x08005125   Thumb Code    18  stm32f10x_rcc.o(.text)
    RCC_PCLK2Config                          0x08005137   Thumb Code    20  stm32f10x_rcc.o(.text)
    RCC_ITConfig                             0x0800514b   Thumb Code    26  stm32f10x_rcc.o(.text)
    RCC_USBCLKConfig                         0x08005165   Thumb Code     8  stm32f10x_rcc.o(.text)
    RCC_ADCCLKConfig                         0x0800516d   Thumb Code    18  stm32f10x_rcc.o(.text)
    RCC_LSEConfig                            0x0800517f   Thumb Code    50  stm32f10x_rcc.o(.text)
    RCC_LSICmd                               0x080051b1   Thumb Code     6  stm32f10x_rcc.o(.text)
    RCC_RTCCLKConfig                         0x080051b7   Thumb Code    12  stm32f10x_rcc.o(.text)
    RCC_RTCCLKCmd                            0x080051c3   Thumb Code     8  stm32f10x_rcc.o(.text)
    RCC_GetClocksFreq                        0x080051cb   Thumb Code   192  stm32f10x_rcc.o(.text)
    RCC_AHBPeriphClockCmd                    0x0800528b   Thumb Code    26  stm32f10x_rcc.o(.text)
    RCC_APB2PeriphClockCmd                   0x080052a5   Thumb Code    26  stm32f10x_rcc.o(.text)
    RCC_APB1PeriphClockCmd                   0x080052bf   Thumb Code    26  stm32f10x_rcc.o(.text)
    RCC_APB2PeriphResetCmd                   0x080052d9   Thumb Code    26  stm32f10x_rcc.o(.text)
    RCC_APB1PeriphResetCmd                   0x080052f3   Thumb Code    26  stm32f10x_rcc.o(.text)
    RCC_BackupResetCmd                       0x0800530d   Thumb Code     8  stm32f10x_rcc.o(.text)
    RCC_ClockSecuritySystemCmd               0x08005315   Thumb Code     6  stm32f10x_rcc.o(.text)
    RCC_MCOConfig                            0x0800531b   Thumb Code     6  stm32f10x_rcc.o(.text)
    RCC_ClearFlag                            0x08005321   Thumb Code    14  stm32f10x_rcc.o(.text)
    RCC_GetITStatus                          0x0800532f   Thumb Code    20  stm32f10x_rcc.o(.text)
    RCC_ClearITPendingBit                    0x08005343   Thumb Code     6  stm32f10x_rcc.o(.text)
    SDIO_DeInit                              0x0800536d   Thumb Code    28  stm32f10x_sdio.o(.text)
    SDIO_Init                                0x08005389   Thumb Code    42  stm32f10x_sdio.o(.text)
    SDIO_StructInit                          0x080053b3   Thumb Code    16  stm32f10x_sdio.o(.text)
    SDIO_ClockCmd                            0x080053c3   Thumb Code     6  stm32f10x_sdio.o(.text)
    SDIO_SetPowerState                       0x080053c9   Thumb Code    22  stm32f10x_sdio.o(.text)
    SDIO_GetPowerState                       0x080053df   Thumb Code    10  stm32f10x_sdio.o(.text)
    SDIO_ITConfig                            0x080053e9   Thumb Code    26  stm32f10x_sdio.o(.text)
    SDIO_DMACmd                              0x08005403   Thumb Code     6  stm32f10x_sdio.o(.text)
    SDIO_SendCommand                         0x08005409   Thumb Code    38  stm32f10x_sdio.o(.text)
    SDIO_CmdStructInit                       0x0800542f   Thumb Code    14  stm32f10x_sdio.o(.text)
    SDIO_GetCommandResponse                  0x0800543d   Thumb Code     8  stm32f10x_sdio.o(.text)
    SDIO_GetResponse                         0x08005445   Thumb Code    10  stm32f10x_sdio.o(.text)
    SDIO_DataConfig                          0x0800544f   Thumb Code    42  stm32f10x_sdio.o(.text)
    SDIO_DataStructInit                      0x08005479   Thumb Code    20  stm32f10x_sdio.o(.text)
    SDIO_GetDataCounter                      0x0800548d   Thumb Code     6  stm32f10x_sdio.o(.text)
    SDIO_ReadData                            0x08005493   Thumb Code     8  stm32f10x_sdio.o(.text)
    SDIO_WriteData                           0x0800549b   Thumb Code     8  stm32f10x_sdio.o(.text)
    SDIO_GetFIFOCount                        0x080054a3   Thumb Code     6  stm32f10x_sdio.o(.text)
    SDIO_StartSDIOReadWait                   0x080054a9   Thumb Code     8  stm32f10x_sdio.o(.text)
    SDIO_StopSDIOReadWait                    0x080054b1   Thumb Code     8  stm32f10x_sdio.o(.text)
    SDIO_SetSDIOReadWaitMode                 0x080054b9   Thumb Code     8  stm32f10x_sdio.o(.text)
    SDIO_SetSDIOOperation                    0x080054c1   Thumb Code     8  stm32f10x_sdio.o(.text)
    SDIO_SendSDIOSuspendCmd                  0x080054c9   Thumb Code     6  stm32f10x_sdio.o(.text)
    SDIO_CommandCompletionCmd                0x080054cf   Thumb Code     8  stm32f10x_sdio.o(.text)
    SDIO_CEATAITCmd                          0x080054d7   Thumb Code    12  stm32f10x_sdio.o(.text)
    SDIO_SendCEATACmd                        0x080054e3   Thumb Code     8  stm32f10x_sdio.o(.text)
    SDIO_GetFlagStatus                       0x080054eb   Thumb Code    20  stm32f10x_sdio.o(.text)
    SDIO_ClearFlag                           0x080054ff   Thumb Code     6  stm32f10x_sdio.o(.text)
    SDIO_GetITStatus                         0x08005505   Thumb Code    20  stm32f10x_sdio.o(.text)
    SDIO_ClearITPendingBit                   0x08005519   Thumb Code     6  stm32f10x_sdio.o(.text)
    SysTick_CLKSourceConfig                  0x08005535   Thumb Code    40  stm32f10x_systick.o(.text)
    SysTick_SetReload                        0x0800555d   Thumb Code     8  stm32f10x_systick.o(.text)
    SysTick_CounterCmd                       0x08005565   Thumb Code    54  stm32f10x_systick.o(.text)
    SysTick_ITConfig                         0x0800559b   Thumb Code    38  stm32f10x_systick.o(.text)
    SysTick_GetCounter                       0x080055c1   Thumb Code     8  stm32f10x_systick.o(.text)
    SysTick_GetFlagStatus                    0x080055c9   Thumb Code    46  stm32f10x_systick.o(.text)
    USART_DeInit                             0x080055f9   Thumb Code   146  stm32f10x_usart.o(.text)
    USART_Init                               0x0800568b   Thumb Code   150  stm32f10x_usart.o(.text)
    USART_StructInit                         0x08005721   Thumb Code    24  stm32f10x_usart.o(.text)
    USART_ClockInit                          0x08005739   Thumb Code    34  stm32f10x_usart.o(.text)
    USART_ClockStructInit                    0x0800575b   Thumb Code    12  stm32f10x_usart.o(.text)
    USART_Cmd                                0x08005767   Thumb Code    24  stm32f10x_usart.o(.text)
    USART_ITConfig                           0x0800577f   Thumb Code    64  stm32f10x_usart.o(.text)
    USART_DMACmd                             0x080057bf   Thumb Code    18  stm32f10x_usart.o(.text)
    USART_SetAddress                         0x080057d1   Thumb Code    18  stm32f10x_usart.o(.text)
    USART_WakeUpConfig                       0x080057e3   Thumb Code    18  stm32f10x_usart.o(.text)
    USART_ReceiverWakeUpCmd                  0x080057f5   Thumb Code    24  stm32f10x_usart.o(.text)
    USART_LINBreakDetectLengthConfig         0x0800580d   Thumb Code    18  stm32f10x_usart.o(.text)
    USART_LINCmd                             0x0800581f   Thumb Code    24  stm32f10x_usart.o(.text)
    USART_SendData                           0x08005837   Thumb Code     8  stm32f10x_usart.o(.text)
    USART_ReceiveData                        0x0800583f   Thumb Code    10  stm32f10x_usart.o(.text)
    USART_SendBreak                          0x08005849   Thumb Code    10  stm32f10x_usart.o(.text)
    USART_SetGuardTime                       0x08005853   Thumb Code    16  stm32f10x_usart.o(.text)
    USART_SetPrescaler                       0x08005863   Thumb Code    16  stm32f10x_usart.o(.text)
    USART_SmartCardCmd                       0x08005873   Thumb Code    24  stm32f10x_usart.o(.text)
    USART_SmartCardNACKCmd                   0x0800588b   Thumb Code    24  stm32f10x_usart.o(.text)
    USART_HalfDuplexCmd                      0x080058a3   Thumb Code    24  stm32f10x_usart.o(.text)
    USART_IrDAConfig                         0x080058bb   Thumb Code    18  stm32f10x_usart.o(.text)
    USART_IrDACmd                            0x080058cd   Thumb Code    24  stm32f10x_usart.o(.text)
    USART_GetFlagStatus                      0x080058e5   Thumb Code    18  stm32f10x_usart.o(.text)
    USART_ClearFlag                          0x080058f7   Thumb Code     6  stm32f10x_usart.o(.text)
    USART_GetITStatus                        0x080058fd   Thumb Code    76  stm32f10x_usart.o(.text)
    USART_ClearITPendingBit                  0x08005949   Thumb Code    20  stm32f10x_usart.o(.text)
    Reset_Handler                            0x08005969   Thumb Code     4  stm32f10x_vector.o(.text)
    __WFI                                    0x08005971   Thumb Code     0  cortexm3_macro.o(.text)
    __WFE                                    0x08005975   Thumb Code     0  cortexm3_macro.o(.text)
    __SEV                                    0x08005979   Thumb Code     0  cortexm3_macro.o(.text)
    __ISB                                    0x0800597d   Thumb Code     0  cortexm3_macro.o(.text)
    __DSB                                    0x08005983   Thumb Code     0  cortexm3_macro.o(.text)
    __DMB                                    0x08005989   Thumb Code     0  cortexm3_macro.o(.text)
    __SVC                                    0x0800598f   Thumb Code     0  cortexm3_macro.o(.text)
    __MRS_CONTROL                            0x08005993   Thumb Code     0  cortexm3_macro.o(.text)
    __MSR_CONTROL                            0x08005999   Thumb Code     0  cortexm3_macro.o(.text)
    __MRS_PSP                                0x080059a3   Thumb Code     0  cortexm3_macro.o(.text)
    __MSR_PSP                                0x080059a9   Thumb Code     0  cortexm3_macro.o(.text)
    __MRS_MSP                                0x080059af   Thumb Code     0  cortexm3_macro.o(.text)
    __MSR_MSP                                0x080059b5   Thumb Code     0  cortexm3_macro.o(.text)
    __RESETPRIMASK                           0x080059bb   Thumb Code     0  cortexm3_macro.o(.text)
    __SETPRIMASK                             0x080059bf   Thumb Code     0  cortexm3_macro.o(.text)
    __READ_PRIMASK                           0x080059c3   Thumb Code     0  cortexm3_macro.o(.text)
    __SETFAULTMASK                           0x080059c9   Thumb Code     0  cortexm3_macro.o(.text)
    __RESETFAULTMASK                         0x080059cd   Thumb Code     0  cortexm3_macro.o(.text)
    __READ_FAULTMASK                         0x080059d1   Thumb Code     0  cortexm3_macro.o(.text)
    __BASEPRICONFIG                          0x080059d7   Thumb Code     0  cortexm3_macro.o(.text)
    __GetBASEPRI                             0x080059dd   Thumb Code     0  cortexm3_macro.o(.text)
    __REV_HalfWord                           0x080059e3   Thumb Code     0  cortexm3_macro.o(.text)
    __REV_Word                               0x080059e7   Thumb Code     0  cortexm3_macro.o(.text)
    SD_InitializeCards                       0x080059ed   Thumb Code   436  sdcard.o(.text)
    SD_PowerON                               0x08005cc9   Thumb Code   484  sdcard.o(.text)
    SD_Init                                  0x08005ead   Thumb Code   122  sdcard.o(.text)
    SD_PowerOFF                              0x08005f27   Thumb Code    14  sdcard.o(.text)
    SD_GetCardInfo                           0x08005f35   Thumb Code   626  sdcard.o(.text)
    SD_EnableWideBusOperation                0x080063cb   Thumb Code   124  sdcard.o(.text)
    SD_SetDeviceMode                         0x08006447   Thumb Code    28  sdcard.o(.text)
    SD_SelectDeselect                        0x08006463   Thumb Code    40  sdcard.o(.text)
    SD_ReadBlock                             0x0800648b   Thumb Code   612  sdcard.o(.text)
    SD_ReadMultiBlocks                       0x080066ef   Thumb Code   678  sdcard.o(.text)
    SD_WriteBlock                            0x08006b01   Thumb Code   868  sdcard.o(.text)
    SD_WriteMultiBlocks                      0x08006e65   Thumb Code   988  sdcard.o(.text)
    SD_GetTransferState                      0x08007241   Thumb Code    14  sdcard.o(.text)
    SD_StopTransfer                          0x0800724f   Thumb Code    36  sdcard.o(.text)
    SD_Erase                                 0x08007273   Thumb Code   294  sdcard.o(.text)
    SD_SendStatus                            0x08007399   Thumb Code    72  sdcard.o(.text)
    SD_SendSDStatus                          0x080073e1   Thumb Code   370  sdcard.o(.text)
    SD_ProcessIRQSrc                         0x08007553   Thumb Code   450  sdcard.o(.text)
    FAT_Init                                 0x08007729   Thumb Code   190  fat.o(.text)
    FAT_LoadPartCluster                      0x080077e7   Thumb Code    36  fat.o(.text)
    FAT_NextCluster                          0x0800780b   Thumb Code    78  fat.o(.text)
    FAT_FindFreeCluster                      0x08007859   Thumb Code   146  fat.o(.text)
    FAT_FindFreeItem                         0x080078eb   Thumb Code   414  fat.o(.text)
    FAT_FindItem                             0x08007a89   Thumb Code   526  fat.o(.text)
    FAT_SelectOneItem                        0x08007c97   Thumb Code   440  fat.o(.text)
    FAT_ModifyFAT                            0x08007e4f   Thumb Code   146  fat.o(.text)
    FAT_MkDir                                0x08007ee1   Thumb Code   724  fat.o(.text)
    FAT_DelItem                              0x080081b5   Thumb Code   338  fat.o(.text)
    FAT_OpenDir                              0x08008307   Thumb Code   232  fat.o(.text)
    FAT_RmDir                                0x080083ef   Thumb Code    24  fat.o(.text)
    FAT_Create                               0x08008407   Thumb Code   490  fat.o(.text)
    FAT_Open                                 0x080085f1   Thumb Code   280  fat.o(.text)
    FAT_Close                                0x08008709   Thumb Code     8  fat.o(.text)
    FAT_Write                                0x08008711   Thumb Code    90  fat.o(.text)
    FAT_Delete                               0x0800876b   Thumb Code    24  fat.o(.text)
    FAT_Rename                               0x08008783   Thumb Code   454  fat.o(.text)
    CopyDirentruyItem                        0x08008949   Thumb Code   172  fat.o(.text)
    WriteFolderCluster                       0x080089f5   Thumb Code     6  fat.o(.text)
    GetFolderCluster                         0x080089fb   Thumb Code     6  fat.o(.text)
    SearchFolder                             0x08008a01   Thumb Code   438  fat.o(.text)
    SearchInit                               0x08008bb7   Thumb Code    74  fat.o(.text)
    Search                                   0x08008c01   Thumb Code  1202  fat.o(.text)
    Search_man                               0x080090b3   Thumb Code   488  fat.o(.text)
    Disp_BMP                                 0x080092a9   Thumb Code   656  disp.o(.text)
    Sensor_GPIO_Config                       0x08009575   Thumb Code    30  tsliic_rev01.o(.text)
    Dly_10ns                                 0x08009593   Thumb Code    22  tsliic_rev01.o(.text)
    TWait                                    0x080095a9   Thumb Code    10  tsliic_rev01.o(.text)
    PIN_SDA_FLOAT                            0x080095b3   Thumb Code    24  tsliic_rev01.o(.text)
    PIN_SDA_OUTPUT                           0x080095cb   Thumb Code    30  tsliic_rev01.o(.text)
    TSLStart                                 0x080095e9   Thumb Code    48  tsliic_rev01.o(.text)
    TSLStop                                  0x08009619   Thumb Code    52  tsliic_rev01.o(.text)
    SendTAck                                 0x0800964d   Thumb Code    50  tsliic_rev01.o(.text)
    TestTAck                                 0x0800967f   Thumb Code    54  tsliic_rev01.o(.text)
    TSLSentByte                              0x080096b5   Thumb Code    70  tsliic_rev01.o(.text)
    TSLReceiveByte                           0x080096fb   Thumb Code    70  tsliic_rev01.o(.text)
    TSLWriteReg                              0x08009741   Thumb Code    84  tsliic_rev01.o(.text)
    ReadReg                                  0x08009795   Thumb Code   102  tsliic_rev01.o(.text)
    ReadRegMuti                              0x080097fb   Thumb Code   132  tsliic_rev01.o(.text)
    CalculateLux                             0x0800987f   Thumb Code   232  tsliic_rev01.o(.text)
    TSL2561Init                              0x08009967   Thumb Code    68  tsliic_rev01.o(.text)
    sensor_check                             0x080099ab   Thumb Code    64  tsliic_rev01.o(.text)
    GetBright                                0x080099eb   Thumb Code    94  tsliic_rev01.o(.text)
    GetBright2                               0x08009a49   Thumb Code    96  tsliic_rev01.o(.text)
    GetFlicker                               0x08009aa9   Thumb Code   422  tsliic_rev01.o(.text)
    GET_FLICKER                              0x08009c4f   Thumb Code     8  tsliic_rev01.o(.text)
    __aeabi_memcpy                           0x08009c5d   Thumb Code    36  memcpya.o(.text)
    __aeabi_memcpy4                          0x08009c5d   Thumb Code     0  memcpya.o(.text)
    __aeabi_memcpy8                          0x08009c5d   Thumb Code     0  memcpya.o(.text)
    __aeabi_memset                           0x08009c81   Thumb Code    14  memseta.o(.text)
    __aeabi_memset4                          0x08009c81   Thumb Code     0  memseta.o(.text)
    __aeabi_memset8                          0x08009c81   Thumb Code     0  memseta.o(.text)
    __aeabi_memclr                           0x08009c8f   Thumb Code     4  memseta.o(.text)
    __aeabi_memclr4                          0x08009c8f   Thumb Code     0  memseta.o(.text)
    __aeabi_memclr8                          0x08009c8f   Thumb Code     0  memseta.o(.text)
    _memset$wrapper                          0x08009c93   Thumb Code    18  memseta.o(.text)
    __aeabi_i2f                              0x08009ca5   Thumb Code    18  fflti.o(.text)
    __aeabi_f2uiz                            0x08009cb7   Thumb Code    40  ffixui.o(.text)
    __I$use$fp                               0x08009cdf   Thumb Code     0  iusefp.o(.text)
    _float_round                             0x08009cdf   Thumb Code    18  fepilogue.o(.text)
    _float_epilogue                          0x08009cf1   Thumb Code    92  fepilogue.o(.text)
    __scatterload                            0x08009d4d   Thumb Code    28  init.o(.text)
    __scatterload_rt2                        0x08009d4d   Thumb Code     0  init.o(.text)
    __decompress                             0x08009d71   Thumb Code     0  __dczerorl2.o(.text)
    __decompress1                            0x08009d71   Thumb Code    86  __dczerorl2.o(.text)
    __ARM_common_memset4_12                  0x08009dc7   Thumb Code    18  fat.o(i.__ARM_common_memset4_12)
    __scatterload_copy                       0x08009dd9   Thumb Code    14  handlers.o(i.__scatterload_copy)
    __scatterload_null                       0x08009de7   Thumb Code     2  handlers.o(i.__scatterload_null)
    __scatterload_zeroinit                   0x08009de9   Thumb Code    14  handlers.o(i.__scatterload_zeroinit)
    free                                     0x08009df9   Thumb Code    76  malloc.o(i.free)
    malloc                                   0x08009e49   Thumb Code    92  malloc.o(i.malloc)
    ASCII_Table                              0x08009eb4   Data        4560  lcd.o(.constdata)
    Region$$Table$$Base                      0x0800b098   Number         0  anon$$obj.o(Region$$Table)
    Region$$Table$$Limit                     0x0800b0b8   Number         0  anon$$obj.o(Region$$Table)
    GPIO_InitStructure                       0x20000000   Data           4  main.o(.data)
    HSEStartUpStatus                         0x20000004   Data           1  main.o(.data)
    Status                                   0x2000000c   Data           1  main.o(.data)
    sd_Capacity                              0x20000010   Data           4  main.o(.data)
    cfont                                    0x20000014   Data           5  main.o(.data)
    cfont1                                   0x20000019   Data           4  main.o(.data)
    cfont2                                   0x2000001d   Data           4  main.o(.data)
    SDConfigFlag                             0x20000021   Data           1  main.o(.data)
    SDShowFlag                               0x20000022   Data           1  main.o(.data)
    SDShowTimes                              0x20000023   Data           1  main.o(.data)
    count1                                   0x20000024   Data           2  main.o(.data)
    count2                                   0x20000026   Data           2  main.o(.data)
    vcomdc_value                             0x20000028   Data           2  main.o(.data)
    VCOMDC                                   0x2000002a   Data           1  main.o(.data)
    VCOM1                                    0x2000002b   Data           1  main.o(.data)
    aat                                      0x2000002c   Data           2  main.o(.data)
    aat2                                     0x2000002e   Data           2  main.o(.data)
    VCOMDC1                                  0x20000030   Data           2  main.o(.data)
    STEP                                     0x20000032   Data           1  main.o(.data)
    OTP_VALUE1                               0x20000033   Data           1  main.o(.data)
    OTP_VALUE2                               0x20000034   Data           1  main.o(.data)
    OTP_TIMES                                0x20000035   Data           1  main.o(.data)
    OTP_TIMES_BEFORE                         0x20000036   Data           1  main.o(.data)
    ID_OK                                    0x20000037   Data           1  main.o(.data)
    temp                                     0x20000038   Data           1  main.o(.data)
    READ_ID                                  0x20000039   Data           1  main.o(.data)
    ASCII_Table1                             0x2000003a   Data        1008  lcd.o(.data)
    value_HighSpeed                          0x2000042a   Data           2  lcd.o(.data)
    value_Lane_select                        0x2000042c   Data           2  lcd.o(.data)
    Frame_rate                               0x2000042e   Data           1  lcd.o(.data)
    VDP                                      0x20000430   Data           2  lcd.o(.data)
    VBP                                      0x20000432   Data           2  lcd.o(.data)
    VFP                                      0x20000434   Data           2  lcd.o(.data)
    HDP                                      0x20000436   Data           2  lcd.o(.data)
    HBP                                      0x20000438   Data           2  lcd.o(.data)
    HFP                                      0x2000043a   Data           2  lcd.o(.data)
    VPW                                      0x2000043c   Data           2  lcd.o(.data)
    HPW                                      0x2000043e   Data           2  lcd.o(.data)
    DotclkValue                              0x20000440   Data           1  lcd.o(.data)
    Freq_OSC                                 0x20000441   Data           1  lcd.o(.data)
    DeviceCode                               0x20000446   Data           2  lcd.o(.data)
    mm                                       0x20000448   Data           2  lcd.o(.data)
    FontR                                    0x2000044a   Data           1  lcd.o(.data)
    FontG                                    0x2000044b   Data           1  lcd.o(.data)
    FontB                                    0x2000044c   Data           1  lcd.o(.data)
    SC7789_A_B9                              0x2000044d   Data           4  lcd.o(.data)
    SC7789_A_BC                              0x20000451   Data           2  lcd.o(.data)
    SC7789_A_BA                              0x20000453   Data          19  lcd.o(.data)
    SC7789_A_C6                              0x20000466   Data           4  lcd.o(.data)
    SC7789_A_CC_B                            0x2000046a   Data           2  lcd.o(.data)
    SC7789_A_CC_F                            0x2000046c   Data           2  lcd.o(.data)
    SC7789_A_B2                              0x2000046e   Data           2  lcd.o(.data)
    SC7789_A_B4                              0x20000470   Data           2  lcd.o(.data)
    SC7789_A_B3                              0x20000472   Data           9  lcd.o(.data)
    SC7789_A_E9                              0x2000047b   Data          52  lcd.o(.data)
    SC7789_A_EA                              0x200004af   Data          37  lcd.o(.data)
    SC7789_A_B1                              0x200004d4   Data           8  lcd.o(.data)
    SC7789_A_E3                              0x200004dc   Data           5  lcd.o(.data)
    SC7789_A_B8                              0x200004e1   Data           3  lcd.o(.data)
    SC7789_A_B5                              0x200004e4   Data           3  lcd.o(.data)
    SC7789_A_C0                              0x200004e7   Data           6  lcd.o(.data)
    SC7789_A_E0                              0x200004ed   Data          35  lcd.o(.data)
    SC7789_A_C1                              0x20000510   Data         128  lcd.o(.data)
    TransferError                            0x20000590   Data           1  sdcard.o(.data)
    TransferEnd                              0x200005a8   Data           4  sdcard.o(.data)
    NumberOfBytes                            0x200005ac   Data           4  sdcard.o(.data)
    SrcBuffer                                0x200005b0   Data           4  sdcard.o(.data)
    DestBuffer                               0x200005b4   Data           4  sdcard.o(.data)
    LongNameFlag                             0x200005b8   Data           1  fat.o(.data)
    FAT32_Enable                             0x200005b9   Data           1  fat.o(.data)
    BytesPerSector                           0x200005ba   Data           2  fat.o(.data)
    SectorsPerClust                          0x200005bc   Data           2  fat.o(.data)
    FirstDirClust                            0x200005c0   Data           4  fat.o(.data)
    FirstDataSector                          0x200005c4   Data           4  fat.o(.data)
    FATsectors                               0x200005c8   Data           4  fat.o(.data)
    FirstFATSector                           0x200005cc   Data           4  fat.o(.data)
    FirstDirSector                           0x200005d0   Data           4  fat.o(.data)
    RootDirSectors                           0x200005d4   Data           4  fat.o(.data)
    RootDirCount                             0x200005d8   Data           4  fat.o(.data)
    image_count                              0x200005dc   Data           2  disp.o(.data)
    image_all                                0x200005de   Data           2  disp.o(.data)
    BriSeg                                   0x200005e0   Data           4  tsliic_rev01.o(.data)
    __microlib_freelist                      0x200005e4   Data           4  mvars.o(.data)
    __microlib_freelist_initialised          0x200005e8   Data           4  mvars.o(.data)
    SDCardInfo                               0x200005ec   Data          80  main.o(.bss)
    DATA_SUM1                                0x2000063c   Data          60  main.o(.bss)
    DATA_SUMY                                0x20000678   Data          60  main.o(.bss)
    SURE                                     0x200006b4   Data          60  main.o(.bss)
    MIPI_READ_DATA                           0x200006f0   Data          10  main.o(.bss)
    MIPI_Array                               0x200006fc   Data         600  lcd.o(.bss)
    SDIO_InitStructure                       0x200009a0   Data          24  sdcard.o(.bss)
    SDIO_CmdInitStructure                    0x200009b8   Data          20  sdcard.o(.bss)
    SDIO_DataInitStructure                   0x200009cc   Data          24  sdcard.o(.bss)
    LongNameBuffer                           0x20000a00   Data         132  fat.o(.bss)
    FileInfo                                 0x20000a84   Data          15  fat.o(.bss)
    recordBuf                                0x20000a93   Data        1024  fat.o(.bss)
    BMPInfo                                  0x20000ec0   Data          32  disp.o(.bss)
    __heap_base                              0x20000ee0   Data           0  stm32f10x_vector.o(HEAP)
    __heap_limit                             0x200012e0   Data           0  stm32f10x_vector.o(HEAP)
    __initial_sp                             0x200016e0   Data           0  stm32f10x_vector.o(STACK)



==============================================================================

Memory Map of the image

  Image Entry point : 0x08000131

  Load Region LR_IROM1 (Base: 0x08000000, Size: 0x0000b6a4, Max: 0x00080000, ABSOLUTE, COMPRESSED[0x0000b3f4])

    Execution Region ER_IROM1 (Base: 0x08000000, Size: 0x0000b0b8, Max: 0x00080000, ABSOLUTE)

    Base Addr    Size         Type   Attr      Idx    E Section Name        Object

    0x08000000   0x00000130   Data   RO          506    RESET               stm32f10x_vector.o
    0x08000130   0x00000000   Code   RO          779  * .ARM.Collect$$$$00000000  mc_w.l(entry.o)
    0x08000130   0x00000004   Code   RO          820    .ARM.Collect$$$$00000001  mc_w.l(entry2.o)
    0x08000134   0x00000004   Code   RO          823    .ARM.Collect$$$$00000004  mc_w.l(entry5.o)
    0x08000138   0x00000000   Code   RO          825    .ARM.Collect$$$$00000008  mc_w.l(entry7b.o)
    0x08000138   0x00000000   Code   RO          827    .ARM.Collect$$$$0000000A  mc_w.l(entry8b.o)
    0x08000138   0x00000008   Code   RO          828    .ARM.Collect$$$$0000000B  mc_w.l(entry9a.o)
    0x08000140   0x00000000   Code   RO          830    .ARM.Collect$$$$0000000D  mc_w.l(entry10a.o)
    0x08000140   0x00000000   Code   RO          832    .ARM.Collect$$$$0000000F  mc_w.l(entry11a.o)
    0x08000140   0x00000004   Code   RO          821    .ARM.Collect$$$$00002712  mc_w.l(entry2.o)
    0x08000144   0x0000009e   Code   RO            1    .text               stm32f10x_it.o
    0x080001e2   0x00000002   PAD
    0x080001e4   0x000017a4   Code   RO          103    .text               main.o
    0x08001988   0x00002cb4   Code   RO          190    .text               lcd.o
    0x0800463c   0x00000240   Code   RO          289    .text               stm32f10x_dma.o
    0x0800487c   0x00000048   Code   RO          313    .text               stm32f10x_flash.o
    0x080048c4   0x00000330   Code   RO          337    .text               stm32f10x_gpio.o
    0x08004bf4   0x000003d8   Code   RO          382    .text               stm32f10x_nvic.o
    0x08004fcc   0x000003a0   Code   RO          406    .text               stm32f10x_rcc.o
    0x0800536c   0x000001c8   Code   RO          432    .text               stm32f10x_sdio.o
    0x08005534   0x000000c2   Code   RO          456    .text               stm32f10x_systick.o
    0x080055f6   0x00000002   PAD
    0x080055f8   0x00000370   Code   RO          480    .text               stm32f10x_usart.o
    0x08005968   0x00000008   Code   RO          507    .text               stm32f10x_vector.o
    0x08005970   0x0000007a   Code   RO          512    .text               cortexm3_macro.o
    0x080059ea   0x00000002   PAD
    0x080059ec   0x00001d3c   Code   RO          515    .text               SDFAT.lib(sdcard.o)
    0x08007728   0x00001b80   Code   RO          619    .text               SDFAT.lib(fat.o)
    0x080092a8   0x000002cc   Code   RO          647    .text               DispBMPv01.lib(disp.o)
    0x08009574   0x000006e8   Code   RO          673    .text               TSLIIC_REV01.lib(tsliic_rev01.o)
    0x08009c5c   0x00000024   Code   RO          782    .text               mc_w.l(memcpya.o)
    0x08009c80   0x00000024   Code   RO          784    .text               mc_w.l(memseta.o)
    0x08009ca4   0x00000012   Code   RO          816    .text               mf_w.l(fflti.o)
    0x08009cb6   0x00000028   Code   RO          818    .text               mf_w.l(ffixui.o)
    0x08009cde   0x00000000   Code   RO          836    .text               mc_w.l(iusefp.o)
    0x08009cde   0x0000006e   Code   RO          837    .text               mf_w.l(fepilogue.o)
    0x08009d4c   0x00000024   Code   RO          839    .text               mc_w.l(init.o)
    0x08009d70   0x00000056   Code   RO          849    .text               mc_w.l(__dczerorl2.o)
    0x08009dc6   0x00000012   Code   RO          635    i.__ARM_common_memset4_12  SDFAT.lib(fat.o)
    0x08009dd8   0x0000000e   Code   RO          843    i.__scatterload_copy  mc_w.l(handlers.o)
    0x08009de6   0x00000002   Code   RO          844    i.__scatterload_null  mc_w.l(handlers.o)
    0x08009de8   0x0000000e   Code   RO          845    i.__scatterload_zeroinit  mc_w.l(handlers.o)
    0x08009df6   0x00000002   PAD
    0x08009df8   0x00000050   Code   RO          788    i.free              mc_w.l(malloc.o)
    0x08009e48   0x0000006c   Code   RO          789    i.malloc            mc_w.l(malloc.o)
    0x08009eb4   0x000011d0   Data   RO          192    .constdata          lcd.o
    0x0800b084   0x00000014   Data   RO          407    .constdata          stm32f10x_rcc.o
    0x0800b098   0x00000020   Data   RO          841    Region$$Table       anon$$obj.o


    Execution Region RW_IRAM1 (Base: 0x20000000, Size: 0x000016e0, Max: 0x00010000, ABSOLUTE, COMPRESSED[0x0000033c])

    Base Addr    Size         Type   Attr      Idx    E Section Name        Object

    0x20000000   0x0000003a   Data   RW          105    .data               main.o
    0x2000003a   0x00000556   Data   RW          193    .data               lcd.o
    0x20000590   0x00000028   Data   RW          517    .data               SDFAT.lib(sdcard.o)
    0x200005b8   0x00000024   Data   RW          624    .data               SDFAT.lib(fat.o)
    0x200005dc   0x00000004   Data   RW          649    .data               DispBMPv01.lib(disp.o)
    0x200005e0   0x00000004   Data   RW          674    .data               TSLIIC_REV01.lib(tsliic_rev01.o)
    0x200005e4   0x00000004   Data   RW          834    .data               mc_w.l(mvars.o)
    0x200005e8   0x00000004   Data   RW          835    .data               mc_w.l(mvars.o)
    0x200005ec   0x0000010e   Zero   RW          104    .bss                main.o
    0x200006fa   0x00000002   PAD
    0x200006fc   0x00000258   Zero   RW          191    .bss                lcd.o
    0x20000954   0x0000002c   PAD
    0x20000980   0x00000064   Zero   RW          516    .bss                SDFAT.lib(sdcard.o)
    0x200009e4   0x0000001c   PAD
    0x20000a00   0x00000493   Zero   RW          621    .bss                SDFAT.lib(fat.o)
    0x20000e93   0x0000002d   PAD
    0x20000ec0   0x00000020   Zero   RW          648    .bss                DispBMPv01.lib(disp.o)
    0x20000ee0   0x00000400   Zero   RW          505    HEAP                stm32f10x_vector.o
    0x200012e0   0x00000400   Zero   RW          504    STACK               stm32f10x_vector.o


==============================================================================

Image component sizes


      Code (inc. data)   RO Data    RW Data    ZI Data      Debug   Object Name

       122          0          0          0          0        348   cortexm3_macro.o
     11444        310       4560       1366        600      24535   lcd.o
      6052        562          0         58        270      38938   main.o
       576         16          0          0          0       3483   stm32f10x_dma.o
        72          6          0          0          0        872   stm32f10x_flash.o
       816         18          0          0          0       5227   stm32f10x_gpio.o
       158          0          0          0          0     232444   stm32f10x_it.o
       984         30          0          0          0       7256   stm32f10x_nvic.o
       928         36         20          0          0       8788   stm32f10x_rcc.o
       456         22          0          0          0       6996   stm32f10x_sdio.o
       194          0          0          0          0       1609   stm32f10x_systick.o
       880         12          0          0          0       7767   stm32f10x_usart.o
         8          4        304          0       2048        384   stm32f10x_vector.o

    ----------------------------------------------------------------------
     22696       1016       4916       1424       2964     338647   Object Totals
         0          0         32          0          0          0   (incl. Generated)
         6          0          0          0         46          0   (incl. Padding)

    ----------------------------------------------------------------------

      Code (inc. data)   RO Data    RW Data    ZI Data      Debug   Library Member Name

       716         60          0          4         32       6402   disp.o
      7058         78          0         36       1171      24272   fat.o
      7484        232          0         40        100      52447   sdcard.o
      1768         10          0          4          0      14662   tsliic_rev01.o
        86          0          0          0          0          0   __dczerorl2.o
         0          0          0          0          0          0   entry.o
         0          0          0          0          0          0   entry10a.o
         0          0          0          0          0          0   entry11a.o
         8          4          0          0          0          0   entry2.o
         4          0          0          0          0          0   entry5.o
         0          0          0          0          0          0   entry7b.o
         0          0          0          0          0          0   entry8b.o
         8          4          0          0          0          0   entry9a.o
        30          0          0          0          0          0   handlers.o
        36          8          0          0          0         68   init.o
         0          0          0          0          0          0   iusefp.o
       188         20          0          0          0        160   malloc.o
        36          0          0          0          0         68   memcpya.o
        36          0          0          0          0        108   memseta.o
         0          0          0          8          0          0   mvars.o
       110          0          0          0          0        168   fepilogue.o
        40          0          0          0          0         68   ffixui.o
        18          0          0          0          0         68   fflti.o

    ----------------------------------------------------------------------
     17628        416          0         92       1376      98491   Library Totals
         2          0          0          0         73          0   (incl. Padding)

    ----------------------------------------------------------------------

      Code (inc. data)   RO Data    RW Data    ZI Data      Debug   Library Name

       716         60          0          4         32       6402   DispBMPv01.lib
     14542        310          0         76       1271      76719   SDFAT.lib
      1768         10          0          4          0      14662   TSLIIC_REV01.lib
       432         36          0          8          0        404   mc_w.l
       168          0          0          0          0        304   mf_w.l

    ----------------------------------------------------------------------
     17628        416          0         92       1376      98491   Library Totals

    ----------------------------------------------------------------------

==============================================================================


      Code (inc. data)   RO Data    RW Data    ZI Data      Debug   

     40324       1432       4916       1516       4340     435342   Grand Totals
     40324       1432       4916        828       4340     435342   ELF Image Totals (compressed)
     40324       1432       4916        828          0          0   ROM Totals

==============================================================================

    Total RO  Size (Code + RO Data)                45240 (  44.18kB)
    Total RW  Size (RW Data + ZI Data)              5856 (   5.72kB)
    Total ROM Size (Code + RO Data + RW Data)      46068 (  44.99kB)

==============================================================================

