ARM Linker, 4.1 [Build 481] [Standard]

==============================================================================

Section Cross References

    stm32f10x_it.o(.text) refers to main.o(.text) for Decrement_TimingDelay
    stm32f10x_it.o(.text) refers to sdcard.o(.text) for SD_ProcessIRQSrc
    main.o(.text) refers to stm32f10x_systick.o(.text) for SysTick_ITConfig
    main.o(.text) refers to disp.o(.text) for Disp_BMP
    main.o(.text) refers to lcd.o(.text) for LCD_DisplayStringLine_A
    main.o(.text) refers to memcpya.o(.text) for __aeabi_memcpy4
    main.o(.text) refers to main.o(.data) for TimingDelay
    main.o(.text) refers to disp.o(.data) for image_count
    main.o(.text) refers to lcd.o(.data) for FontR
    main.o(.text) refers to tsliic_rev01.o(.text) for sensor_check
    main.o(.text) refers to main.o(.bss) for DATA_SUM1
    main.o(.text) refers to sdcard.o(.text) for SD_Init
    main.o(.text) refers to stm32f10x_rcc.o(.text) for RCC_APB2PeriphClockCmd
    main.o(.text) refers to stm32f10x_gpio.o(.text) for GPIO_Init
    main.o(.text) refers to stm32f10x_nvic.o(.text) for NVIC_PriorityGroupConfig
    main.o(.text) refers to stm32f10x_flash.o(.text) for FLASH_PrefetchBufferCmd
    main.o(.text) refers to fat.o(.text) for FAT_Init
    main.o(.text) refers to stm32f10x_usart.o(.text) for USART_ClockInit
    lcd.o(.text) refers to stm32f10x_gpio.o(.text) for GPIO_Write
    lcd.o(.text) refers to main.o(.text) for Delay
    lcd.o(.text) refers to lcd.o(.data) for SC7789_A_B9
    lcd.o(.text) refers to stm32f10x_rcc.o(.text) for RCC_APB2PeriphClockCmd
    lcd.o(.text) refers to fflti.o(.text) for __aeabi_i2f
    lcd.o(.text) refers to ffixui.o(.text) for __aeabi_f2uiz
    lcd.o(.text) refers to main.o(.bss) for MIPI_READ_DATA
    lcd.o(.text) refers to main.o(.data) for SDShowTimes
    lcd.o(.text) refers to lcd.o(.constdata) for ASCII_Table
    stm32f10x_adc.o(.text) refers to stm32f10x_rcc.o(.text) for RCC_APB2PeriphResetCmd
    stm32f10x_bkp.o(.text) refers to stm32f10x_rcc.o(.text) for RCC_BackupResetCmd
    stm32f10x_can.o(.text) refers to stm32f10x_rcc.o(.text) for RCC_APB1PeriphResetCmd
    stm32f10x_dac.o(.text) refers to stm32f10x_rcc.o(.text) for RCC_APB1PeriphResetCmd
    stm32f10x_gpio.o(.text) refers to stm32f10x_rcc.o(.text) for RCC_APB2PeriphResetCmd
    stm32f10x_i2c.o(.text) refers to stm32f10x_rcc.o(.text) for RCC_APB1PeriphResetCmd
    stm32f10x_nvic.o(.text) refers to cortexm3_macro.o(.text) for __SETPRIMASK
    stm32f10x_pwr.o(.text) refers to stm32f10x_rcc.o(.text) for RCC_APB1PeriphResetCmd
    stm32f10x_pwr.o(.text) refers to cortexm3_macro.o(.text) for __WFI
    stm32f10x_rcc.o(.text) refers to stm32f10x_rcc.o(.constdata) for APBAHBPrescTable
    stm32f10x_spi.o(.text) refers to stm32f10x_rcc.o(.text) for RCC_APB2PeriphResetCmd
    stm32f10x_tim.o(.text) refers to stm32f10x_rcc.o(.text) for RCC_APB2PeriphResetCmd
    stm32f10x_usart.o(.text) refers to stm32f10x_rcc.o(.text) for RCC_APB2PeriphResetCmd
    stm32f10x_wwdg.o(.text) refers to stm32f10x_rcc.o(.text) for RCC_APB1PeriphResetCmd
    stm32f10x_vector.o(RESET) refers to stm32f10x_vector.o(STACK) for __initial_sp
    stm32f10x_vector.o(RESET) refers to stm32f10x_vector.o(.text) for Reset_Handler
    stm32f10x_vector.o(RESET) refers to stm32f10x_it.o(.text) for NMIException
    stm32f10x_vector.o(.text) refers to entry.o(.ARM.Collect$$$$00000000) for __main
    sdcard.o(.text) refers to stm32f10x_sdio.o(.text) for SDIO_GetPowerState
    sdcard.o(.text) refers to sdcard.o(.data) for .data
    sdcard.o(.text) refers to sdcard.o(.bss) for .bss
    sdcard.o(.text) refers to stm32f10x_rcc.o(.text) for RCC_APB2PeriphClockCmd
    sdcard.o(.text) refers to stm32f10x_gpio.o(.text) for GPIO_Init
    sdcard.o(.text) refers to main.o(.data) for sd_Capacity
    sdcard.o(.text) refers to stm32f10x_dma.o(.text) for DMA_ClearFlag
    fat.o(.text) refers to sdcard.o(.text) for SD_ReadBlock
    fat.o(.text) refers to malloc.o(i.malloc) for malloc
    fat.o(.text) refers to malloc.o(i.free) for free
    fat.o(.text) refers to main.o(.data) for sd_Capacity
    fat.o(.text) refers to fat.o(.data) for .data
    fat.o(.text) refers to fat.o(i.__ARM_common_memset4_12) for __ARM_common_memset4_12
    fat.o(.text) refers to memseta.o(.text) for __aeabi_memclr
    fat.o(.text) refers to fat.o(.bss) for .bss
    disp.o(.text) refers to fat.o(.text) for Search_man
    disp.o(.text) refers to malloc.o(i.malloc) for malloc
    disp.o(.text) refers to lcd.o(.text) for LCD_DisplayStringLine
    disp.o(.text) refers to malloc.o(i.free) for free
    disp.o(.text) refers to disp.o(.data) for .data
    disp.o(.text) refers to disp.o(.bss) for .bss
    disp.o(.text) refers to fat.o(.data) for SectorsPerClust
    tsliic_rev01.o(.text) refers to stm32f10x_gpio.o(.text) for GPIO_Init
    tsliic_rev01.o(.text) refers to main.o(.text) for MDelay
    tsliic_rev01.o(.text) refers to tsliic_rev01.o(.data) for BriSeg
    entry.o(.ARM.Collect$$$$00000000) refers (Special) to entry7.o(.ARM.Collect$$$$00000007) for _main_init
    entry.o(.ARM.Collect$$$$00000000) refers (Special) to entry5.o(.ARM.Collect$$$$00000004) for _main_scatterload
    entry.o(.ARM.Collect$$$$00000000) refers (Special) to entry2.o(.ARM.Collect$$$$00000001) for _main_stk
    malloc.o(i.free) refers to mvars.o(.data) for __microlib_freelist
    malloc.o(i.malloc) refers to mvars.o(.data) for __microlib_freelist_initialised
    malloc.o(i.malloc) refers to mvars.o(.data) for __microlib_freelist
    malloc.o(i.malloc) refers to stm32f10x_vector.o(HEAP) for __heap_base
    mallocr.o(i.__free$realloc) refers to mvars.o(.data) for __microlib_freelist
    mallocr.o(i.__malloc$realloc) refers to mallocr.o(i.internal_alloc) for internal_alloc
    mallocr.o(i.__malloc$realloc) refers to mvars.o(.data) for __microlib_freelist_initialised
    mallocr.o(i.__malloc$realloc) refers to stm32f10x_vector.o(HEAP) for __heap_base
    mallocr.o(i.__malloc$realloc) refers to mvars.o(.data) for __microlib_freelist
    mallocr.o(i.internal_alloc) refers to memcpya.o(.text) for __aeabi_memcpy
    mallocr.o(i.internal_alloc) refers to mvars.o(.data) for __microlib_freelist
    mallocr.o(i.realloc) refers to mallocr.o(i.__free$realloc) for __free$realloc
    mallocr.o(i.realloc) refers to mallocr.o(i.internal_alloc) for internal_alloc
    mallocr.o(i.realloc) refers to mallocr.o(i.__malloc$realloc) for __malloc$realloc
    mallocr.o(i.realloc) refers to mvars.o(.data) for __microlib_freelist
    malloca.o(i.__aligned_malloc) refers to mvars.o(.data) for __microlib_freelist_initialised
    malloca.o(i.__aligned_malloc) refers to mvars.o(.data) for __microlib_freelist
    malloca.o(i.__aligned_malloc) refers to stm32f10x_vector.o(HEAP) for __heap_base
    malloca.o(i.__free$memalign) refers to mvars.o(.data) for __microlib_freelist
    malloca.o(i.__malloc$memalign) refers to malloca.o(i.__aligned_malloc) for __aligned_malloc
    mallocra.o(i.__aligned_malloc$realloc) refers to mallocra.o(i.internal_alloc) for internal_alloc
    mallocra.o(i.__aligned_malloc$realloc) refers to mvars.o(.data) for __microlib_freelist_initialised
    mallocra.o(i.__aligned_malloc$realloc) refers to stm32f10x_vector.o(HEAP) for __heap_base
    mallocra.o(i.__aligned_malloc$realloc) refers to mvars.o(.data) for __microlib_freelist
    mallocra.o(i.__free$realloc$memalign) refers to mvars.o(.data) for __microlib_freelist
    mallocra.o(i.__malloc$realloc$memalign) refers to mallocra.o(i.__aligned_malloc$realloc) for __aligned_malloc$realloc
    mallocra.o(i.__realloc$memalign) refers to mallocra.o(i.__free$realloc$memalign) for __free$realloc$memalign
    mallocra.o(i.__realloc$memalign) refers to mallocra.o(i.internal_alloc) for internal_alloc
    mallocra.o(i.__realloc$memalign) refers to mallocra.o(i.__malloc$realloc$memalign) for __malloc$realloc$memalign
    mallocra.o(i.__realloc$memalign) refers to mvars.o(.data) for __microlib_freelist
    mallocra.o(i.internal_alloc) refers to memcpya.o(.text) for __aeabi_memcpy
    mallocra.o(i.internal_alloc) refers to mvars.o(.data) for __microlib_freelist
    fflti.o(.text) refers (Special) to iusefp.o(.text) for __I$use$fp
    fflti.o(.text) refers to fepilogue.o(.text) for _float_epilogue
    ffixui.o(.text) refers (Special) to iusefp.o(.text) for __I$use$fp
    entry2.o(.ARM.Collect$$$$00000001) refers to entry2.o(.ARM.Collect$$$$00002712) for __lit__00000000
    entry2.o(.ARM.Collect$$$$00002712) refers to stm32f10x_vector.o(STACK) for __initial_sp
    entry2.o(__vectab_stack_and_reset_area) refers to stm32f10x_vector.o(STACK) for __initial_sp
    entry2.o(__vectab_stack_and_reset_area) refers to entry.o(.ARM.Collect$$$$00000000) for __main
    entry5.o(.ARM.Collect$$$$00000004) refers to init.o(.text) for __scatterload
    entry7.o(.ARM.Collect$$$$00000007) refers to main.o(.text) for main
    init.o(.text) refers to entry5.o(.ARM.Collect$$$$00000004) for __main_after_scatterload


==============================================================================

Removing Unused input sections from the image.

    Removing main.o(.constdata), (151200 bytes).
    Removing stm32f10x_adc.o(.text), (1076 bytes).
    Removing stm32f10x_bkp.o(.text), (192 bytes).
    Removing stm32f10x_can.o(.text), (2188 bytes).
    Removing stm32f10x_crc.o(.text), (72 bytes).
    Removing stm32f10x_dac.o(.text), (408 bytes).
    Removing stm32f10x_dbgmcu.o(.text), (48 bytes).
    Removing stm32f10x_exti.o(.text), (352 bytes).
    Removing stm32f10x_fsmc.o(.text), (1564 bytes).
    Removing stm32f10x_i2c.o(.text), (984 bytes).
    Removing stm32f10x_iwdg.o(.text), (64 bytes).
    Removing stm32f10x_pwr.o(.text), (208 bytes).
    Removing stm32f10x_rtc.o(.text), (376 bytes).
    Removing stm32f10x_spi.o(.text), (772 bytes).
    Removing stm32f10x_tim.o(.text), (2916 bytes).
    Removing stm32f10x_wwdg.o(.text), (136 bytes).
    Removing fat.o(.bss), (512 bytes).
    Removing fat.o(.data), (1 bytes).
    Removing fat.o(.data), (4 bytes).

19 unused section(s) (total 163073 bytes) removed from the image.

==============================================================================

Image Symbol Table

    Local Symbols

    Symbol Name                              Value     Ov Type        Size  Object(Section)

    ../../../cmprslib/zerorunl2.c            0x00000000   Number         0  __dczerorl2.o ABSOLUTE
    ../../microlib/fpepilogue.c              0x00000000   Number         0  fepilogue.o ABSOLUTE
    ../../microlib/fpfix.c                   0x00000000   Number         0  ffixui.o ABSOLUTE
    ../../microlib/fpflt.c                   0x00000000   Number         0  fflti.o ABSOLUTE
    ../../microlib/init/entry.s              0x00000000   Number         0  entry7.o ABSOLUTE
    ../../microlib/init/entry.s              0x00000000   Number         0  entry5.o ABSOLUTE
    ../../microlib/init/entry.s              0x00000000   Number         0  entry2.o ABSOLUTE
    ../../microlib/init/entry.s              0x00000000   Number         0  entry.o ABSOLUTE
    ../../microlib/malloc/malloc.c           0x00000000   Number         0  mallocra.o ABSOLUTE
    ../../microlib/malloc/malloc.c           0x00000000   Number         0  malloca.o ABSOLUTE
    ../../microlib/malloc/malloc.c           0x00000000   Number         0  malloc.o ABSOLUTE
    ../../microlib/malloc/malloc.c           0x00000000   Number         0  mallocr.o ABSOLUTE
    ../../microlib/malloc/mvars.c            0x00000000   Number         0  mvars.o ABSOLUTE
    ../../microlib/string/memcpy.c           0x00000000   Number         0  memcpyb.o ABSOLUTE
    ../../microlib/string/memcpy.c           0x00000000   Number         0  memcpya.o ABSOLUTE
    ../../microlib/string/memset.c           0x00000000   Number         0  memseta.o ABSOLUTE
    ../../microlib/stubs.s                   0x00000000   Number         0  iusefp.o ABSOLUTE
    ..\..\library\src\stm32f10x_adc.c        0x00000000   Number         0  stm32f10x_adc.o ABSOLUTE
    ..\..\library\src\stm32f10x_bkp.c        0x00000000   Number         0  stm32f10x_bkp.o ABSOLUTE
    ..\..\library\src\stm32f10x_can.c        0x00000000   Number         0  stm32f10x_can.o ABSOLUTE
    ..\..\library\src\stm32f10x_crc.c        0x00000000   Number         0  stm32f10x_crc.o ABSOLUTE
    ..\..\library\src\stm32f10x_dac.c        0x00000000   Number         0  stm32f10x_dac.o ABSOLUTE
    ..\..\library\src\stm32f10x_dbgmcu.c     0x00000000   Number         0  stm32f10x_dbgmcu.o ABSOLUTE
    ..\..\library\src\stm32f10x_dma.c        0x00000000   Number         0  stm32f10x_dma.o ABSOLUTE
    ..\..\library\src\stm32f10x_exti.c       0x00000000   Number         0  stm32f10x_exti.o ABSOLUTE
    ..\..\library\src\stm32f10x_flash.c      0x00000000   Number         0  stm32f10x_flash.o ABSOLUTE
    ..\..\library\src\stm32f10x_fsmc.c       0x00000000   Number         0  stm32f10x_fsmc.o ABSOLUTE
    ..\..\library\src\stm32f10x_gpio.c       0x00000000   Number         0  stm32f10x_gpio.o ABSOLUTE
    ..\..\library\src\stm32f10x_i2c.c        0x00000000   Number         0  stm32f10x_i2c.o ABSOLUTE
    ..\..\library\src\stm32f10x_iwdg.c       0x00000000   Number         0  stm32f10x_iwdg.o ABSOLUTE
    ..\..\library\src\stm32f10x_lib.c        0x00000000   Number         0  stm32f10x_lib.o ABSOLUTE
    ..\..\library\src\stm32f10x_nvic.c       0x00000000   Number         0  stm32f10x_nvic.o ABSOLUTE
    ..\..\library\src\stm32f10x_pwr.c        0x00000000   Number         0  stm32f10x_pwr.o ABSOLUTE
    ..\..\library\src\stm32f10x_rcc.c        0x00000000   Number         0  stm32f10x_rcc.o ABSOLUTE
    ..\..\library\src\stm32f10x_rtc.c        0x00000000   Number         0  stm32f10x_rtc.o ABSOLUTE
    ..\..\library\src\stm32f10x_sdio.c       0x00000000   Number         0  stm32f10x_sdio.o ABSOLUTE
    ..\..\library\src\stm32f10x_spi.c        0x00000000   Number         0  stm32f10x_spi.o ABSOLUTE
    ..\..\library\src\stm32f10x_systick.c    0x00000000   Number         0  stm32f10x_systick.o ABSOLUTE
    ..\..\library\src\stm32f10x_tim.c        0x00000000   Number         0  stm32f10x_tim.o ABSOLUTE
    ..\..\library\src\stm32f10x_usart.c      0x00000000   Number         0  stm32f10x_usart.o ABSOLUTE
    ..\..\library\src\stm32f10x_wwdg.c       0x00000000   Number         0  stm32f10x_wwdg.o ABSOLUTE
    ..\LCD.c                                 0x00000000   Number         0  lcd.o ABSOLUTE
    ..\main.c                                0x00000000   Number         0  main.o ABSOLUTE
    ..\stm32f10x_it.c                        0x00000000   Number         0  stm32f10x_it.o ABSOLUTE
    TSLIIC_REV01.c                           0x00000000   Number         0  tsliic_rev01.o ABSOLUTE
    cortexm3_macro.s                         0x00000000   Number         0  cortexm3_macro.o ABSOLUTE
    dc.s                                     0x00000000   Number         0  dc.o ABSOLUTE
    demo\disp.c                              0x00000000   Number         0  disp.o ABSOLUTE
    handlers.s                               0x00000000   Number         0  handlers.o ABSOLUTE
    init.s                                   0x00000000   Number         0  init.o ABSOLUTE
    project\FAT.c                            0x00000000   Number         0  fat.o ABSOLUTE
    project\sdcard.c                         0x00000000   Number         0  sdcard.o ABSOLUTE
    stm32f10x_vector.s                       0x00000000   Number         0  stm32f10x_vector.o ABSOLUTE
    RESET                                    0x08000000   Section      304  stm32f10x_vector.o(RESET)
    .ARM.Collect$$$$00000000                 0x08000130   Section        0  entry.o(.ARM.Collect$$$$00000000)
    .ARM.Collect$$$$00000001                 0x08000130   Section        4  entry2.o(.ARM.Collect$$$$00000001)
    .ARM.Collect$$$$00000004                 0x08000134   Section        4  entry5.o(.ARM.Collect$$$$00000004)
    .ARM.Collect$$$$00000007                 0x08000138   Section        8  entry7.o(.ARM.Collect$$$$00000007)
    .ARM.Collect$$$$00002712                 0x08000140   Section        4  entry2.o(.ARM.Collect$$$$00002712)
    __lit__00000000                          0x08000140   Data           4  entry2.o(.ARM.Collect$$$$00002712)
    .text                                    0x08000144   Section        0  stm32f10x_it.o(.text)
    .text                                    0x080001e4   Section        0  main.o(.text)
    .text                                    0x080013cc   Section        0  lcd.o(.text)
    .text                                    0x080035c4   Section        0  stm32f10x_dma.o(.text)
    .text                                    0x08003808   Section        0  stm32f10x_flash.o(.text)
    .text                                    0x08003850   Section        0  stm32f10x_gpio.o(.text)
    .text                                    0x08003b7c   Section        0  stm32f10x_nvic.o(.text)
    .text                                    0x08003fd4   Section        0  stm32f10x_rcc.o(.text)
    .text                                    0x08004374   Section        0  stm32f10x_sdio.o(.text)
    .text                                    0x08004548   Section        0  stm32f10x_systick.o(.text)
    .text                                    0x0800460c   Section        0  stm32f10x_usart.o(.text)
    .text                                    0x08004984   Section        8  stm32f10x_vector.o(.text)
    .text                                    0x0800498c   Section      122  cortexm3_macro.o(.text)
    .text                                    0x08004a08   Section        0  sdcard.o(.text)
    CmdResp1Error                            0x08004bbd   Thumb Code   296  sdcard.o(.text)
    SDEnWideBus                              0x080051c3   Thumb Code   548  sdcard.o(.text)
    IsCardProgramming                        0x080059b1   Thumb Code   364  sdcard.o(.text)
    .text                                    0x08006744   Section        0  fat.o(.text)
    .text                                    0x080082c4   Section        0  disp.o(.text)
    .text                                    0x08008590   Section        0  tsliic_rev01.o(.text)
    .text                                    0x08008c78   Section        0  memcpya.o(.text)
    .text                                    0x08008c9c   Section        0  memseta.o(.text)
    .text                                    0x08008cc2   Section        0  fflti.o(.text)
    .text                                    0x08008cd4   Section        0  ffixui.o(.text)
    .text                                    0x08008cfc   Section        0  iusefp.o(.text)
    .text                                    0x08008cfc   Section        0  fepilogue.o(.text)
    .text                                    0x08008d6c   Section       36  init.o(.text)
    .text                                    0x08008d90   Section        0  __dczerorl2.o(.text)
    i.__ARM_common_memset4_12                0x08008dec   Section        0  fat.o(i.__ARM_common_memset4_12)
    i.__scatterload_copy                     0x08008dfe   Section       14  handlers.o(i.__scatterload_copy)
    i.__scatterload_null                     0x08008e0c   Section        2  handlers.o(i.__scatterload_null)
    i.__scatterload_zeroinit                 0x08008e0e   Section       14  handlers.o(i.__scatterload_zeroinit)
    i.free                                   0x08008e1c   Section        0  malloc.o(i.free)
    i.malloc                                 0x08008e6c   Section        0  malloc.o(i.malloc)
    .constdata                               0x08008ed8   Section     4560  lcd.o(.constdata)
    .constdata                               0x0800a0a8   Section       20  stm32f10x_rcc.o(.constdata)
    APBAHBPrescTable                         0x0800a0a8   Data          16  stm32f10x_rcc.o(.constdata)
    ADCPrescTable                            0x0800a0b8   Data           4  stm32f10x_rcc.o(.constdata)
    .data                                    0x20000000   Section       44  main.o(.data)
    TimingDelay                              0x20000000   Data           4  main.o(.data)
    .data                                    0x2000002c   Section      785  lcd.o(.data)
    TextColor                                0x200001ee   Data           2  lcd.o(.data)
    BackColor                                0x200001f0   Data           2  lcd.o(.data)
    .data                                    0x20000340   Section       40  sdcard.o(.data)
    CardType                                 0x20000344   Data           4  sdcard.o(.data)
    RCA                                      0x20000348   Data           4  sdcard.o(.data)
    DeviceMode                               0x2000034c   Data           4  sdcard.o(.data)
    TotalNumberOfBytes                       0x20000350   Data           4  sdcard.o(.data)
    StopCondition                            0x20000354   Data           4  sdcard.o(.data)
    .data                                    0x20000368   Section       36  fat.o(.data)
    .data                                    0x2000038c   Section        4  disp.o(.data)
    .data                                    0x20000390   Section        4  tsliic_rev01.o(.data)
    .data                                    0x20000394   Section        4  mvars.o(.data)
    .data                                    0x20000398   Section        4  mvars.o(.data)
    .bss                                     0x2000039c   Section      272  main.o(.bss)
    .bss                                     0x200004c0   Section      100  sdcard.o(.bss)
    CSD_Tab                                  0x200004c0   Data          16  sdcard.o(.bss)
    CID_Tab                                  0x200004d0   Data          16  sdcard.o(.bss)
    .bss                                     0x20000540   Section     1171  fat.o(.bss)
    .bss                                     0x20000a00   Section       32  disp.o(.bss)
    HEAP                                     0x20000a20   Section     1024  stm32f10x_vector.o(HEAP)
    STACK                                    0x20000e20   Section     1024  stm32f10x_vector.o(STACK)

    Global Symbols

    Symbol Name                              Value     Ov Type        Size  Object(Section)

    BuildAttributes$$THM_ISAv4$P$D$K$B$S$PE$A:L22UL41UL21$X:L11$S22US41US21$IEEE1$IW$USESV6$~STKCKD$USESV7$~SHL$OTIME$ROPI$EBA8$MICROLIB$REQ8$PRES8$EABIv2 0x00000000   Number         0  anon$$obj.o ABSOLUTE
    __ARM_use_no_argv                        0x00000000   Number         0  main.o ABSOLUTE
    __Vectors                                0x08000000   Data           4  stm32f10x_vector.o(RESET)
    __main                                   0x08000131   Thumb Code     0  entry.o(.ARM.Collect$$$$00000000)
    _main_stk                                0x08000131   Thumb Code     0  entry2.o(.ARM.Collect$$$$00000001)
    _main_scatterload                        0x08000135   Thumb Code     0  entry5.o(.ARM.Collect$$$$00000004)
    __main_after_scatterload                 0x08000139   Thumb Code     0  entry5.o(.ARM.Collect$$$$00000004)
    _main_init                               0x08000139   Thumb Code     0  entry7.o(.ARM.Collect$$$$00000007)
    NMIException                             0x08000145   Thumb Code     2  stm32f10x_it.o(.text)
    HardFaultException                       0x08000147   Thumb Code     4  stm32f10x_it.o(.text)
    MemManageException                       0x0800014b   Thumb Code     4  stm32f10x_it.o(.text)
    BusFaultException                        0x0800014f   Thumb Code     4  stm32f10x_it.o(.text)
    UsageFaultException                      0x08000153   Thumb Code     4  stm32f10x_it.o(.text)
    DebugMonitor                             0x08000157   Thumb Code     2  stm32f10x_it.o(.text)
    SVCHandler                               0x08000159   Thumb Code     2  stm32f10x_it.o(.text)
    PendSVC                                  0x0800015b   Thumb Code     2  stm32f10x_it.o(.text)
    SysTickHandler                           0x0800015d   Thumb Code     8  stm32f10x_it.o(.text)
    WWDG_IRQHandler                          0x08000165   Thumb Code     2  stm32f10x_it.o(.text)
    PVD_IRQHandler                           0x08000167   Thumb Code     2  stm32f10x_it.o(.text)
    TAMPER_IRQHandler                        0x08000169   Thumb Code     2  stm32f10x_it.o(.text)
    RTC_IRQHandler                           0x0800016b   Thumb Code     2  stm32f10x_it.o(.text)
    FLASH_IRQHandler                         0x0800016d   Thumb Code     2  stm32f10x_it.o(.text)
    RCC_IRQHandler                           0x0800016f   Thumb Code     2  stm32f10x_it.o(.text)
    EXTI0_IRQHandler                         0x08000171   Thumb Code     2  stm32f10x_it.o(.text)
    EXTI1_IRQHandler                         0x08000173   Thumb Code     2  stm32f10x_it.o(.text)
    EXTI2_IRQHandler                         0x08000175   Thumb Code     2  stm32f10x_it.o(.text)
    EXTI3_IRQHandler                         0x08000177   Thumb Code     2  stm32f10x_it.o(.text)
    EXTI4_IRQHandler                         0x08000179   Thumb Code     2  stm32f10x_it.o(.text)
    DMA1_Channel1_IRQHandler                 0x0800017b   Thumb Code     2  stm32f10x_it.o(.text)
    DMA1_Channel2_IRQHandler                 0x0800017d   Thumb Code     2  stm32f10x_it.o(.text)
    DMA1_Channel3_IRQHandler                 0x0800017f   Thumb Code     2  stm32f10x_it.o(.text)
    DMA1_Channel4_IRQHandler                 0x08000181   Thumb Code     2  stm32f10x_it.o(.text)
    DMA1_Channel5_IRQHandler                 0x08000183   Thumb Code     2  stm32f10x_it.o(.text)
    DMA1_Channel6_IRQHandler                 0x08000185   Thumb Code     2  stm32f10x_it.o(.text)
    DMA1_Channel7_IRQHandler                 0x08000187   Thumb Code     2  stm32f10x_it.o(.text)
    ADC1_2_IRQHandler                        0x08000189   Thumb Code     2  stm32f10x_it.o(.text)
    USB_HP_CAN_TX_IRQHandler                 0x0800018b   Thumb Code     2  stm32f10x_it.o(.text)
    USB_LP_CAN_RX0_IRQHandler                0x0800018d   Thumb Code     2  stm32f10x_it.o(.text)
    CAN_RX1_IRQHandler                       0x0800018f   Thumb Code     2  stm32f10x_it.o(.text)
    CAN_SCE_IRQHandler                       0x08000191   Thumb Code     2  stm32f10x_it.o(.text)
    EXTI9_5_IRQHandler                       0x08000193   Thumb Code     2  stm32f10x_it.o(.text)
    TIM1_BRK_IRQHandler                      0x08000195   Thumb Code     2  stm32f10x_it.o(.text)
    TIM1_UP_IRQHandler                       0x08000197   Thumb Code     2  stm32f10x_it.o(.text)
    TIM1_TRG_COM_IRQHandler                  0x08000199   Thumb Code     2  stm32f10x_it.o(.text)
    TIM1_CC_IRQHandler                       0x0800019b   Thumb Code     2  stm32f10x_it.o(.text)
    TIM2_IRQHandler                          0x0800019d   Thumb Code     2  stm32f10x_it.o(.text)
    TIM3_IRQHandler                          0x0800019f   Thumb Code     2  stm32f10x_it.o(.text)
    TIM4_IRQHandler                          0x080001a1   Thumb Code     2  stm32f10x_it.o(.text)
    I2C1_EV_IRQHandler                       0x080001a3   Thumb Code     2  stm32f10x_it.o(.text)
    I2C1_ER_IRQHandler                       0x080001a5   Thumb Code     2  stm32f10x_it.o(.text)
    I2C2_EV_IRQHandler                       0x080001a7   Thumb Code     2  stm32f10x_it.o(.text)
    I2C2_ER_IRQHandler                       0x080001a9   Thumb Code     2  stm32f10x_it.o(.text)
    SPI1_IRQHandler                          0x080001ab   Thumb Code     2  stm32f10x_it.o(.text)
    SPI2_IRQHandler                          0x080001ad   Thumb Code     2  stm32f10x_it.o(.text)
    USART1_IRQHandler                        0x080001af   Thumb Code     2  stm32f10x_it.o(.text)
    USART2_IRQHandler                        0x080001b1   Thumb Code     2  stm32f10x_it.o(.text)
    USART3_IRQHandler                        0x080001b3   Thumb Code     2  stm32f10x_it.o(.text)
    EXTI15_10_IRQHandler                     0x080001b5   Thumb Code     2  stm32f10x_it.o(.text)
    RTCAlarm_IRQHandler                      0x080001b7   Thumb Code     2  stm32f10x_it.o(.text)
    USBWakeUp_IRQHandler                     0x080001b9   Thumb Code     2  stm32f10x_it.o(.text)
    TIM8_BRK_IRQHandler                      0x080001bb   Thumb Code     2  stm32f10x_it.o(.text)
    TIM8_UP_IRQHandler                       0x080001bd   Thumb Code     2  stm32f10x_it.o(.text)
    TIM8_TRG_COM_IRQHandler                  0x080001bf   Thumb Code     2  stm32f10x_it.o(.text)
    TIM8_CC_IRQHandler                       0x080001c1   Thumb Code     2  stm32f10x_it.o(.text)
    ADC3_IRQHandler                          0x080001c3   Thumb Code     2  stm32f10x_it.o(.text)
    FSMC_IRQHandler                          0x080001c5   Thumb Code     2  stm32f10x_it.o(.text)
    SDIO_IRQHandler                          0x080001c7   Thumb Code     8  stm32f10x_it.o(.text)
    TIM5_IRQHandler                          0x080001cf   Thumb Code     2  stm32f10x_it.o(.text)
    SPI3_IRQHandler                          0x080001d1   Thumb Code     2  stm32f10x_it.o(.text)
    UART4_IRQHandler                         0x080001d3   Thumb Code     2  stm32f10x_it.o(.text)
    UART5_IRQHandler                         0x080001d5   Thumb Code     2  stm32f10x_it.o(.text)
    TIM6_IRQHandler                          0x080001d7   Thumb Code     2  stm32f10x_it.o(.text)
    TIM7_IRQHandler                          0x080001d9   Thumb Code     2  stm32f10x_it.o(.text)
    DMA2_Channel1_IRQHandler                 0x080001db   Thumb Code     2  stm32f10x_it.o(.text)
    DMA2_Channel2_IRQHandler                 0x080001dd   Thumb Code     2  stm32f10x_it.o(.text)
    DMA2_Channel3_IRQHandler                 0x080001df   Thumb Code     2  stm32f10x_it.o(.text)
    DMA2_Channel4_5_IRQHandler               0x080001e1   Thumb Code     2  stm32f10x_it.o(.text)
    Delay                                    0x080001e5   Thumb Code    36  main.o(.text)
    DelayKEY                                 0x08000209   Thumb Code    52  main.o(.text)
    SDPicShow                                0x0800023d   Thumb Code    72  main.o(.text)
    OTP_NO                                   0x08000285   Thumb Code    64  main.o(.text)
    SHOW_IC_VALUE_A                          0x080002c5   Thumb Code    86  main.o(.text)
    OTP_ERROR                                0x0800031b   Thumb Code    66  main.o(.text)
    MDelay                                   0x0800035d   Thumb Code    30  main.o(.text)
    MTP                                      0x0800037b   Thumb Code   686  main.o(.text)
    I2C_DATAL_COMPARE                        0x08000629   Thumb Code    54  main.o(.text)
    SENSOR_Check                             0x0800065f   Thumb Code    78  main.o(.text)
    I2C_MEMSURE1                             0x080006ad   Thumb Code   110  main.o(.text)
    I2C_DATAL_COMPAREX                       0x0800071b   Thumb Code    78  main.o(.text)
    MTP_ID                                   0x08000769   Thumb Code   934  main.o(.text)
    ID_CHECK                                 0x08000b0f   Thumb Code   174  main.o(.text)
    SD_InitAndConfig                         0x08000bbd   Thumb Code    96  main.o(.text)
    KEYGPIO_Init                             0x08000c1d   Thumb Code    54  main.o(.text)
    SysTick_Config                           0x08000c53   Thumb Code    28  main.o(.text)
    NVIC_Configuration                       0x08000c6f   Thumb Code    80  main.o(.text)
    RCC_Configuration                        0x08000cbf   Thumb Code   120  main.o(.text)
    main                                     0x08000d37   Thumb Code   870  main.o(.text)
    KEY_adjust                               0x0800109d   Thumb Code    98  main.o(.text)
    SHOW_value                               0x080010ff   Thumb Code   116  main.o(.text)
    READ_SSD2825                             0x08001173   Thumb Code   148  main.o(.text)
    SHOW_IC_VALUE                            0x08001207   Thumb Code   196  main.o(.text)
    InterruptConfig                          0x080012cb   Thumb Code    22  main.o(.text)
    Decrement_TimingDelay                    0x080012e1   Thumb Code    18  main.o(.text)
    USART_Configuration                      0x080012f3   Thumb Code    86  main.o(.text)
    USART1GPIO_Configuration                 0x08001349   Thumb Code    58  main.o(.text)
    SSD1963Data_8                            0x080013cd   Thumb Code    86  lcd.o(.text)
    SSD1963Command_8                         0x08001423   Thumb Code    86  lcd.o(.text)
    SSD1963GPIOOUTDATA_16                    0x08001479   Thumb Code   292  lcd.o(.text)
    SSD1963GPIOOUTCOM                        0x0800159d   Thumb Code   164  lcd.o(.text)
    VIDEO_ON                                 0x08001641   Thumb Code    24  lcd.o(.text)
    SSD1963GPIOOUTDATA_18                    0x08001659   Thumb Code   152  lcd.o(.text)
    SEND_MIPI_DATA                           0x080016f1   Thumb Code    54  lcd.o(.text)
    SSD2825_CLAN043LL_SC7789_A               0x08001727   Thumb Code   294  lcd.o(.text)
    SSD1963INITSSD2825                       0x0800184d   Thumb Code   262  lcd.o(.text)
    LCD_CtrlLinesConfig                      0x08001953   Thumb Code    74  lcd.o(.text)
    STM32_SSD1963_Init                       0x0800199d   Thumb Code   724  lcd.o(.text)
    SSD1963Data_8tt                          0x08001c71   Thumb Code    28  lcd.o(.text)
    SSD1963toSSD2825DATA_8BIT                0x08001c8d   Thumb Code   152  lcd.o(.text)
    SSD1963GPIOOUTDATA_8                     0x08001d25   Thumb Code   286  lcd.o(.text)
    SPISDASetInput                           0x08001e43   Thumb Code    26  lcd.o(.text)
    SPISDASetOutput                          0x08001e5d   Thumb Code    32  lcd.o(.text)
    SSD2825_READ                             0x08001e7d   Thumb Code   454  lcd.o(.text)
    SSD2825_READ_CONTINUE                    0x08002043   Thumb Code   330  lcd.o(.text)
    ENTER_LP_mode                            0x0800218d   Thumb Code    18  lcd.o(.text)
    ENTER_READ_mode                          0x0800219f   Thumb Code    18  lcd.o(.text)
    ENTER_hs_mode                            0x080021b1   Thumb Code    18  lcd.o(.text)
    TC358768_DCS_write_1A_0P                 0x080021c3   Thumb Code    80  lcd.o(.text)
    READ_IC                                  0x08002213   Thumb Code   144  lcd.o(.text)
    HX8369_cmd_4                             0x080022a3   Thumb Code    58  lcd.o(.text)
    SSD2825INITIAL_HX8369B                   0x080022dd   Thumb Code  2286  lcd.o(.text)
    enter_sleep_mode                         0x08002bcb   Thumb Code   308  lcd.o(.text)
    exit_sleep_mode                          0x08002cff   Thumb Code     8  lcd.o(.text)
    Soft_reset                               0x08002d07   Thumb Code    70  lcd.o(.text)
    Forward_scan                             0x08002d4d   Thumb Code    12  lcd.o(.text)
    Backward_scan                            0x08002d59   Thumb Code    12  lcd.o(.text)
    LCD_SetDisplayWindow                     0x08002d65   Thumb Code   100  lcd.o(.text)
    LCD_WriteRAM_Prepare                     0x08002dc9   Thumb Code    10  lcd.o(.text)
    LCD_DrawPoint                            0x08002dd3   Thumb Code    64  lcd.o(.text)
    LCD_WriteArea                            0x08002e13   Thumb Code    98  lcd.o(.text)
    Flicker_sub_pixel                        0x08002e75   Thumb Code   134  lcd.o(.text)
    Flicker_PIXEL                            0x08002efb   Thumb Code   134  lcd.o(.text)
    Flicker_COLUMN                           0x08002f81   Thumb Code   102  lcd.o(.text)
    RGB_color                                0x08002fe7   Thumb Code   262  lcd.o(.text)
    CT                                       0x080030ed   Thumb Code   148  lcd.o(.text)
    All_Color                                0x08003181   Thumb Code   112  lcd.o(.text)
    LCD_Clear                                0x080031f1   Thumb Code    14  lcd.o(.text)
    LCD_WriteBMP                             0x080031ff   Thumb Code   110  lcd.o(.text)
    LCD_PutChar                              0x0800326d   Thumb Code   134  lcd.o(.text)
    LCD_DisplayStringLine                    0x080032f3   Thumb Code    58  lcd.o(.text)
    LCD_PutChar_A                            0x0800332d   Thumb Code   226  lcd.o(.text)
    LCD_DisplayStringLine_A                  0x0800340f   Thumb Code    94  lcd.o(.text)
    LCD_PutChar1                             0x0800346d   Thumb Code   222  lcd.o(.text)
    LCD_DisplayChinese                       0x0800354b   Thumb Code   122  lcd.o(.text)
    DMA_DeInit                               0x080035c5   Thumb Code   316  stm32f10x_dma.o(.text)
    DMA_Init                                 0x08003701   Thumb Code    60  stm32f10x_dma.o(.text)
    DMA_StructInit                           0x0800373d   Thumb Code    26  stm32f10x_dma.o(.text)
    DMA_Cmd                                  0x08003757   Thumb Code    22  stm32f10x_dma.o(.text)
    DMA_ITConfig                             0x0800376d   Thumb Code    18  stm32f10x_dma.o(.text)
    DMA_GetCurrDataCounter                   0x0800377f   Thumb Code     8  stm32f10x_dma.o(.text)
    DMA_GetFlagStatus                        0x08003787   Thumb Code    34  stm32f10x_dma.o(.text)
    DMA_ClearFlag                            0x080037a9   Thumb Code    18  stm32f10x_dma.o(.text)
    DMA_GetITStatus                          0x080037bb   Thumb Code    34  stm32f10x_dma.o(.text)
    DMA_ClearITPendingBit                    0x080037dd   Thumb Code    18  stm32f10x_dma.o(.text)
    FLASH_SetLatency                         0x08003809   Thumb Code    22  stm32f10x_flash.o(.text)
    FLASH_HalfCycleAccessCmd                 0x0800381f   Thumb Code    22  stm32f10x_flash.o(.text)
    FLASH_PrefetchBufferCmd                  0x08003835   Thumb Code    22  stm32f10x_flash.o(.text)
    GPIO_DeInit                              0x08003851   Thumb Code   188  stm32f10x_gpio.o(.text)
    GPIO_AFIODeInit                          0x0800390d   Thumb Code    20  stm32f10x_gpio.o(.text)
    GPIO_Init                                0x08003921   Thumb Code   274  stm32f10x_gpio.o(.text)
    GPIO_StructInit                          0x08003a33   Thumb Code    16  stm32f10x_gpio.o(.text)
    GPIO_ReadInputDataBit                    0x08003a43   Thumb Code    18  stm32f10x_gpio.o(.text)
    GPIO_ReadInputData                       0x08003a55   Thumb Code     8  stm32f10x_gpio.o(.text)
    GPIO_ReadOutputDataBit                   0x08003a5d   Thumb Code    18  stm32f10x_gpio.o(.text)
    GPIO_ReadOutputData                      0x08003a6f   Thumb Code     8  stm32f10x_gpio.o(.text)
    GPIO_SetBits                             0x08003a77   Thumb Code     4  stm32f10x_gpio.o(.text)
    GPIO_ResetBits                           0x08003a7b   Thumb Code     4  stm32f10x_gpio.o(.text)
    GPIO_WriteBit                            0x08003a7f   Thumb Code    10  stm32f10x_gpio.o(.text)
    GPIO_Write                               0x08003a89   Thumb Code     4  stm32f10x_gpio.o(.text)
    GPIO_PinLockConfig                       0x08003a8d   Thumb Code    18  stm32f10x_gpio.o(.text)
    GPIO_EventOutputConfig                   0x08003a9f   Thumb Code    26  stm32f10x_gpio.o(.text)
    GPIO_EventOutputCmd                      0x08003ab9   Thumb Code     6  stm32f10x_gpio.o(.text)
    GPIO_PinRemapConfig                      0x08003abf   Thumb Code   106  stm32f10x_gpio.o(.text)
    GPIO_EXTILineConfig                      0x08003b29   Thumb Code    66  stm32f10x_gpio.o(.text)
    NVIC_DeInit                              0x08003b7d   Thumb Code    58  stm32f10x_nvic.o(.text)
    NVIC_SCBDeInit                           0x08003bb7   Thumb Code    92  stm32f10x_nvic.o(.text)
    NVIC_PriorityGroupConfig                 0x08003c13   Thumb Code    10  stm32f10x_nvic.o(.text)
    NVIC_Init                                0x08003c1d   Thumb Code   192  stm32f10x_nvic.o(.text)
    NVIC_StructInit                          0x08003cdd   Thumb Code    12  stm32f10x_nvic.o(.text)
    NVIC_SETPRIMASK                          0x08003ce9   Thumb Code     8  stm32f10x_nvic.o(.text)
    NVIC_RESETPRIMASK                        0x08003cf1   Thumb Code     8  stm32f10x_nvic.o(.text)
    NVIC_SETFAULTMASK                        0x08003cf9   Thumb Code     8  stm32f10x_nvic.o(.text)
    NVIC_RESETFAULTMASK                      0x08003d01   Thumb Code     8  stm32f10x_nvic.o(.text)
    NVIC_BASEPRICONFIG                       0x08003d09   Thumb Code    12  stm32f10x_nvic.o(.text)
    NVIC_GetBASEPRI                          0x08003d15   Thumb Code     8  stm32f10x_nvic.o(.text)
    NVIC_GetCurrentPendingIRQChannel         0x08003d1d   Thumb Code    10  stm32f10x_nvic.o(.text)
    NVIC_GetIRQChannelPendingBitStatus       0x08003d27   Thumb Code    42  stm32f10x_nvic.o(.text)
    NVIC_SetIRQChannelPendingBit             0x08003d51   Thumb Code     6  stm32f10x_nvic.o(.text)
    NVIC_ClearIRQChannelPendingBit           0x08003d57   Thumb Code    20  stm32f10x_nvic.o(.text)
    NVIC_GetCurrentActiveHandler             0x08003d6b   Thumb Code    10  stm32f10x_nvic.o(.text)
    NVIC_GetIRQChannelActiveBitStatus        0x08003d75   Thumb Code    42  stm32f10x_nvic.o(.text)
    NVIC_GetCPUID                            0x08003d9f   Thumb Code     6  stm32f10x_nvic.o(.text)
    NVIC_SetVectorTable                      0x08003da5   Thumb Code    12  stm32f10x_nvic.o(.text)
    NVIC_GenerateSystemReset                 0x08003db1   Thumb Code    10  stm32f10x_nvic.o(.text)
    NVIC_GenerateCoreReset                   0x08003dbb   Thumb Code    10  stm32f10x_nvic.o(.text)
    NVIC_SystemLPConfig                      0x08003dc5   Thumb Code    38  stm32f10x_nvic.o(.text)
    NVIC_SystemHandlerConfig                 0x08003deb   Thumb Code    52  stm32f10x_nvic.o(.text)
    NVIC_SystemHandlerPriorityConfig         0x08003e1f   Thumb Code   122  stm32f10x_nvic.o(.text)
    NVIC_GetSystemHandlerPendingBitStatus    0x08003e99   Thumb Code    42  stm32f10x_nvic.o(.text)
    NVIC_SetSystemHandlerPendingBit          0x08003ec3   Thumb Code    32  stm32f10x_nvic.o(.text)
    NVIC_ClearSystemHandlerPendingBit        0x08003ee3   Thumb Code    38  stm32f10x_nvic.o(.text)
    NVIC_GetSystemHandlerActiveBitStatus     0x08003f09   Thumb Code    40  stm32f10x_nvic.o(.text)
    NVIC_GetFaultHandlerSources              0x08003f31   Thumb Code   126  stm32f10x_nvic.o(.text)
    NVIC_GetFaultAddress                     0x08003faf   Thumb Code    24  stm32f10x_nvic.o(.text)
    RCC_DeInit                               0x08003fd5   Thumb Code    62  stm32f10x_rcc.o(.text)
    RCC_HSEConfig                            0x08004013   Thumb Code    70  stm32f10x_rcc.o(.text)
    RCC_GetFlagStatus                        0x08004059   Thumb Code    56  stm32f10x_rcc.o(.text)
    RCC_WaitForHSEStartUp                    0x08004091   Thumb Code    46  stm32f10x_rcc.o(.text)
    RCC_AdjustHSICalibrationValue            0x080040bf   Thumb Code    20  stm32f10x_rcc.o(.text)
    RCC_HSICmd                               0x080040d3   Thumb Code     6  stm32f10x_rcc.o(.text)
    RCC_PLLConfig                            0x080040d9   Thumb Code    24  stm32f10x_rcc.o(.text)
    RCC_PLLCmd                               0x080040f1   Thumb Code     6  stm32f10x_rcc.o(.text)
    RCC_SYSCLKConfig                         0x080040f7   Thumb Code    18  stm32f10x_rcc.o(.text)
    RCC_GetSYSCLKSource                      0x08004109   Thumb Code    10  stm32f10x_rcc.o(.text)
    RCC_HCLKConfig                           0x08004113   Thumb Code    18  stm32f10x_rcc.o(.text)
    RCC_PCLK1Config                          0x08004125   Thumb Code    18  stm32f10x_rcc.o(.text)
    RCC_PCLK2Config                          0x08004137   Thumb Code    20  stm32f10x_rcc.o(.text)
    RCC_ITConfig                             0x0800414b   Thumb Code    30  stm32f10x_rcc.o(.text)
    RCC_USBCLKConfig                         0x08004169   Thumb Code     6  stm32f10x_rcc.o(.text)
    RCC_ADCCLKConfig                         0x0800416f   Thumb Code    18  stm32f10x_rcc.o(.text)
    RCC_LSEConfig                            0x08004181   Thumb Code    44  stm32f10x_rcc.o(.text)
    RCC_LSICmd                               0x080041ad   Thumb Code     6  stm32f10x_rcc.o(.text)
    RCC_RTCCLKConfig                         0x080041b3   Thumb Code    12  stm32f10x_rcc.o(.text)
    RCC_RTCCLKCmd                            0x080041bf   Thumb Code     6  stm32f10x_rcc.o(.text)
    RCC_GetClocksFreq                        0x080041c5   Thumb Code   192  stm32f10x_rcc.o(.text)
    RCC_AHBPeriphClockCmd                    0x08004285   Thumb Code    26  stm32f10x_rcc.o(.text)
    RCC_APB2PeriphClockCmd                   0x0800429f   Thumb Code    26  stm32f10x_rcc.o(.text)
    RCC_APB1PeriphClockCmd                   0x080042b9   Thumb Code    26  stm32f10x_rcc.o(.text)
    RCC_APB2PeriphResetCmd                   0x080042d3   Thumb Code    26  stm32f10x_rcc.o(.text)
    RCC_APB1PeriphResetCmd                   0x080042ed   Thumb Code    26  stm32f10x_rcc.o(.text)
    RCC_BackupResetCmd                       0x08004307   Thumb Code     6  stm32f10x_rcc.o(.text)
    RCC_ClockSecuritySystemCmd               0x0800430d   Thumb Code     6  stm32f10x_rcc.o(.text)
    RCC_MCOConfig                            0x08004313   Thumb Code     6  stm32f10x_rcc.o(.text)
    RCC_ClearFlag                            0x08004319   Thumb Code    14  stm32f10x_rcc.o(.text)
    RCC_GetITStatus                          0x08004327   Thumb Code    20  stm32f10x_rcc.o(.text)
    RCC_ClearITPendingBit                    0x0800433b   Thumb Code     6  stm32f10x_rcc.o(.text)
    SDIO_DeInit                              0x08004375   Thumb Code    28  stm32f10x_sdio.o(.text)
    SDIO_Init                                0x08004391   Thumb Code    42  stm32f10x_sdio.o(.text)
    SDIO_StructInit                          0x080043bb   Thumb Code    16  stm32f10x_sdio.o(.text)
    SDIO_ClockCmd                            0x080043cb   Thumb Code     6  stm32f10x_sdio.o(.text)
    SDIO_SetPowerState                       0x080043d1   Thumb Code    22  stm32f10x_sdio.o(.text)
    SDIO_GetPowerState                       0x080043e7   Thumb Code    10  stm32f10x_sdio.o(.text)
    SDIO_ITConfig                            0x080043f1   Thumb Code    26  stm32f10x_sdio.o(.text)
    SDIO_DMACmd                              0x0800440b   Thumb Code     6  stm32f10x_sdio.o(.text)
    SDIO_SendCommand                         0x08004411   Thumb Code    38  stm32f10x_sdio.o(.text)
    SDIO_CmdStructInit                       0x08004437   Thumb Code    14  stm32f10x_sdio.o(.text)
    SDIO_GetCommandResponse                  0x08004445   Thumb Code     8  stm32f10x_sdio.o(.text)
    SDIO_GetResponse                         0x0800444d   Thumb Code    10  stm32f10x_sdio.o(.text)
    SDIO_DataConfig                          0x08004457   Thumb Code    42  stm32f10x_sdio.o(.text)
    SDIO_DataStructInit                      0x08004481   Thumb Code    20  stm32f10x_sdio.o(.text)
    SDIO_GetDataCounter                      0x08004495   Thumb Code     6  stm32f10x_sdio.o(.text)
    SDIO_ReadData                            0x0800449b   Thumb Code     6  stm32f10x_sdio.o(.text)
    SDIO_WriteData                           0x080044a1   Thumb Code     6  stm32f10x_sdio.o(.text)
    SDIO_GetFIFOCount                        0x080044a7   Thumb Code     6  stm32f10x_sdio.o(.text)
    SDIO_StartSDIOReadWait                   0x080044ad   Thumb Code     6  stm32f10x_sdio.o(.text)
    SDIO_StopSDIOReadWait                    0x080044b3   Thumb Code     6  stm32f10x_sdio.o(.text)
    SDIO_SetSDIOReadWaitMode                 0x080044b9   Thumb Code     6  stm32f10x_sdio.o(.text)
    SDIO_SetSDIOOperation                    0x080044bf   Thumb Code     6  stm32f10x_sdio.o(.text)
    SDIO_SendSDIOSuspendCmd                  0x080044c5   Thumb Code     6  stm32f10x_sdio.o(.text)
    SDIO_CommandCompletionCmd                0x080044cb   Thumb Code     6  stm32f10x_sdio.o(.text)
    SDIO_CEATAITCmd                          0x080044d1   Thumb Code    10  stm32f10x_sdio.o(.text)
    SDIO_SendCEATACmd                        0x080044db   Thumb Code     6  stm32f10x_sdio.o(.text)
    SDIO_GetFlagStatus                       0x080044e1   Thumb Code    20  stm32f10x_sdio.o(.text)
    SDIO_ClearFlag                           0x080044f5   Thumb Code     6  stm32f10x_sdio.o(.text)
    SDIO_GetITStatus                         0x080044fb   Thumb Code    20  stm32f10x_sdio.o(.text)
    SDIO_ClearITPendingBit                   0x0800450f   Thumb Code     6  stm32f10x_sdio.o(.text)
    SysTick_CLKSourceConfig                  0x08004549   Thumb Code    40  stm32f10x_systick.o(.text)
    SysTick_SetReload                        0x08004571   Thumb Code     8  stm32f10x_systick.o(.text)
    SysTick_CounterCmd                       0x08004579   Thumb Code    54  stm32f10x_systick.o(.text)
    SysTick_ITConfig                         0x080045af   Thumb Code    38  stm32f10x_systick.o(.text)
    SysTick_GetCounter                       0x080045d5   Thumb Code     8  stm32f10x_systick.o(.text)
    SysTick_GetFlagStatus                    0x080045dd   Thumb Code    46  stm32f10x_systick.o(.text)
    USART_DeInit                             0x0800460d   Thumb Code   146  stm32f10x_usart.o(.text)
    USART_Init                               0x0800469f   Thumb Code   150  stm32f10x_usart.o(.text)
    USART_StructInit                         0x08004735   Thumb Code    24  stm32f10x_usart.o(.text)
    USART_ClockInit                          0x0800474d   Thumb Code    34  stm32f10x_usart.o(.text)
    USART_ClockStructInit                    0x0800476f   Thumb Code    12  stm32f10x_usart.o(.text)
    USART_Cmd                                0x0800477b   Thumb Code    24  stm32f10x_usart.o(.text)
    USART_ITConfig                           0x08004793   Thumb Code    64  stm32f10x_usart.o(.text)
    USART_DMACmd                             0x080047d3   Thumb Code    24  stm32f10x_usart.o(.text)
    USART_SetAddress                         0x080047eb   Thumb Code    18  stm32f10x_usart.o(.text)
    USART_WakeUpConfig                       0x080047fd   Thumb Code    18  stm32f10x_usart.o(.text)
    USART_ReceiverWakeUpCmd                  0x0800480f   Thumb Code    24  stm32f10x_usart.o(.text)
    USART_LINBreakDetectLengthConfig         0x08004827   Thumb Code    18  stm32f10x_usart.o(.text)
    USART_LINCmd                             0x08004839   Thumb Code    24  stm32f10x_usart.o(.text)
    USART_SendData                           0x08004851   Thumb Code     8  stm32f10x_usart.o(.text)
    USART_ReceiveData                        0x08004859   Thumb Code    10  stm32f10x_usart.o(.text)
    USART_SendBreak                          0x08004863   Thumb Code    10  stm32f10x_usart.o(.text)
    USART_SetGuardTime                       0x0800486d   Thumb Code    16  stm32f10x_usart.o(.text)
    USART_SetPrescaler                       0x0800487d   Thumb Code    16  stm32f10x_usart.o(.text)
    USART_SmartCardCmd                       0x0800488d   Thumb Code    24  stm32f10x_usart.o(.text)
    USART_SmartCardNACKCmd                   0x080048a5   Thumb Code    24  stm32f10x_usart.o(.text)
    USART_HalfDuplexCmd                      0x080048bd   Thumb Code    24  stm32f10x_usart.o(.text)
    USART_IrDAConfig                         0x080048d5   Thumb Code    18  stm32f10x_usart.o(.text)
    USART_IrDACmd                            0x080048e7   Thumb Code    24  stm32f10x_usart.o(.text)
    USART_GetFlagStatus                      0x080048ff   Thumb Code    18  stm32f10x_usart.o(.text)
    USART_ClearFlag                          0x08004911   Thumb Code     6  stm32f10x_usart.o(.text)
    USART_GetITStatus                        0x08004917   Thumb Code    76  stm32f10x_usart.o(.text)
    USART_ClearITPendingBit                  0x08004963   Thumb Code    20  stm32f10x_usart.o(.text)
    Reset_Handler                            0x08004985   Thumb Code     4  stm32f10x_vector.o(.text)
    __WFI                                    0x0800498d   Thumb Code     0  cortexm3_macro.o(.text)
    __WFE                                    0x08004991   Thumb Code     0  cortexm3_macro.o(.text)
    __SEV                                    0x08004995   Thumb Code     0  cortexm3_macro.o(.text)
    __ISB                                    0x08004999   Thumb Code     0  cortexm3_macro.o(.text)
    __DSB                                    0x0800499f   Thumb Code     0  cortexm3_macro.o(.text)
    __DMB                                    0x080049a5   Thumb Code     0  cortexm3_macro.o(.text)
    __SVC                                    0x080049ab   Thumb Code     0  cortexm3_macro.o(.text)
    __MRS_CONTROL                            0x080049af   Thumb Code     0  cortexm3_macro.o(.text)
    __MSR_CONTROL                            0x080049b5   Thumb Code     0  cortexm3_macro.o(.text)
    __MRS_PSP                                0x080049bf   Thumb Code     0  cortexm3_macro.o(.text)
    __MSR_PSP                                0x080049c5   Thumb Code     0  cortexm3_macro.o(.text)
    __MRS_MSP                                0x080049cb   Thumb Code     0  cortexm3_macro.o(.text)
    __MSR_MSP                                0x080049d1   Thumb Code     0  cortexm3_macro.o(.text)
    __RESETPRIMASK                           0x080049d7   Thumb Code     0  cortexm3_macro.o(.text)
    __SETPRIMASK                             0x080049db   Thumb Code     0  cortexm3_macro.o(.text)
    __READ_PRIMASK                           0x080049df   Thumb Code     0  cortexm3_macro.o(.text)
    __SETFAULTMASK                           0x080049e5   Thumb Code     0  cortexm3_macro.o(.text)
    __RESETFAULTMASK                         0x080049e9   Thumb Code     0  cortexm3_macro.o(.text)
    __READ_FAULTMASK                         0x080049ed   Thumb Code     0  cortexm3_macro.o(.text)
    __BASEPRICONFIG                          0x080049f3   Thumb Code     0  cortexm3_macro.o(.text)
    __GetBASEPRI                             0x080049f9   Thumb Code     0  cortexm3_macro.o(.text)
    __REV_HalfWord                           0x080049ff   Thumb Code     0  cortexm3_macro.o(.text)
    __REV_Word                               0x08004a03   Thumb Code     0  cortexm3_macro.o(.text)
    SD_InitializeCards                       0x08004a09   Thumb Code   436  sdcard.o(.text)
    SD_PowerON                               0x08004ce5   Thumb Code   484  sdcard.o(.text)
    SD_Init                                  0x08004ec9   Thumb Code   122  sdcard.o(.text)
    SD_PowerOFF                              0x08004f43   Thumb Code    14  sdcard.o(.text)
    SD_GetCardInfo                           0x08004f51   Thumb Code   626  sdcard.o(.text)
    SD_EnableWideBusOperation                0x080053e7   Thumb Code   124  sdcard.o(.text)
    SD_SetDeviceMode                         0x08005463   Thumb Code    28  sdcard.o(.text)
    SD_SelectDeselect                        0x0800547f   Thumb Code    40  sdcard.o(.text)
    SD_ReadBlock                             0x080054a7   Thumb Code   612  sdcard.o(.text)
    SD_ReadMultiBlocks                       0x0800570b   Thumb Code   678  sdcard.o(.text)
    SD_WriteBlock                            0x08005b1d   Thumb Code   868  sdcard.o(.text)
    SD_WriteMultiBlocks                      0x08005e81   Thumb Code   988  sdcard.o(.text)
    SD_GetTransferState                      0x0800625d   Thumb Code    14  sdcard.o(.text)
    SD_StopTransfer                          0x0800626b   Thumb Code    36  sdcard.o(.text)
    SD_Erase                                 0x0800628f   Thumb Code   294  sdcard.o(.text)
    SD_SendStatus                            0x080063b5   Thumb Code    72  sdcard.o(.text)
    SD_SendSDStatus                          0x080063fd   Thumb Code   370  sdcard.o(.text)
    SD_ProcessIRQSrc                         0x0800656f   Thumb Code   450  sdcard.o(.text)
    FAT_Init                                 0x08006745   Thumb Code   190  fat.o(.text)
    FAT_LoadPartCluster                      0x08006803   Thumb Code    36  fat.o(.text)
    FAT_NextCluster                          0x08006827   Thumb Code    78  fat.o(.text)
    FAT_FindFreeCluster                      0x08006875   Thumb Code   146  fat.o(.text)
    FAT_FindFreeItem                         0x08006907   Thumb Code   414  fat.o(.text)
    FAT_FindItem                             0x08006aa5   Thumb Code   526  fat.o(.text)
    FAT_SelectOneItem                        0x08006cb3   Thumb Code   440  fat.o(.text)
    FAT_ModifyFAT                            0x08006e6b   Thumb Code   146  fat.o(.text)
    FAT_MkDir                                0x08006efd   Thumb Code   724  fat.o(.text)
    FAT_DelItem                              0x080071d1   Thumb Code   338  fat.o(.text)
    FAT_OpenDir                              0x08007323   Thumb Code   232  fat.o(.text)
    FAT_RmDir                                0x0800740b   Thumb Code    24  fat.o(.text)
    FAT_Create                               0x08007423   Thumb Code   490  fat.o(.text)
    FAT_Open                                 0x0800760d   Thumb Code   280  fat.o(.text)
    FAT_Close                                0x08007725   Thumb Code     8  fat.o(.text)
    FAT_Write                                0x0800772d   Thumb Code    90  fat.o(.text)
    FAT_Delete                               0x08007787   Thumb Code    24  fat.o(.text)
    FAT_Rename                               0x0800779f   Thumb Code   454  fat.o(.text)
    CopyDirentruyItem                        0x08007965   Thumb Code   172  fat.o(.text)
    WriteFolderCluster                       0x08007a11   Thumb Code     6  fat.o(.text)
    GetFolderCluster                         0x08007a17   Thumb Code     6  fat.o(.text)
    SearchFolder                             0x08007a1d   Thumb Code   438  fat.o(.text)
    SearchInit                               0x08007bd3   Thumb Code    74  fat.o(.text)
    Search                                   0x08007c1d   Thumb Code  1202  fat.o(.text)
    Search_man                               0x080080cf   Thumb Code   488  fat.o(.text)
    Disp_BMP                                 0x080082c5   Thumb Code   656  disp.o(.text)
    Sensor_GPIO_Config                       0x08008591   Thumb Code    30  tsliic_rev01.o(.text)
    Dly_10ns                                 0x080085af   Thumb Code    22  tsliic_rev01.o(.text)
    TWait                                    0x080085c5   Thumb Code    10  tsliic_rev01.o(.text)
    PIN_SDA_FLOAT                            0x080085cf   Thumb Code    24  tsliic_rev01.o(.text)
    PIN_SDA_OUTPUT                           0x080085e7   Thumb Code    30  tsliic_rev01.o(.text)
    TSLStart                                 0x08008605   Thumb Code    48  tsliic_rev01.o(.text)
    TSLStop                                  0x08008635   Thumb Code    52  tsliic_rev01.o(.text)
    SendTAck                                 0x08008669   Thumb Code    50  tsliic_rev01.o(.text)
    TestTAck                                 0x0800869b   Thumb Code    54  tsliic_rev01.o(.text)
    TSLSentByte                              0x080086d1   Thumb Code    70  tsliic_rev01.o(.text)
    TSLReceiveByte                           0x08008717   Thumb Code    70  tsliic_rev01.o(.text)
    TSLWriteReg                              0x0800875d   Thumb Code    84  tsliic_rev01.o(.text)
    ReadReg                                  0x080087b1   Thumb Code   102  tsliic_rev01.o(.text)
    ReadRegMuti                              0x08008817   Thumb Code   132  tsliic_rev01.o(.text)
    CalculateLux                             0x0800889b   Thumb Code   232  tsliic_rev01.o(.text)
    TSL2561Init                              0x08008983   Thumb Code    68  tsliic_rev01.o(.text)
    sensor_check                             0x080089c7   Thumb Code    64  tsliic_rev01.o(.text)
    GetBright                                0x08008a07   Thumb Code    94  tsliic_rev01.o(.text)
    GetBright2                               0x08008a65   Thumb Code    96  tsliic_rev01.o(.text)
    GetFlicker                               0x08008ac5   Thumb Code   422  tsliic_rev01.o(.text)
    GET_FLICKER                              0x08008c6b   Thumb Code     8  tsliic_rev01.o(.text)
    __aeabi_memcpy                           0x08008c79   Thumb Code    36  memcpya.o(.text)
    __aeabi_memcpy4                          0x08008c79   Thumb Code     0  memcpya.o(.text)
    __aeabi_memcpy8                          0x08008c79   Thumb Code     0  memcpya.o(.text)
    __aeabi_memset                           0x08008c9d   Thumb Code    14  memseta.o(.text)
    __aeabi_memset4                          0x08008c9d   Thumb Code     0  memseta.o(.text)
    __aeabi_memset8                          0x08008c9d   Thumb Code     0  memseta.o(.text)
    __aeabi_memclr                           0x08008cab   Thumb Code     4  memseta.o(.text)
    __aeabi_memclr4                          0x08008cab   Thumb Code     0  memseta.o(.text)
    __aeabi_memclr8                          0x08008cab   Thumb Code     0  memseta.o(.text)
    _memset$wrapper                          0x08008caf   Thumb Code    20  memseta.o(.text)
    __aeabi_i2f                              0x08008cc3   Thumb Code    18  fflti.o(.text)
    __aeabi_f2uiz                            0x08008cd5   Thumb Code    40  ffixui.o(.text)
    __I$use$fp                               0x08008cfd   Thumb Code     0  iusefp.o(.text)
    _float_round                             0x08008cfd   Thumb Code    18  fepilogue.o(.text)
    _float_epilogue                          0x08008d0f   Thumb Code    94  fepilogue.o(.text)
    __scatterload                            0x08008d6d   Thumb Code    28  init.o(.text)
    __scatterload_rt2                        0x08008d6d   Thumb Code     0  init.o(.text)
    __decompress                             0x08008d91   Thumb Code     0  __dczerorl2.o(.text)
    __decompress1                            0x08008d91   Thumb Code    92  __dczerorl2.o(.text)
    __ARM_common_memset4_12                  0x08008ded   Thumb Code    18  fat.o(i.__ARM_common_memset4_12)
    __scatterload_copy                       0x08008dff   Thumb Code    14  handlers.o(i.__scatterload_copy)
    __scatterload_null                       0x08008e0d   Thumb Code     2  handlers.o(i.__scatterload_null)
    __scatterload_zeroinit                   0x08008e0f   Thumb Code    14  handlers.o(i.__scatterload_zeroinit)
    free                                     0x08008e1d   Thumb Code    76  malloc.o(i.free)
    malloc                                   0x08008e6d   Thumb Code    92  malloc.o(i.malloc)
    ASCII_Table                              0x08008ed8   Data        4560  lcd.o(.constdata)
    Region$$Table$$Base                      0x0800a0bc   Number         0  anon$$obj.o(Region$$Table)
    Region$$Table$$Limit                     0x0800a0dc   Number         0  anon$$obj.o(Region$$Table)
    Status                                   0x20000004   Data           1  main.o(.data)
    SDConfigFlag                             0x20000005   Data           1  main.o(.data)
    SDShowFlag                               0x20000006   Data           1  main.o(.data)
    SDShowTimes                              0x20000007   Data           1  main.o(.data)
    count1                                   0x20000008   Data           2  main.o(.data)
    count2                                   0x2000000a   Data           2  main.o(.data)
    vcomdc_value                             0x2000000c   Data           2  main.o(.data)
    VCOMDC                                   0x2000000e   Data           1  main.o(.data)
    VCOMDC1                                  0x20000010   Data           2  main.o(.data)
    cfonts                                   0x20000012   Data          10  main.o(.data)
    OTP_VALUE1                               0x2000001c   Data           1  main.o(.data)
    OTP_VALUE2                               0x2000001d   Data           1  main.o(.data)
    OTP_TIMES                                0x2000001e   Data           1  main.o(.data)
    ID_OK                                    0x2000001f   Data           1  main.o(.data)
    GPIO_InitStructure                       0x20000020   Data           4  main.o(.data)
    HSEStartUpStatus                         0x20000024   Data           1  main.o(.data)
    sd_Capacity                              0x20000028   Data           4  main.o(.data)
    ASCII_Table1                             0x2000002c   Data         432  lcd.o(.data)
    DotclkValue                              0x200001dc   Data           1  lcd.o(.data)
    VDP                                      0x200001de   Data           2  lcd.o(.data)
    VBP                                      0x200001e0   Data           2  lcd.o(.data)
    VFP                                      0x200001e2   Data           2  lcd.o(.data)
    HDP                                      0x200001e4   Data           2  lcd.o(.data)
    HBP                                      0x200001e6   Data           2  lcd.o(.data)
    HFP                                      0x200001e8   Data           2  lcd.o(.data)
    VPW                                      0x200001ea   Data           2  lcd.o(.data)
    HPW                                      0x200001ec   Data           2  lcd.o(.data)
    mm                                       0x200001f2   Data           2  lcd.o(.data)
    SC7789_A_B9                              0x200001f4   Data           4  lcd.o(.data)
    SC7789_A_BC                              0x200001f8   Data           2  lcd.o(.data)
    SC7789_A_BA                              0x200001fa   Data          19  lcd.o(.data)
    SC7789_A_C6                              0x2000020d   Data           4  lcd.o(.data)
    SC7789_A_CC_B                            0x20000211   Data           2  lcd.o(.data)
    SC7789_A_CC_F                            0x20000213   Data           2  lcd.o(.data)
    SC7789_A_B2                              0x20000215   Data           2  lcd.o(.data)
    SC7789_A_B4                              0x20000217   Data           2  lcd.o(.data)
    SC7789_A_B3                              0x20000219   Data           9  lcd.o(.data)
    SC7789_A_E9                              0x20000222   Data          52  lcd.o(.data)
    SC7789_A_EA                              0x20000256   Data          37  lcd.o(.data)
    SC7789_A_B1                              0x2000027b   Data           8  lcd.o(.data)
    SC7789_A_E3                              0x20000283   Data           5  lcd.o(.data)
    SC7789_A_B8                              0x20000288   Data           3  lcd.o(.data)
    SC7789_A_B5                              0x2000028b   Data           3  lcd.o(.data)
    SC7789_A_C0                              0x2000028e   Data           6  lcd.o(.data)
    SC7789_A_E0                              0x20000294   Data          35  lcd.o(.data)
    SC7789_A_C1                              0x200002b7   Data         128  lcd.o(.data)
    DeviceCode                               0x20000338   Data           2  lcd.o(.data)
    FontR                                    0x2000033a   Data           1  lcd.o(.data)
    FontG                                    0x2000033b   Data           1  lcd.o(.data)
    FontB                                    0x2000033c   Data           1  lcd.o(.data)
    TransferError                            0x20000340   Data           1  sdcard.o(.data)
    TransferEnd                              0x20000358   Data           4  sdcard.o(.data)
    NumberOfBytes                            0x2000035c   Data           4  sdcard.o(.data)
    SrcBuffer                                0x20000360   Data           4  sdcard.o(.data)
    DestBuffer                               0x20000364   Data           4  sdcard.o(.data)
    LongNameFlag                             0x20000368   Data           1  fat.o(.data)
    FAT32_Enable                             0x20000369   Data           1  fat.o(.data)
    BytesPerSector                           0x2000036a   Data           2  fat.o(.data)
    SectorsPerClust                          0x2000036c   Data           2  fat.o(.data)
    FirstDirClust                            0x20000370   Data           4  fat.o(.data)
    FirstDataSector                          0x20000374   Data           4  fat.o(.data)
    FATsectors                               0x20000378   Data           4  fat.o(.data)
    FirstFATSector                           0x2000037c   Data           4  fat.o(.data)
    FirstDirSector                           0x20000380   Data           4  fat.o(.data)
    RootDirSectors                           0x20000384   Data           4  fat.o(.data)
    RootDirCount                             0x20000388   Data           4  fat.o(.data)
    image_count                              0x2000038c   Data           2  disp.o(.data)
    image_all                                0x2000038e   Data           2  disp.o(.data)
    BriSeg                                   0x20000390   Data           4  tsliic_rev01.o(.data)
    __microlib_freelist                      0x20000394   Data           4  mvars.o(.data)
    __microlib_freelist_initialised          0x20000398   Data           4  mvars.o(.data)
    MIPI_READ_DATA                           0x2000039c   Data          10  main.o(.bss)
    SDCardInfo                               0x200003a8   Data          80  main.o(.bss)
    DATA_SUM1                                0x200003f8   Data          60  main.o(.bss)
    DATA_SUMY                                0x20000434   Data          60  main.o(.bss)
    SURE                                     0x20000470   Data          60  main.o(.bss)
    SDIO_InitStructure                       0x200004e0   Data          24  sdcard.o(.bss)
    SDIO_CmdInitStructure                    0x200004f8   Data          20  sdcard.o(.bss)
    SDIO_DataInitStructure                   0x2000050c   Data          24  sdcard.o(.bss)
    LongNameBuffer                           0x20000540   Data         132  fat.o(.bss)
    FileInfo                                 0x200005c4   Data          15  fat.o(.bss)
    recordBuf                                0x200005d3   Data        1024  fat.o(.bss)
    BMPInfo                                  0x20000a00   Data          32  disp.o(.bss)
    __heap_base                              0x20000a20   Data           0  stm32f10x_vector.o(HEAP)
    __heap_limit                             0x20000e20   Data           0  stm32f10x_vector.o(HEAP)
    __initial_sp                             0x20001220   Data           0  stm32f10x_vector.o(STACK)



==============================================================================

Memory Map of the image

  Image Entry point : 0x08000131

  Load Region LR_IROM1 (Base: 0x08000000, Size: 0x0000a478, Max: 0x00080000, ABSOLUTE, COMPRESSED[0x0000a2e8])

    Execution Region ER_IROM1 (Base: 0x08000000, Size: 0x0000a0dc, Max: 0x00080000, ABSOLUTE)

    Base Addr    Size         Type   Attr      Idx    E Section Name        Object

    0x08000000   0x00000130   Data   RO          590    RESET               stm32f10x_vector.o
    0x08000130   0x00000000   Code   RO          863  * .ARM.Collect$$$$00000000  mc_w.l(entry.o)(mc_w.l)
    0x08000130   0x00000004   Code   RO          904    .ARM.Collect$$$$00000001  mc_w.l(entry2.o)(mc_w.l)
    0x08000134   0x00000004   Code   RO          907    .ARM.Collect$$$$00000004  mc_w.l(entry5.o)(mc_w.l)
    0x08000138   0x00000008   Code   RO          908    .ARM.Collect$$$$00000007  mc_w.l(entry7.o)(mc_w.l)
    0x08000140   0x00000004   Code   RO          905    .ARM.Collect$$$$00002712  mc_w.l(entry2.o)(mc_w.l)
    0x08000144   0x0000009e   Code   RO            1    .text               stm32f10x_it.o
    0x080001e2   0x00000002   PAD
    0x080001e4   0x000011e8   Code   RO          103    .text               main.o
    0x080013cc   0x000021f8   Code   RO          230    .text               lcd.o
    0x080035c4   0x00000244   Code   RO          373    .text               stm32f10x_dma.o
    0x08003808   0x00000048   Code   RO          397    .text               stm32f10x_flash.o
    0x08003850   0x0000032c   Code   RO          421    .text               stm32f10x_gpio.o
    0x08003b7c   0x00000458   Code   RO          466    .text               stm32f10x_nvic.o
    0x08003fd4   0x000003a0   Code   RO          490    .text               stm32f10x_rcc.o
    0x08004374   0x000001d4   Code   RO          516    .text               stm32f10x_sdio.o
    0x08004548   0x000000c2   Code   RO          540    .text               stm32f10x_systick.o
    0x0800460a   0x00000002   PAD
    0x0800460c   0x00000378   Code   RO          564    .text               stm32f10x_usart.o
    0x08004984   0x00000008   Code   RO          591    .text               stm32f10x_vector.o
    0x0800498c   0x0000007a   Code   RO          596    .text               cortexm3_macro.o
    0x08004a06   0x00000002   PAD
    0x08004a08   0x00001d3c   Code   RO          599    .text               SDFAT.lib(sdcard.o)(SDFAT.lib)
    0x08006744   0x00001b80   Code   RO          703    .text               SDFAT.lib(fat.o)(SDFAT.lib)
    0x080082c4   0x000002cc   Code   RO          731    .text               DispBMPv01.lib(disp.o)(DispBMPv01.lib)
    0x08008590   0x000006e8   Code   RO          757    .text               TSLIIC_REV01.lib(tsliic_rev01.o)(TSLIIC_REV01.lib)
    0x08008c78   0x00000024   Code   RO          866    .text               mc_w.l(memcpya.o)(mc_w.l)
    0x08008c9c   0x00000026   Code   RO          868    .text               mc_w.l(memseta.o)(mc_w.l)
    0x08008cc2   0x00000012   Code   RO          900    .text               mf_w.l(fflti.o)(mf_w.l)
    0x08008cd4   0x00000028   Code   RO          902    .text               mf_w.l(ffixui.o)(mf_w.l)
    0x08008cfc   0x00000000   Code   RO          911    .text               mc_w.l(iusefp.o)(mc_w.l)
    0x08008cfc   0x00000070   Code   RO          912    .text               mf_w.l(fepilogue.o)(mf_w.l)
    0x08008d6c   0x00000024   Code   RO          914    .text               mc_w.l(init.o)(mc_w.l)
    0x08008d90   0x0000005c   Code   RO          924    .text               mc_w.l(__dczerorl2.o)(mc_w.l)
    0x08008dec   0x00000012   Code   RO          719    i.__ARM_common_memset4_12  SDFAT.lib(fat.o)(SDFAT.lib)
    0x08008dfe   0x0000000e   Code   RO          918    i.__scatterload_copy  mc_w.l(handlers.o)(mc_w.l)
    0x08008e0c   0x00000002   Code   RO          919    i.__scatterload_null  mc_w.l(handlers.o)(mc_w.l)
    0x08008e0e   0x0000000e   Code   RO          920    i.__scatterload_zeroinit  mc_w.l(handlers.o)(mc_w.l)
    0x08008e1c   0x00000050   Code   RO          872    i.free              mc_w.l(malloc.o)(mc_w.l)
    0x08008e6c   0x0000006c   Code   RO          873    i.malloc            mc_w.l(malloc.o)(mc_w.l)
    0x08008ed8   0x000011d0   Data   RO          231    .constdata          lcd.o
    0x0800a0a8   0x00000014   Data   RO          491    .constdata          stm32f10x_rcc.o
    0x0800a0bc   0x00000020   Data   RO          916    Region$$Table       anon$$obj.o


    Execution Region RW_IRAM1 (Base: 0x20000000, Size: 0x00001220, Max: 0x00010000, ABSOLUTE, COMPRESSED[0x0000020c])

    Base Addr    Size         Type   Attr      Idx    E Section Name        Object

    0x20000000   0x0000002c   Data   RW          106    .data               main.o
    0x2000002c   0x00000311   Data   RW          232    .data               lcd.o
    0x2000033d   0x00000003   PAD
    0x20000340   0x00000028   Data   RW          601    .data               SDFAT.lib(sdcard.o)(SDFAT.lib)
    0x20000368   0x00000024   Data   RW          708    .data               SDFAT.lib(fat.o)(SDFAT.lib)
    0x2000038c   0x00000004   Data   RW          733    .data               DispBMPv01.lib(disp.o)(DispBMPv01.lib)
    0x20000390   0x00000004   Data   RW          758    .data               TSLIIC_REV01.lib(tsliic_rev01.o)(TSLIIC_REV01.lib)
    0x20000394   0x00000004   Data   RW          909    .data               mc_w.l(mvars.o)(mc_w.l)
    0x20000398   0x00000004   Data   RW          910    .data               mc_w.l(mvars.o)(mc_w.l)
    0x2000039c   0x00000110   Zero   RW          104    .bss                main.o
    0x200004ac   0x00000014   PAD
    0x200004c0   0x00000064   Zero   RW          600    .bss                SDFAT.lib(sdcard.o)(SDFAT.lib)
    0x20000524   0x0000001c   PAD
    0x20000540   0x00000493   Zero   RW          705    .bss                SDFAT.lib(fat.o)(SDFAT.lib)
    0x200009d3   0x0000002d   PAD
    0x20000a00   0x00000020   Zero   RW          732    .bss                DispBMPv01.lib(disp.o)(DispBMPv01.lib)
    0x20000a20   0x00000400   Zero   RW          589    HEAP                stm32f10x_vector.o
    0x20000e20   0x00000400   Zero   RW          588    STACK               stm32f10x_vector.o


==============================================================================

Image component sizes


      Code (inc. data)   RO Data    RW Data    ZI Data      Debug   Object Name

       122          0          0          0          0          0   cortexm3_macro.o
      8696        220       4560        785          0          0   lcd.o
      4584        336          0         44        272          0   main.o
       580         26          0          0          0          0   stm32f10x_dma.o
        72          6          0          0          0          0   stm32f10x_flash.o
       812         18          0          0          0          0   stm32f10x_gpio.o
       158          0          0          0          0          0   stm32f10x_it.o
      1112         78          0          0          0          0   stm32f10x_nvic.o
       928         52         20          0          0          0   stm32f10x_rcc.o
       468         52          0          0          0          0   stm32f10x_sdio.o
       194          0          0          0          0          0   stm32f10x_systick.o
       888         14          0          0          0          0   stm32f10x_usart.o
         8          4        304          0       2048          0   stm32f10x_vector.o

    ----------------------------------------------------------------------
     18628        806       4916        832       2340          0   Object Totals
         0          0         32          0          0          0   (incl. Generated)
         6          0          0          3         20          2   (incl. Padding)

    ----------------------------------------------------------------------

      Code (inc. data)   RO Data    RW Data    ZI Data      Debug   Library Member Name

       716         60          0          4         32          0   disp.o
      7058         78          0         36       1171          0   fat.o
      7484        232          0         40        100          0   sdcard.o
      1768         10          0          4          0          0   tsliic_rev01.o
        92          0          0          0          0          0   __dczerorl2.o
         0          0          0          0          0          0   entry.o
         8          4          0          0          0          0   entry2.o
         4          0          0          0          0          0   entry5.o
         8          4          0          0          0          0   entry7.o
        30          0          0          0          0          0   handlers.o
        36          8          0          0          0          0   init.o
         0          0          0          0          0          0   iusefp.o
       188         20          0          0          0          0   malloc.o
        36          0          0          0          0          0   memcpya.o
        38          0          0          0          0          0   memseta.o
         0          0          0          8          0          0   mvars.o
       112          0          0          0          0          0   fepilogue.o
        40          0          0          0          0          0   ffixui.o
        18          0          0          0          0          0   fflti.o

    ----------------------------------------------------------------------
     17636        416          0         92       1376          0   Library Totals
         0          0          0          0         73          0   (incl. Padding)

    ----------------------------------------------------------------------

      Code (inc. data)   RO Data    RW Data    ZI Data      Debug   Library Name

       716         60          0          4         32       6402   DispBMPv01.lib
     14542        310          0         76       1271      76719   SDFAT.lib
      1768         10          0          4          0      14662   TSLIIC_REV01.lib
       440         36          0          8          0        404   mc_w.l
       170          0          0          0          0        304   mf_w.l

    ----------------------------------------------------------------------
     17636        416          0         92       1376          0   Library Totals

    ----------------------------------------------------------------------

==============================================================================


      Code (inc. data)   RO Data    RW Data    ZI Data      Debug   

     36264       1222       4916        924       3716     435720   Grand Totals
     36264       1222       4916        524       3716     435720   ELF Image Totals (compressed)
     36264       1222       4916        524          0          0   ROM Totals

==============================================================================

    Total RO  Size (Code + RO Data)                41180 (  40.21kB)
    Total RW  Size (RW Data + ZI Data)              4640 (   4.53kB)
    Total ROM Size (Code + RO Data + RW Data)      41704 (  40.73kB)

==============================================================================

