ARM Linker, 4.1 [Build 481] [Standard]

==============================================================================

Section Cross References

    stm32f10x_it.o(.text) refers to main.o(.text) for Decrement_TimingDelay
    stm32f10x_it.o(.text) refers to sdcard.o(.text) for SD_ProcessIRQSrc
    main.o(.text) refers to stm32f10x_systick.o(.text) for SysTick_ITConfig
    main.o(.text) refers to disp.o(.text) for Disp_BMP
    main.o(.text) refers to lcd.o(.text) for LCD_DisplayStringLine_A
    main.o(.text) refers to memcpya.o(.text) for __aeabi_memcpy4
    main.o(.text) refers to main.o(.data) for TimingDelay
    main.o(.text) refers to disp.o(.data) for image_count
    main.o(.text) refers to lcd.o(.data) for FontR
    main.o(.text) refers to tsl2583.o(.text) for I2C_READ_BYTE
    main.o(.text) refers to main.o(.bss) for DATA_SUM1
    main.o(.text) refers to sdcard.o(.text) for SD_Init
    main.o(.text) refers to stm32f10x_rcc.o(.text) for RCC_APB2PeriphClockCmd
    main.o(.text) refers to stm32f10x_gpio.o(.text) for GPIO_Init
    main.o(.text) refers to stm32f10x_nvic.o(.text) for NVIC_PriorityGroupConfig
    main.o(.text) refers to stm32f10x_flash.o(.text) for FLASH_PrefetchBufferCmd
    main.o(.text) refers to fat.o(.text) for FAT_Init
    main.o(.text) refers to stm32f10x_usart.o(.text) for USART_ClockInit
    lcd.o(.text) refers to stm32f10x_gpio.o(.text) for GPIO_Write
    lcd.o(.text) refers to main.o(.text) for Delay
    lcd.o(.text) refers to lcd.o(.data) for SC7789_A_B9
    lcd.o(.text) refers to stm32f10x_rcc.o(.text) for RCC_APB2PeriphClockCmd
    lcd.o(.text) refers to fflti.o(.text) for __aeabi_i2f
    lcd.o(.text) refers to ffixui.o(.text) for __aeabi_f2uiz
    lcd.o(.text) refers to main.o(.bss) for MIPI_READ_DATA
    lcd.o(.text) refers to main.o(.data) for SDShowTimes
    lcd.o(.text) refers to lcd.o(.constdata) for ASCII_Table
    stm32f10x_adc.o(.text) refers to stm32f10x_rcc.o(.text) for RCC_APB2PeriphResetCmd
    stm32f10x_bkp.o(.text) refers to stm32f10x_rcc.o(.text) for RCC_BackupResetCmd
    stm32f10x_can.o(.text) refers to stm32f10x_rcc.o(.text) for RCC_APB1PeriphResetCmd
    stm32f10x_dac.o(.text) refers to stm32f10x_rcc.o(.text) for RCC_APB1PeriphResetCmd
    stm32f10x_gpio.o(.text) refers to stm32f10x_rcc.o(.text) for RCC_APB2PeriphResetCmd
    stm32f10x_i2c.o(.text) refers to stm32f10x_rcc.o(.text) for RCC_APB1PeriphResetCmd
    stm32f10x_nvic.o(.text) refers to cortexm3_macro.o(.text) for __SETPRIMASK
    stm32f10x_pwr.o(.text) refers to stm32f10x_rcc.o(.text) for RCC_APB1PeriphResetCmd
    stm32f10x_pwr.o(.text) refers to cortexm3_macro.o(.text) for __WFI
    stm32f10x_rcc.o(.text) refers to stm32f10x_rcc.o(.constdata) for APBAHBPrescTable
    stm32f10x_spi.o(.text) refers to stm32f10x_rcc.o(.text) for RCC_APB2PeriphResetCmd
    stm32f10x_tim.o(.text) refers to stm32f10x_rcc.o(.text) for RCC_APB2PeriphResetCmd
    stm32f10x_usart.o(.text) refers to stm32f10x_rcc.o(.text) for RCC_APB2PeriphResetCmd
    stm32f10x_wwdg.o(.text) refers to stm32f10x_rcc.o(.text) for RCC_APB1PeriphResetCmd
    stm32f10x_vector.o(RESET) refers to stm32f10x_vector.o(STACK) for __initial_sp
    stm32f10x_vector.o(RESET) refers to stm32f10x_vector.o(.text) for Reset_Handler
    stm32f10x_vector.o(RESET) refers to stm32f10x_it.o(.text) for NMIException
    stm32f10x_vector.o(.text) refers to entry.o(.ARM.Collect$$$$00000000) for __main
    sdcard.o(.text) refers to stm32f10x_sdio.o(.text) for SDIO_GetPowerState
    sdcard.o(.text) refers to sdcard.o(.data) for .data
    sdcard.o(.text) refers to sdcard.o(.bss) for .bss
    sdcard.o(.text) refers to stm32f10x_rcc.o(.text) for RCC_APB2PeriphClockCmd
    sdcard.o(.text) refers to stm32f10x_gpio.o(.text) for GPIO_Init
    sdcard.o(.text) refers to main.o(.data) for sd_Capacity
    sdcard.o(.text) refers to stm32f10x_dma.o(.text) for DMA_ClearFlag
    fat.o(.text) refers to sdcard.o(.text) for SD_ReadBlock
    fat.o(.text) refers to malloc.o(i.malloc) for malloc
    fat.o(.text) refers to malloc.o(i.free) for free
    fat.o(.text) refers to main.o(.data) for sd_Capacity
    fat.o(.text) refers to fat.o(.data) for .data
    fat.o(.text) refers to fat.o(i.__ARM_common_memset4_12) for __ARM_common_memset4_12
    fat.o(.text) refers to memseta.o(.text) for __aeabi_memclr
    fat.o(.text) refers to fat.o(.bss) for .bss
    disp.o(.text) refers to fat.o(.text) for Search_man
    disp.o(.text) refers to malloc.o(i.malloc) for malloc
    disp.o(.text) refers to lcd.o(.text) for LCD_DisplayStringLine
    disp.o(.text) refers to malloc.o(i.free) for free
    disp.o(.text) refers to disp.o(.data) for .data
    disp.o(.text) refers to disp.o(.bss) for .bss
    disp.o(.text) refers to fat.o(.data) for SectorsPerClust
    tsl2583.o(.text) refers to stm32f10x_gpio.o(.text) for GPIO_Init
    tsl2583.o(.text) refers to main.o(.text) for MDelay
    tsl2583.o(.text) refers to tsl2583.o(.data) for slave_addr_use
    tsl2583.o(.text) refers to tsl2583.o(.bss) for DATA_SUM
    entry.o(.ARM.Collect$$$$00000000) refers (Special) to entry7.o(.ARM.Collect$$$$00000007) for _main_init
    entry.o(.ARM.Collect$$$$00000000) refers (Special) to entry5.o(.ARM.Collect$$$$00000004) for _main_scatterload
    entry.o(.ARM.Collect$$$$00000000) refers (Special) to entry2.o(.ARM.Collect$$$$00000001) for _main_stk
    malloc.o(i.free) refers to mvars.o(.data) for __microlib_freelist
    malloc.o(i.malloc) refers to mvars.o(.data) for __microlib_freelist_initialised
    malloc.o(i.malloc) refers to mvars.o(.data) for __microlib_freelist
    malloc.o(i.malloc) refers to stm32f10x_vector.o(HEAP) for __heap_base
    mallocr.o(i.__free$realloc) refers to mvars.o(.data) for __microlib_freelist
    mallocr.o(i.__malloc$realloc) refers to mallocr.o(i.internal_alloc) for internal_alloc
    mallocr.o(i.__malloc$realloc) refers to mvars.o(.data) for __microlib_freelist_initialised
    mallocr.o(i.__malloc$realloc) refers to stm32f10x_vector.o(HEAP) for __heap_base
    mallocr.o(i.__malloc$realloc) refers to mvars.o(.data) for __microlib_freelist
    mallocr.o(i.internal_alloc) refers to memcpya.o(.text) for __aeabi_memcpy
    mallocr.o(i.internal_alloc) refers to mvars.o(.data) for __microlib_freelist
    mallocr.o(i.realloc) refers to mallocr.o(i.__free$realloc) for __free$realloc
    mallocr.o(i.realloc) refers to mallocr.o(i.internal_alloc) for internal_alloc
    mallocr.o(i.realloc) refers to mallocr.o(i.__malloc$realloc) for __malloc$realloc
    mallocr.o(i.realloc) refers to mvars.o(.data) for __microlib_freelist
    malloca.o(i.__aligned_malloc) refers to mvars.o(.data) for __microlib_freelist_initialised
    malloca.o(i.__aligned_malloc) refers to mvars.o(.data) for __microlib_freelist
    malloca.o(i.__aligned_malloc) refers to stm32f10x_vector.o(HEAP) for __heap_base
    malloca.o(i.__free$memalign) refers to mvars.o(.data) for __microlib_freelist
    malloca.o(i.__malloc$memalign) refers to malloca.o(i.__aligned_malloc) for __aligned_malloc
    mallocra.o(i.__aligned_malloc$realloc) refers to mallocra.o(i.internal_alloc) for internal_alloc
    mallocra.o(i.__aligned_malloc$realloc) refers to mvars.o(.data) for __microlib_freelist_initialised
    mallocra.o(i.__aligned_malloc$realloc) refers to stm32f10x_vector.o(HEAP) for __heap_base
    mallocra.o(i.__aligned_malloc$realloc) refers to mvars.o(.data) for __microlib_freelist
    mallocra.o(i.__free$realloc$memalign) refers to mvars.o(.data) for __microlib_freelist
    mallocra.o(i.__malloc$realloc$memalign) refers to mallocra.o(i.__aligned_malloc$realloc) for __aligned_malloc$realloc
    mallocra.o(i.__realloc$memalign) refers to mallocra.o(i.__free$realloc$memalign) for __free$realloc$memalign
    mallocra.o(i.__realloc$memalign) refers to mallocra.o(i.internal_alloc) for internal_alloc
    mallocra.o(i.__realloc$memalign) refers to mallocra.o(i.__malloc$realloc$memalign) for __malloc$realloc$memalign
    mallocra.o(i.__realloc$memalign) refers to mvars.o(.data) for __microlib_freelist
    mallocra.o(i.internal_alloc) refers to memcpya.o(.text) for __aeabi_memcpy
    mallocra.o(i.internal_alloc) refers to mvars.o(.data) for __microlib_freelist
    fflti.o(.text) refers (Special) to iusefp.o(.text) for __I$use$fp
    fflti.o(.text) refers to fepilogue.o(.text) for _float_epilogue
    ffixui.o(.text) refers (Special) to iusefp.o(.text) for __I$use$fp
    entry2.o(.ARM.Collect$$$$00000001) refers to entry2.o(.ARM.Collect$$$$00002712) for __lit__00000000
    entry2.o(.ARM.Collect$$$$00002712) refers to stm32f10x_vector.o(STACK) for __initial_sp
    entry2.o(__vectab_stack_and_reset_area) refers to stm32f10x_vector.o(STACK) for __initial_sp
    entry2.o(__vectab_stack_and_reset_area) refers to entry.o(.ARM.Collect$$$$00000000) for __main
    entry5.o(.ARM.Collect$$$$00000004) refers to init.o(.text) for __scatterload
    entry7.o(.ARM.Collect$$$$00000007) refers to main.o(.text) for main
    init.o(.text) refers to entry5.o(.ARM.Collect$$$$00000004) for __main_after_scatterload


==============================================================================

Removing Unused input sections from the image.

    Removing main.o(.constdata), (151200 bytes).
    Removing stm32f10x_adc.o(.text), (1076 bytes).
    Removing stm32f10x_bkp.o(.text), (192 bytes).
    Removing stm32f10x_can.o(.text), (2188 bytes).
    Removing stm32f10x_crc.o(.text), (72 bytes).
    Removing stm32f10x_dac.o(.text), (408 bytes).
    Removing stm32f10x_dbgmcu.o(.text), (48 bytes).
    Removing stm32f10x_exti.o(.text), (352 bytes).
    Removing stm32f10x_fsmc.o(.text), (1564 bytes).
    Removing stm32f10x_i2c.o(.text), (984 bytes).
    Removing stm32f10x_iwdg.o(.text), (64 bytes).
    Removing stm32f10x_pwr.o(.text), (208 bytes).
    Removing stm32f10x_rtc.o(.text), (376 bytes).
    Removing stm32f10x_spi.o(.text), (772 bytes).
    Removing stm32f10x_tim.o(.text), (2916 bytes).
    Removing stm32f10x_wwdg.o(.text), (136 bytes).
    Removing fat.o(.bss), (512 bytes).
    Removing fat.o(.data), (1 bytes).
    Removing fat.o(.data), (4 bytes).

19 unused section(s) (total 163073 bytes) removed from the image.

==============================================================================

Image Symbol Table

    Local Symbols

    Symbol Name                              Value     Ov Type        Size  Object(Section)

    ../../../cmprslib/zerorunl2.c            0x00000000   Number         0  __dczerorl2.o ABSOLUTE
    ../../microlib/fpepilogue.c              0x00000000   Number         0  fepilogue.o ABSOLUTE
    ../../microlib/fpfix.c                   0x00000000   Number         0  ffixui.o ABSOLUTE
    ../../microlib/fpflt.c                   0x00000000   Number         0  fflti.o ABSOLUTE
    ../../microlib/init/entry.s              0x00000000   Number         0  entry7.o ABSOLUTE
    ../../microlib/init/entry.s              0x00000000   Number         0  entry5.o ABSOLUTE
    ../../microlib/init/entry.s              0x00000000   Number         0  entry2.o ABSOLUTE
    ../../microlib/init/entry.s              0x00000000   Number         0  entry.o ABSOLUTE
    ../../microlib/malloc/malloc.c           0x00000000   Number         0  mallocra.o ABSOLUTE
    ../../microlib/malloc/malloc.c           0x00000000   Number         0  malloca.o ABSOLUTE
    ../../microlib/malloc/malloc.c           0x00000000   Number         0  malloc.o ABSOLUTE
    ../../microlib/malloc/malloc.c           0x00000000   Number         0  mallocr.o ABSOLUTE
    ../../microlib/malloc/mvars.c            0x00000000   Number         0  mvars.o ABSOLUTE
    ../../microlib/string/memcpy.c           0x00000000   Number         0  memcpyb.o ABSOLUTE
    ../../microlib/string/memcpy.c           0x00000000   Number         0  memcpya.o ABSOLUTE
    ../../microlib/string/memset.c           0x00000000   Number         0  memseta.o ABSOLUTE
    ../../microlib/stubs.s                   0x00000000   Number         0  iusefp.o ABSOLUTE
    ..\..\library\src\stm32f10x_adc.c        0x00000000   Number         0  stm32f10x_adc.o ABSOLUTE
    ..\..\library\src\stm32f10x_bkp.c        0x00000000   Number         0  stm32f10x_bkp.o ABSOLUTE
    ..\..\library\src\stm32f10x_can.c        0x00000000   Number         0  stm32f10x_can.o ABSOLUTE
    ..\..\library\src\stm32f10x_crc.c        0x00000000   Number         0  stm32f10x_crc.o ABSOLUTE
    ..\..\library\src\stm32f10x_dac.c        0x00000000   Number         0  stm32f10x_dac.o ABSOLUTE
    ..\..\library\src\stm32f10x_dbgmcu.c     0x00000000   Number         0  stm32f10x_dbgmcu.o ABSOLUTE
    ..\..\library\src\stm32f10x_dma.c        0x00000000   Number         0  stm32f10x_dma.o ABSOLUTE
    ..\..\library\src\stm32f10x_exti.c       0x00000000   Number         0  stm32f10x_exti.o ABSOLUTE
    ..\..\library\src\stm32f10x_flash.c      0x00000000   Number         0  stm32f10x_flash.o ABSOLUTE
    ..\..\library\src\stm32f10x_fsmc.c       0x00000000   Number         0  stm32f10x_fsmc.o ABSOLUTE
    ..\..\library\src\stm32f10x_gpio.c       0x00000000   Number         0  stm32f10x_gpio.o ABSOLUTE
    ..\..\library\src\stm32f10x_i2c.c        0x00000000   Number         0  stm32f10x_i2c.o ABSOLUTE
    ..\..\library\src\stm32f10x_iwdg.c       0x00000000   Number         0  stm32f10x_iwdg.o ABSOLUTE
    ..\..\library\src\stm32f10x_lib.c        0x00000000   Number         0  stm32f10x_lib.o ABSOLUTE
    ..\..\library\src\stm32f10x_nvic.c       0x00000000   Number         0  stm32f10x_nvic.o ABSOLUTE
    ..\..\library\src\stm32f10x_pwr.c        0x00000000   Number         0  stm32f10x_pwr.o ABSOLUTE
    ..\..\library\src\stm32f10x_rcc.c        0x00000000   Number         0  stm32f10x_rcc.o ABSOLUTE
    ..\..\library\src\stm32f10x_rtc.c        0x00000000   Number         0  stm32f10x_rtc.o ABSOLUTE
    ..\..\library\src\stm32f10x_sdio.c       0x00000000   Number         0  stm32f10x_sdio.o ABSOLUTE
    ..\..\library\src\stm32f10x_spi.c        0x00000000   Number         0  stm32f10x_spi.o ABSOLUTE
    ..\..\library\src\stm32f10x_systick.c    0x00000000   Number         0  stm32f10x_systick.o ABSOLUTE
    ..\..\library\src\stm32f10x_tim.c        0x00000000   Number         0  stm32f10x_tim.o ABSOLUTE
    ..\..\library\src\stm32f10x_usart.c      0x00000000   Number         0  stm32f10x_usart.o ABSOLUTE
    ..\..\library\src\stm32f10x_wwdg.c       0x00000000   Number         0  stm32f10x_wwdg.o ABSOLUTE
    ..\LCD.c                                 0x00000000   Number         0  lcd.o ABSOLUTE
    ..\main.c                                0x00000000   Number         0  main.o ABSOLUTE
    ..\stm32f10x_it.c                        0x00000000   Number         0  stm32f10x_it.o ABSOLUTE
    ..\tsl2583.c                             0x00000000   Number         0  tsl2583.o ABSOLUTE
    cortexm3_macro.s                         0x00000000   Number         0  cortexm3_macro.o ABSOLUTE
    dc.s                                     0x00000000   Number         0  dc.o ABSOLUTE
    demo\disp.c                              0x00000000   Number         0  disp.o ABSOLUTE
    handlers.s                               0x00000000   Number         0  handlers.o ABSOLUTE
    init.s                                   0x00000000   Number         0  init.o ABSOLUTE
    project\FAT.c                            0x00000000   Number         0  fat.o ABSOLUTE
    project\sdcard.c                         0x00000000   Number         0  sdcard.o ABSOLUTE
    stm32f10x_vector.s                       0x00000000   Number         0  stm32f10x_vector.o ABSOLUTE
    RESET                                    0x08000000   Section      304  stm32f10x_vector.o(RESET)
    .ARM.Collect$$$$00000000                 0x08000130   Section        0  entry.o(.ARM.Collect$$$$00000000)
    .ARM.Collect$$$$00000001                 0x08000130   Section        4  entry2.o(.ARM.Collect$$$$00000001)
    .ARM.Collect$$$$00000004                 0x08000134   Section        4  entry5.o(.ARM.Collect$$$$00000004)
    .ARM.Collect$$$$00000007                 0x08000138   Section        8  entry7.o(.ARM.Collect$$$$00000007)
    .ARM.Collect$$$$00002712                 0x08000140   Section        4  entry2.o(.ARM.Collect$$$$00002712)
    __lit__00000000                          0x08000140   Data           4  entry2.o(.ARM.Collect$$$$00002712)
    .text                                    0x08000144   Section        0  stm32f10x_it.o(.text)
    .text                                    0x080001e4   Section        0  main.o(.text)
    .text                                    0x08001430   Section        0  lcd.o(.text)
    .text                                    0x080034b8   Section        0  stm32f10x_dma.o(.text)
    .text                                    0x080036fc   Section        0  stm32f10x_flash.o(.text)
    .text                                    0x08003744   Section        0  stm32f10x_gpio.o(.text)
    .text                                    0x08003a70   Section        0  stm32f10x_nvic.o(.text)
    .text                                    0x08003ec8   Section        0  stm32f10x_rcc.o(.text)
    .text                                    0x08004268   Section        0  stm32f10x_sdio.o(.text)
    .text                                    0x0800443c   Section        0  stm32f10x_systick.o(.text)
    .text                                    0x08004500   Section        0  stm32f10x_usart.o(.text)
    .text                                    0x08004878   Section        8  stm32f10x_vector.o(.text)
    .text                                    0x08004880   Section      122  cortexm3_macro.o(.text)
    .text                                    0x080048fc   Section        0  sdcard.o(.text)
    CmdResp1Error                            0x08004ab1   Thumb Code   296  sdcard.o(.text)
    SDEnWideBus                              0x080050b7   Thumb Code   548  sdcard.o(.text)
    IsCardProgramming                        0x080058a5   Thumb Code   364  sdcard.o(.text)
    .text                                    0x08006638   Section        0  fat.o(.text)
    .text                                    0x080081b8   Section        0  disp.o(.text)
    .text                                    0x08008484   Section        0  tsl2583.o(.text)
    .text                                    0x080088b4   Section        0  memcpya.o(.text)
    .text                                    0x080088d8   Section        0  memseta.o(.text)
    .text                                    0x080088fe   Section        0  fflti.o(.text)
    .text                                    0x08008910   Section        0  ffixui.o(.text)
    .text                                    0x08008938   Section        0  iusefp.o(.text)
    .text                                    0x08008938   Section        0  fepilogue.o(.text)
    .text                                    0x080089a8   Section       36  init.o(.text)
    .text                                    0x080089cc   Section        0  __dczerorl2.o(.text)
    i.__ARM_common_memset4_12                0x08008a28   Section        0  fat.o(i.__ARM_common_memset4_12)
    i.__scatterload_copy                     0x08008a3a   Section       14  handlers.o(i.__scatterload_copy)
    i.__scatterload_null                     0x08008a48   Section        2  handlers.o(i.__scatterload_null)
    i.__scatterload_zeroinit                 0x08008a4a   Section       14  handlers.o(i.__scatterload_zeroinit)
    i.free                                   0x08008a58   Section        0  malloc.o(i.free)
    i.malloc                                 0x08008aa8   Section        0  malloc.o(i.malloc)
    .constdata                               0x08008b14   Section     4560  lcd.o(.constdata)
    .constdata                               0x08009ce4   Section       20  stm32f10x_rcc.o(.constdata)
    APBAHBPrescTable                         0x08009ce4   Data          16  stm32f10x_rcc.o(.constdata)
    ADCPrescTable                            0x08009cf4   Data           4  stm32f10x_rcc.o(.constdata)
    .data                                    0x20000000   Section       32  main.o(.data)
    TimingDelay                              0x20000000   Data           4  main.o(.data)
    .data                                    0x20000020   Section      353  lcd.o(.data)
    TextColor                                0x20000032   Data           2  lcd.o(.data)
    BackColor                                0x20000034   Data           2  lcd.o(.data)
    .data                                    0x20000184   Section       40  sdcard.o(.data)
    CardType                                 0x20000188   Data           4  sdcard.o(.data)
    RCA                                      0x2000018c   Data           4  sdcard.o(.data)
    DeviceMode                               0x20000190   Data           4  sdcard.o(.data)
    TotalNumberOfBytes                       0x20000194   Data           4  sdcard.o(.data)
    StopCondition                            0x20000198   Data           4  sdcard.o(.data)
    .data                                    0x200001ac   Section       36  fat.o(.data)
    .data                                    0x200001d0   Section        4  disp.o(.data)
    .data                                    0x200001d4   Section        2  tsl2583.o(.data)
    .data                                    0x200001d8   Section        4  mvars.o(.data)
    .data                                    0x200001dc   Section        4  mvars.o(.data)
    .bss                                     0x200001e0   Section      272  main.o(.bss)
    .bss                                     0x20000300   Section      100  sdcard.o(.bss)
    CSD_Tab                                  0x20000300   Data          16  sdcard.o(.bss)
    CID_Tab                                  0x20000310   Data          16  sdcard.o(.bss)
    .bss                                     0x20000380   Section     1171  fat.o(.bss)
    .bss                                     0x20000840   Section       32  disp.o(.bss)
    .bss                                     0x20000860   Section       20  tsl2583.o(.bss)
    HEAP                                     0x20000878   Section     1024  stm32f10x_vector.o(HEAP)
    STACK                                    0x20000c78   Section     1024  stm32f10x_vector.o(STACK)

    Global Symbols

    Symbol Name                              Value     Ov Type        Size  Object(Section)

    BuildAttributes$$THM_ISAv4$P$D$K$B$S$PE$A:L22UL41UL21$X:L11$S22US41US21$IEEE1$IW$USESV6$~STKCKD$USESV7$~SHL$OTIME$ROPI$EBA8$MICROLIB$REQ8$PRES8$EABIv2 0x00000000   Number         0  anon$$obj.o ABSOLUTE
    __ARM_use_no_argv                        0x00000000   Number         0  main.o ABSOLUTE
    __Vectors                                0x08000000   Data           4  stm32f10x_vector.o(RESET)
    __main                                   0x08000131   Thumb Code     0  entry.o(.ARM.Collect$$$$00000000)
    _main_stk                                0x08000131   Thumb Code     0  entry2.o(.ARM.Collect$$$$00000001)
    _main_scatterload                        0x08000135   Thumb Code     0  entry5.o(.ARM.Collect$$$$00000004)
    __main_after_scatterload                 0x08000139   Thumb Code     0  entry5.o(.ARM.Collect$$$$00000004)
    _main_init                               0x08000139   Thumb Code     0  entry7.o(.ARM.Collect$$$$00000007)
    NMIException                             0x08000145   Thumb Code     2  stm32f10x_it.o(.text)
    HardFaultException                       0x08000147   Thumb Code     4  stm32f10x_it.o(.text)
    MemManageException                       0x0800014b   Thumb Code     4  stm32f10x_it.o(.text)
    BusFaultException                        0x0800014f   Thumb Code     4  stm32f10x_it.o(.text)
    UsageFaultException                      0x08000153   Thumb Code     4  stm32f10x_it.o(.text)
    DebugMonitor                             0x08000157   Thumb Code     2  stm32f10x_it.o(.text)
    SVCHandler                               0x08000159   Thumb Code     2  stm32f10x_it.o(.text)
    PendSVC                                  0x0800015b   Thumb Code     2  stm32f10x_it.o(.text)
    SysTickHandler                           0x0800015d   Thumb Code     8  stm32f10x_it.o(.text)
    WWDG_IRQHandler                          0x08000165   Thumb Code     2  stm32f10x_it.o(.text)
    PVD_IRQHandler                           0x08000167   Thumb Code     2  stm32f10x_it.o(.text)
    TAMPER_IRQHandler                        0x08000169   Thumb Code     2  stm32f10x_it.o(.text)
    RTC_IRQHandler                           0x0800016b   Thumb Code     2  stm32f10x_it.o(.text)
    FLASH_IRQHandler                         0x0800016d   Thumb Code     2  stm32f10x_it.o(.text)
    RCC_IRQHandler                           0x0800016f   Thumb Code     2  stm32f10x_it.o(.text)
    EXTI0_IRQHandler                         0x08000171   Thumb Code     2  stm32f10x_it.o(.text)
    EXTI1_IRQHandler                         0x08000173   Thumb Code     2  stm32f10x_it.o(.text)
    EXTI2_IRQHandler                         0x08000175   Thumb Code     2  stm32f10x_it.o(.text)
    EXTI3_IRQHandler                         0x08000177   Thumb Code     2  stm32f10x_it.o(.text)
    EXTI4_IRQHandler                         0x08000179   Thumb Code     2  stm32f10x_it.o(.text)
    DMA1_Channel1_IRQHandler                 0x0800017b   Thumb Code     2  stm32f10x_it.o(.text)
    DMA1_Channel2_IRQHandler                 0x0800017d   Thumb Code     2  stm32f10x_it.o(.text)
    DMA1_Channel3_IRQHandler                 0x0800017f   Thumb Code     2  stm32f10x_it.o(.text)
    DMA1_Channel4_IRQHandler                 0x08000181   Thumb Code     2  stm32f10x_it.o(.text)
    DMA1_Channel5_IRQHandler                 0x08000183   Thumb Code     2  stm32f10x_it.o(.text)
    DMA1_Channel6_IRQHandler                 0x08000185   Thumb Code     2  stm32f10x_it.o(.text)
    DMA1_Channel7_IRQHandler                 0x08000187   Thumb Code     2  stm32f10x_it.o(.text)
    ADC1_2_IRQHandler                        0x08000189   Thumb Code     2  stm32f10x_it.o(.text)
    USB_HP_CAN_TX_IRQHandler                 0x0800018b   Thumb Code     2  stm32f10x_it.o(.text)
    USB_LP_CAN_RX0_IRQHandler                0x0800018d   Thumb Code     2  stm32f10x_it.o(.text)
    CAN_RX1_IRQHandler                       0x0800018f   Thumb Code     2  stm32f10x_it.o(.text)
    CAN_SCE_IRQHandler                       0x08000191   Thumb Code     2  stm32f10x_it.o(.text)
    EXTI9_5_IRQHandler                       0x08000193   Thumb Code     2  stm32f10x_it.o(.text)
    TIM1_BRK_IRQHandler                      0x08000195   Thumb Code     2  stm32f10x_it.o(.text)
    TIM1_UP_IRQHandler                       0x08000197   Thumb Code     2  stm32f10x_it.o(.text)
    TIM1_TRG_COM_IRQHandler                  0x08000199   Thumb Code     2  stm32f10x_it.o(.text)
    TIM1_CC_IRQHandler                       0x0800019b   Thumb Code     2  stm32f10x_it.o(.text)
    TIM2_IRQHandler                          0x0800019d   Thumb Code     2  stm32f10x_it.o(.text)
    TIM3_IRQHandler                          0x0800019f   Thumb Code     2  stm32f10x_it.o(.text)
    TIM4_IRQHandler                          0x080001a1   Thumb Code     2  stm32f10x_it.o(.text)
    I2C1_EV_IRQHandler                       0x080001a3   Thumb Code     2  stm32f10x_it.o(.text)
    I2C1_ER_IRQHandler                       0x080001a5   Thumb Code     2  stm32f10x_it.o(.text)
    I2C2_EV_IRQHandler                       0x080001a7   Thumb Code     2  stm32f10x_it.o(.text)
    I2C2_ER_IRQHandler                       0x080001a9   Thumb Code     2  stm32f10x_it.o(.text)
    SPI1_IRQHandler                          0x080001ab   Thumb Code     2  stm32f10x_it.o(.text)
    SPI2_IRQHandler                          0x080001ad   Thumb Code     2  stm32f10x_it.o(.text)
    USART1_IRQHandler                        0x080001af   Thumb Code     2  stm32f10x_it.o(.text)
    USART2_IRQHandler                        0x080001b1   Thumb Code     2  stm32f10x_it.o(.text)
    USART3_IRQHandler                        0x080001b3   Thumb Code     2  stm32f10x_it.o(.text)
    EXTI15_10_IRQHandler                     0x080001b5   Thumb Code     2  stm32f10x_it.o(.text)
    RTCAlarm_IRQHandler                      0x080001b7   Thumb Code     2  stm32f10x_it.o(.text)
    USBWakeUp_IRQHandler                     0x080001b9   Thumb Code     2  stm32f10x_it.o(.text)
    TIM8_BRK_IRQHandler                      0x080001bb   Thumb Code     2  stm32f10x_it.o(.text)
    TIM8_UP_IRQHandler                       0x080001bd   Thumb Code     2  stm32f10x_it.o(.text)
    TIM8_TRG_COM_IRQHandler                  0x080001bf   Thumb Code     2  stm32f10x_it.o(.text)
    TIM8_CC_IRQHandler                       0x080001c1   Thumb Code     2  stm32f10x_it.o(.text)
    ADC3_IRQHandler                          0x080001c3   Thumb Code     2  stm32f10x_it.o(.text)
    FSMC_IRQHandler                          0x080001c5   Thumb Code     2  stm32f10x_it.o(.text)
    SDIO_IRQHandler                          0x080001c7   Thumb Code     8  stm32f10x_it.o(.text)
    TIM5_IRQHandler                          0x080001cf   Thumb Code     2  stm32f10x_it.o(.text)
    SPI3_IRQHandler                          0x080001d1   Thumb Code     2  stm32f10x_it.o(.text)
    UART4_IRQHandler                         0x080001d3   Thumb Code     2  stm32f10x_it.o(.text)
    UART5_IRQHandler                         0x080001d5   Thumb Code     2  stm32f10x_it.o(.text)
    TIM6_IRQHandler                          0x080001d7   Thumb Code     2  stm32f10x_it.o(.text)
    TIM7_IRQHandler                          0x080001d9   Thumb Code     2  stm32f10x_it.o(.text)
    DMA2_Channel1_IRQHandler                 0x080001db   Thumb Code     2  stm32f10x_it.o(.text)
    DMA2_Channel2_IRQHandler                 0x080001dd   Thumb Code     2  stm32f10x_it.o(.text)
    DMA2_Channel3_IRQHandler                 0x080001df   Thumb Code     2  stm32f10x_it.o(.text)
    DMA2_Channel4_5_IRQHandler               0x080001e1   Thumb Code     2  stm32f10x_it.o(.text)
    Delay                                    0x080001e5   Thumb Code    36  main.o(.text)
    DelayKEY                                 0x08000209   Thumb Code    52  main.o(.text)
    SDPicShow                                0x0800023d   Thumb Code    72  main.o(.text)
    OTP_NO                                   0x08000285   Thumb Code    64  main.o(.text)
    SHOW_IC_VALUE_A                          0x080002c5   Thumb Code    86  main.o(.text)
    OTP_ERROR                                0x0800031b   Thumb Code    64  main.o(.text)
    MDelay                                   0x0800035b   Thumb Code    30  main.o(.text)
    MTP                                      0x08000379   Thumb Code   684  main.o(.text)
    SHOW_value                               0x08000625   Thumb Code   116  main.o(.text)
    I2C_DATAL_COMPARE                        0x08000699   Thumb Code    54  main.o(.text)
    I2C_MEMSURE1                             0x080006cf   Thumb Code   160  main.o(.text)
    I2C_DATAL_COMPAREX                       0x0800076f   Thumb Code    76  main.o(.text)
    MTP_ID                                   0x080007bb   Thumb Code   922  main.o(.text)
    ID_CHECK                                 0x08000b55   Thumb Code   174  main.o(.text)
    SD_InitAndConfig                         0x08000c03   Thumb Code    96  main.o(.text)
    KEYGPIO_Init                             0x08000c63   Thumb Code    54  main.o(.text)
    SysTick_Config                           0x08000c99   Thumb Code    28  main.o(.text)
    NVIC_Configuration                       0x08000cb5   Thumb Code    80  main.o(.text)
    RCC_Configuration                        0x08000d05   Thumb Code   120  main.o(.text)
    main                                     0x08000d7d   Thumb Code  1018  main.o(.text)
    KEY_adjust                               0x08001177   Thumb Code    98  main.o(.text)
    READ_SSD2825                             0x080011d9   Thumb Code   148  main.o(.text)
    SHOW_IC_VALUE                            0x0800126d   Thumb Code   196  main.o(.text)
    InterruptConfig                          0x08001331   Thumb Code    22  main.o(.text)
    Decrement_TimingDelay                    0x08001347   Thumb Code    18  main.o(.text)
    USART_Configuration                      0x08001359   Thumb Code    86  main.o(.text)
    USART1GPIO_Configuration                 0x080013af   Thumb Code   130  main.o(.text)
    SSD1963Data_8                            0x08001431   Thumb Code    86  lcd.o(.text)
    SSD1963Command_8                         0x08001487   Thumb Code    86  lcd.o(.text)
    SSD1963GPIOOUTDATA_16                    0x080014dd   Thumb Code   292  lcd.o(.text)
    SSD1963GPIOOUTCOM                        0x08001601   Thumb Code   164  lcd.o(.text)
    VIDEO_ON                                 0x080016a5   Thumb Code    24  lcd.o(.text)
    SSD1963GPIOOUTDATA_18                    0x080016bd   Thumb Code   152  lcd.o(.text)
    SEND_MIPI_DATA                           0x08001755   Thumb Code    54  lcd.o(.text)
    SSD2825_CLAN043LL_SC7789_A               0x0800178b   Thumb Code   294  lcd.o(.text)
    SSD1963INITSSD2825                       0x080018b1   Thumb Code   262  lcd.o(.text)
    LCD_CtrlLinesConfig                      0x080019b7   Thumb Code    74  lcd.o(.text)
    STM32_SSD1963_Init                       0x08001a01   Thumb Code   724  lcd.o(.text)
    SSD1963Data_8tt                          0x08001cd5   Thumb Code    28  lcd.o(.text)
    SSD1963toSSD2825DATA_8BIT                0x08001cf1   Thumb Code   152  lcd.o(.text)
    SSD1963GPIOOUTDATA_8                     0x08001d89   Thumb Code   286  lcd.o(.text)
    SPISDASetInput                           0x08001ea7   Thumb Code    26  lcd.o(.text)
    SPISDASetOutput                          0x08001ec1   Thumb Code    32  lcd.o(.text)
    SSD2825_READ                             0x08001ee1   Thumb Code   496  lcd.o(.text)
    SSD2825_READ_CONTINUE                    0x080020d1   Thumb Code   334  lcd.o(.text)
    ENTER_LP_mode                            0x0800221f   Thumb Code    18  lcd.o(.text)
    ENTER_READ_mode                          0x08002231   Thumb Code    18  lcd.o(.text)
    ENTER_hs_mode                            0x08002243   Thumb Code    18  lcd.o(.text)
    TC358768_DCS_write_1A_0P                 0x08002255   Thumb Code    80  lcd.o(.text)
    READ_IC                                  0x080022a5   Thumb Code   144  lcd.o(.text)
    HX8369_cmd_4                             0x08002335   Thumb Code    58  lcd.o(.text)
    SSD2825INITIAL_HX8369B                   0x0800236f   Thumb Code  2288  lcd.o(.text)
    enter_sleep_mode                         0x08002c5f   Thumb Code   274  lcd.o(.text)
    exit_sleep_mode                          0x08002d71   Thumb Code     8  lcd.o(.text)
    Soft_reset                               0x08002d79   Thumb Code    70  lcd.o(.text)
    Forward_scan                             0x08002dbf   Thumb Code    12  lcd.o(.text)
    Backward_scan                            0x08002dcb   Thumb Code    12  lcd.o(.text)
    LCD_SetDisplayWindow                     0x08002dd7   Thumb Code   100  lcd.o(.text)
    LCD_WriteRAM_Prepare                     0x08002e3b   Thumb Code    10  lcd.o(.text)
    LCD_DrawPoint                            0x08002e45   Thumb Code    46  lcd.o(.text)
    LCD_WriteArea                            0x08002e73   Thumb Code    98  lcd.o(.text)
    Flicker_sub_pixel                        0x08002ed5   Thumb Code   134  lcd.o(.text)
    Flicker_PIXEL                            0x08002f5b   Thumb Code   134  lcd.o(.text)
    Flicker_COLUMN                           0x08002fe1   Thumb Code   102  lcd.o(.text)
    RGB_color                                0x08003047   Thumb Code   214  lcd.o(.text)
    CT                                       0x0800311d   Thumb Code   126  lcd.o(.text)
    All_Color                                0x0800319b   Thumb Code   134  lcd.o(.text)
    LCD_Clear                                0x08003221   Thumb Code    14  lcd.o(.text)
    LCD_WriteBMP                             0x0800322f   Thumb Code   110  lcd.o(.text)
    LCD_PutChar                              0x0800329d   Thumb Code   134  lcd.o(.text)
    LCD_DisplayStringLine                    0x08003323   Thumb Code    58  lcd.o(.text)
    LCD_PutChar_A                            0x0800335d   Thumb Code   226  lcd.o(.text)
    LCD_DisplayStringLine_A                  0x0800343f   Thumb Code    94  lcd.o(.text)
    DMA_DeInit                               0x080034b9   Thumb Code   316  stm32f10x_dma.o(.text)
    DMA_Init                                 0x080035f5   Thumb Code    60  stm32f10x_dma.o(.text)
    DMA_StructInit                           0x08003631   Thumb Code    26  stm32f10x_dma.o(.text)
    DMA_Cmd                                  0x0800364b   Thumb Code    22  stm32f10x_dma.o(.text)
    DMA_ITConfig                             0x08003661   Thumb Code    18  stm32f10x_dma.o(.text)
    DMA_GetCurrDataCounter                   0x08003673   Thumb Code     8  stm32f10x_dma.o(.text)
    DMA_GetFlagStatus                        0x0800367b   Thumb Code    34  stm32f10x_dma.o(.text)
    DMA_ClearFlag                            0x0800369d   Thumb Code    18  stm32f10x_dma.o(.text)
    DMA_GetITStatus                          0x080036af   Thumb Code    34  stm32f10x_dma.o(.text)
    DMA_ClearITPendingBit                    0x080036d1   Thumb Code    18  stm32f10x_dma.o(.text)
    FLASH_SetLatency                         0x080036fd   Thumb Code    22  stm32f10x_flash.o(.text)
    FLASH_HalfCycleAccessCmd                 0x08003713   Thumb Code    22  stm32f10x_flash.o(.text)
    FLASH_PrefetchBufferCmd                  0x08003729   Thumb Code    22  stm32f10x_flash.o(.text)
    GPIO_DeInit                              0x08003745   Thumb Code   188  stm32f10x_gpio.o(.text)
    GPIO_AFIODeInit                          0x08003801   Thumb Code    20  stm32f10x_gpio.o(.text)
    GPIO_Init                                0x08003815   Thumb Code   274  stm32f10x_gpio.o(.text)
    GPIO_StructInit                          0x08003927   Thumb Code    16  stm32f10x_gpio.o(.text)
    GPIO_ReadInputDataBit                    0x08003937   Thumb Code    18  stm32f10x_gpio.o(.text)
    GPIO_ReadInputData                       0x08003949   Thumb Code     8  stm32f10x_gpio.o(.text)
    GPIO_ReadOutputDataBit                   0x08003951   Thumb Code    18  stm32f10x_gpio.o(.text)
    GPIO_ReadOutputData                      0x08003963   Thumb Code     8  stm32f10x_gpio.o(.text)
    GPIO_SetBits                             0x0800396b   Thumb Code     4  stm32f10x_gpio.o(.text)
    GPIO_ResetBits                           0x0800396f   Thumb Code     4  stm32f10x_gpio.o(.text)
    GPIO_WriteBit                            0x08003973   Thumb Code    10  stm32f10x_gpio.o(.text)
    GPIO_Write                               0x0800397d   Thumb Code     4  stm32f10x_gpio.o(.text)
    GPIO_PinLockConfig                       0x08003981   Thumb Code    18  stm32f10x_gpio.o(.text)
    GPIO_EventOutputConfig                   0x08003993   Thumb Code    26  stm32f10x_gpio.o(.text)
    GPIO_EventOutputCmd                      0x080039ad   Thumb Code     6  stm32f10x_gpio.o(.text)
    GPIO_PinRemapConfig                      0x080039b3   Thumb Code   106  stm32f10x_gpio.o(.text)
    GPIO_EXTILineConfig                      0x08003a1d   Thumb Code    66  stm32f10x_gpio.o(.text)
    NVIC_DeInit                              0x08003a71   Thumb Code    58  stm32f10x_nvic.o(.text)
    NVIC_SCBDeInit                           0x08003aab   Thumb Code    92  stm32f10x_nvic.o(.text)
    NVIC_PriorityGroupConfig                 0x08003b07   Thumb Code    10  stm32f10x_nvic.o(.text)
    NVIC_Init                                0x08003b11   Thumb Code   192  stm32f10x_nvic.o(.text)
    NVIC_StructInit                          0x08003bd1   Thumb Code    12  stm32f10x_nvic.o(.text)
    NVIC_SETPRIMASK                          0x08003bdd   Thumb Code     8  stm32f10x_nvic.o(.text)
    NVIC_RESETPRIMASK                        0x08003be5   Thumb Code     8  stm32f10x_nvic.o(.text)
    NVIC_SETFAULTMASK                        0x08003bed   Thumb Code     8  stm32f10x_nvic.o(.text)
    NVIC_RESETFAULTMASK                      0x08003bf5   Thumb Code     8  stm32f10x_nvic.o(.text)
    NVIC_BASEPRICONFIG                       0x08003bfd   Thumb Code    12  stm32f10x_nvic.o(.text)
    NVIC_GetBASEPRI                          0x08003c09   Thumb Code     8  stm32f10x_nvic.o(.text)
    NVIC_GetCurrentPendingIRQChannel         0x08003c11   Thumb Code    10  stm32f10x_nvic.o(.text)
    NVIC_GetIRQChannelPendingBitStatus       0x08003c1b   Thumb Code    42  stm32f10x_nvic.o(.text)
    NVIC_SetIRQChannelPendingBit             0x08003c45   Thumb Code     6  stm32f10x_nvic.o(.text)
    NVIC_ClearIRQChannelPendingBit           0x08003c4b   Thumb Code    20  stm32f10x_nvic.o(.text)
    NVIC_GetCurrentActiveHandler             0x08003c5f   Thumb Code    10  stm32f10x_nvic.o(.text)
    NVIC_GetIRQChannelActiveBitStatus        0x08003c69   Thumb Code    42  stm32f10x_nvic.o(.text)
    NVIC_GetCPUID                            0x08003c93   Thumb Code     6  stm32f10x_nvic.o(.text)
    NVIC_SetVectorTable                      0x08003c99   Thumb Code    12  stm32f10x_nvic.o(.text)
    NVIC_GenerateSystemReset                 0x08003ca5   Thumb Code    10  stm32f10x_nvic.o(.text)
    NVIC_GenerateCoreReset                   0x08003caf   Thumb Code    10  stm32f10x_nvic.o(.text)
    NVIC_SystemLPConfig                      0x08003cb9   Thumb Code    38  stm32f10x_nvic.o(.text)
    NVIC_SystemHandlerConfig                 0x08003cdf   Thumb Code    52  stm32f10x_nvic.o(.text)
    NVIC_SystemHandlerPriorityConfig         0x08003d13   Thumb Code   122  stm32f10x_nvic.o(.text)
    NVIC_GetSystemHandlerPendingBitStatus    0x08003d8d   Thumb Code    42  stm32f10x_nvic.o(.text)
    NVIC_SetSystemHandlerPendingBit          0x08003db7   Thumb Code    32  stm32f10x_nvic.o(.text)
    NVIC_ClearSystemHandlerPendingBit        0x08003dd7   Thumb Code    38  stm32f10x_nvic.o(.text)
    NVIC_GetSystemHandlerActiveBitStatus     0x08003dfd   Thumb Code    40  stm32f10x_nvic.o(.text)
    NVIC_GetFaultHandlerSources              0x08003e25   Thumb Code   126  stm32f10x_nvic.o(.text)
    NVIC_GetFaultAddress                     0x08003ea3   Thumb Code    24  stm32f10x_nvic.o(.text)
    RCC_DeInit                               0x08003ec9   Thumb Code    62  stm32f10x_rcc.o(.text)
    RCC_HSEConfig                            0x08003f07   Thumb Code    70  stm32f10x_rcc.o(.text)
    RCC_GetFlagStatus                        0x08003f4d   Thumb Code    56  stm32f10x_rcc.o(.text)
    RCC_WaitForHSEStartUp                    0x08003f85   Thumb Code    46  stm32f10x_rcc.o(.text)
    RCC_AdjustHSICalibrationValue            0x08003fb3   Thumb Code    20  stm32f10x_rcc.o(.text)
    RCC_HSICmd                               0x08003fc7   Thumb Code     6  stm32f10x_rcc.o(.text)
    RCC_PLLConfig                            0x08003fcd   Thumb Code    24  stm32f10x_rcc.o(.text)
    RCC_PLLCmd                               0x08003fe5   Thumb Code     6  stm32f10x_rcc.o(.text)
    RCC_SYSCLKConfig                         0x08003feb   Thumb Code    18  stm32f10x_rcc.o(.text)
    RCC_GetSYSCLKSource                      0x08003ffd   Thumb Code    10  stm32f10x_rcc.o(.text)
    RCC_HCLKConfig                           0x08004007   Thumb Code    18  stm32f10x_rcc.o(.text)
    RCC_PCLK1Config                          0x08004019   Thumb Code    18  stm32f10x_rcc.o(.text)
    RCC_PCLK2Config                          0x0800402b   Thumb Code    20  stm32f10x_rcc.o(.text)
    RCC_ITConfig                             0x0800403f   Thumb Code    30  stm32f10x_rcc.o(.text)
    RCC_USBCLKConfig                         0x0800405d   Thumb Code     6  stm32f10x_rcc.o(.text)
    RCC_ADCCLKConfig                         0x08004063   Thumb Code    18  stm32f10x_rcc.o(.text)
    RCC_LSEConfig                            0x08004075   Thumb Code    44  stm32f10x_rcc.o(.text)
    RCC_LSICmd                               0x080040a1   Thumb Code     6  stm32f10x_rcc.o(.text)
    RCC_RTCCLKConfig                         0x080040a7   Thumb Code    12  stm32f10x_rcc.o(.text)
    RCC_RTCCLKCmd                            0x080040b3   Thumb Code     6  stm32f10x_rcc.o(.text)
    RCC_GetClocksFreq                        0x080040b9   Thumb Code   192  stm32f10x_rcc.o(.text)
    RCC_AHBPeriphClockCmd                    0x08004179   Thumb Code    26  stm32f10x_rcc.o(.text)
    RCC_APB2PeriphClockCmd                   0x08004193   Thumb Code    26  stm32f10x_rcc.o(.text)
    RCC_APB1PeriphClockCmd                   0x080041ad   Thumb Code    26  stm32f10x_rcc.o(.text)
    RCC_APB2PeriphResetCmd                   0x080041c7   Thumb Code    26  stm32f10x_rcc.o(.text)
    RCC_APB1PeriphResetCmd                   0x080041e1   Thumb Code    26  stm32f10x_rcc.o(.text)
    RCC_BackupResetCmd                       0x080041fb   Thumb Code     6  stm32f10x_rcc.o(.text)
    RCC_ClockSecuritySystemCmd               0x08004201   Thumb Code     6  stm32f10x_rcc.o(.text)
    RCC_MCOConfig                            0x08004207   Thumb Code     6  stm32f10x_rcc.o(.text)
    RCC_ClearFlag                            0x0800420d   Thumb Code    14  stm32f10x_rcc.o(.text)
    RCC_GetITStatus                          0x0800421b   Thumb Code    20  stm32f10x_rcc.o(.text)
    RCC_ClearITPendingBit                    0x0800422f   Thumb Code     6  stm32f10x_rcc.o(.text)
    SDIO_DeInit                              0x08004269   Thumb Code    28  stm32f10x_sdio.o(.text)
    SDIO_Init                                0x08004285   Thumb Code    42  stm32f10x_sdio.o(.text)
    SDIO_StructInit                          0x080042af   Thumb Code    16  stm32f10x_sdio.o(.text)
    SDIO_ClockCmd                            0x080042bf   Thumb Code     6  stm32f10x_sdio.o(.text)
    SDIO_SetPowerState                       0x080042c5   Thumb Code    22  stm32f10x_sdio.o(.text)
    SDIO_GetPowerState                       0x080042db   Thumb Code    10  stm32f10x_sdio.o(.text)
    SDIO_ITConfig                            0x080042e5   Thumb Code    26  stm32f10x_sdio.o(.text)
    SDIO_DMACmd                              0x080042ff   Thumb Code     6  stm32f10x_sdio.o(.text)
    SDIO_SendCommand                         0x08004305   Thumb Code    38  stm32f10x_sdio.o(.text)
    SDIO_CmdStructInit                       0x0800432b   Thumb Code    14  stm32f10x_sdio.o(.text)
    SDIO_GetCommandResponse                  0x08004339   Thumb Code     8  stm32f10x_sdio.o(.text)
    SDIO_GetResponse                         0x08004341   Thumb Code    10  stm32f10x_sdio.o(.text)
    SDIO_DataConfig                          0x0800434b   Thumb Code    42  stm32f10x_sdio.o(.text)
    SDIO_DataStructInit                      0x08004375   Thumb Code    20  stm32f10x_sdio.o(.text)
    SDIO_GetDataCounter                      0x08004389   Thumb Code     6  stm32f10x_sdio.o(.text)
    SDIO_ReadData                            0x0800438f   Thumb Code     6  stm32f10x_sdio.o(.text)
    SDIO_WriteData                           0x08004395   Thumb Code     6  stm32f10x_sdio.o(.text)
    SDIO_GetFIFOCount                        0x0800439b   Thumb Code     6  stm32f10x_sdio.o(.text)
    SDIO_StartSDIOReadWait                   0x080043a1   Thumb Code     6  stm32f10x_sdio.o(.text)
    SDIO_StopSDIOReadWait                    0x080043a7   Thumb Code     6  stm32f10x_sdio.o(.text)
    SDIO_SetSDIOReadWaitMode                 0x080043ad   Thumb Code     6  stm32f10x_sdio.o(.text)
    SDIO_SetSDIOOperation                    0x080043b3   Thumb Code     6  stm32f10x_sdio.o(.text)
    SDIO_SendSDIOSuspendCmd                  0x080043b9   Thumb Code     6  stm32f10x_sdio.o(.text)
    SDIO_CommandCompletionCmd                0x080043bf   Thumb Code     6  stm32f10x_sdio.o(.text)
    SDIO_CEATAITCmd                          0x080043c5   Thumb Code    10  stm32f10x_sdio.o(.text)
    SDIO_SendCEATACmd                        0x080043cf   Thumb Code     6  stm32f10x_sdio.o(.text)
    SDIO_GetFlagStatus                       0x080043d5   Thumb Code    20  stm32f10x_sdio.o(.text)
    SDIO_ClearFlag                           0x080043e9   Thumb Code     6  stm32f10x_sdio.o(.text)
    SDIO_GetITStatus                         0x080043ef   Thumb Code    20  stm32f10x_sdio.o(.text)
    SDIO_ClearITPendingBit                   0x08004403   Thumb Code     6  stm32f10x_sdio.o(.text)
    SysTick_CLKSourceConfig                  0x0800443d   Thumb Code    40  stm32f10x_systick.o(.text)
    SysTick_SetReload                        0x08004465   Thumb Code     8  stm32f10x_systick.o(.text)
    SysTick_CounterCmd                       0x0800446d   Thumb Code    54  stm32f10x_systick.o(.text)
    SysTick_ITConfig                         0x080044a3   Thumb Code    38  stm32f10x_systick.o(.text)
    SysTick_GetCounter                       0x080044c9   Thumb Code     8  stm32f10x_systick.o(.text)
    SysTick_GetFlagStatus                    0x080044d1   Thumb Code    46  stm32f10x_systick.o(.text)
    USART_DeInit                             0x08004501   Thumb Code   146  stm32f10x_usart.o(.text)
    USART_Init                               0x08004593   Thumb Code   150  stm32f10x_usart.o(.text)
    USART_StructInit                         0x08004629   Thumb Code    24  stm32f10x_usart.o(.text)
    USART_ClockInit                          0x08004641   Thumb Code    34  stm32f10x_usart.o(.text)
    USART_ClockStructInit                    0x08004663   Thumb Code    12  stm32f10x_usart.o(.text)
    USART_Cmd                                0x0800466f   Thumb Code    24  stm32f10x_usart.o(.text)
    USART_ITConfig                           0x08004687   Thumb Code    64  stm32f10x_usart.o(.text)
    USART_DMACmd                             0x080046c7   Thumb Code    24  stm32f10x_usart.o(.text)
    USART_SetAddress                         0x080046df   Thumb Code    18  stm32f10x_usart.o(.text)
    USART_WakeUpConfig                       0x080046f1   Thumb Code    18  stm32f10x_usart.o(.text)
    USART_ReceiverWakeUpCmd                  0x08004703   Thumb Code    24  stm32f10x_usart.o(.text)
    USART_LINBreakDetectLengthConfig         0x0800471b   Thumb Code    18  stm32f10x_usart.o(.text)
    USART_LINCmd                             0x0800472d   Thumb Code    24  stm32f10x_usart.o(.text)
    USART_SendData                           0x08004745   Thumb Code     8  stm32f10x_usart.o(.text)
    USART_ReceiveData                        0x0800474d   Thumb Code    10  stm32f10x_usart.o(.text)
    USART_SendBreak                          0x08004757   Thumb Code    10  stm32f10x_usart.o(.text)
    USART_SetGuardTime                       0x08004761   Thumb Code    16  stm32f10x_usart.o(.text)
    USART_SetPrescaler                       0x08004771   Thumb Code    16  stm32f10x_usart.o(.text)
    USART_SmartCardCmd                       0x08004781   Thumb Code    24  stm32f10x_usart.o(.text)
    USART_SmartCardNACKCmd                   0x08004799   Thumb Code    24  stm32f10x_usart.o(.text)
    USART_HalfDuplexCmd                      0x080047b1   Thumb Code    24  stm32f10x_usart.o(.text)
    USART_IrDAConfig                         0x080047c9   Thumb Code    18  stm32f10x_usart.o(.text)
    USART_IrDACmd                            0x080047db   Thumb Code    24  stm32f10x_usart.o(.text)
    USART_GetFlagStatus                      0x080047f3   Thumb Code    18  stm32f10x_usart.o(.text)
    USART_ClearFlag                          0x08004805   Thumb Code     6  stm32f10x_usart.o(.text)
    USART_GetITStatus                        0x0800480b   Thumb Code    76  stm32f10x_usart.o(.text)
    USART_ClearITPendingBit                  0x08004857   Thumb Code    20  stm32f10x_usart.o(.text)
    Reset_Handler                            0x08004879   Thumb Code     4  stm32f10x_vector.o(.text)
    __WFI                                    0x08004881   Thumb Code     0  cortexm3_macro.o(.text)
    __WFE                                    0x08004885   Thumb Code     0  cortexm3_macro.o(.text)
    __SEV                                    0x08004889   Thumb Code     0  cortexm3_macro.o(.text)
    __ISB                                    0x0800488d   Thumb Code     0  cortexm3_macro.o(.text)
    __DSB                                    0x08004893   Thumb Code     0  cortexm3_macro.o(.text)
    __DMB                                    0x08004899   Thumb Code     0  cortexm3_macro.o(.text)
    __SVC                                    0x0800489f   Thumb Code     0  cortexm3_macro.o(.text)
    __MRS_CONTROL                            0x080048a3   Thumb Code     0  cortexm3_macro.o(.text)
    __MSR_CONTROL                            0x080048a9   Thumb Code     0  cortexm3_macro.o(.text)
    __MRS_PSP                                0x080048b3   Thumb Code     0  cortexm3_macro.o(.text)
    __MSR_PSP                                0x080048b9   Thumb Code     0  cortexm3_macro.o(.text)
    __MRS_MSP                                0x080048bf   Thumb Code     0  cortexm3_macro.o(.text)
    __MSR_MSP                                0x080048c5   Thumb Code     0  cortexm3_macro.o(.text)
    __RESETPRIMASK                           0x080048cb   Thumb Code     0  cortexm3_macro.o(.text)
    __SETPRIMASK                             0x080048cf   Thumb Code     0  cortexm3_macro.o(.text)
    __READ_PRIMASK                           0x080048d3   Thumb Code     0  cortexm3_macro.o(.text)
    __SETFAULTMASK                           0x080048d9   Thumb Code     0  cortexm3_macro.o(.text)
    __RESETFAULTMASK                         0x080048dd   Thumb Code     0  cortexm3_macro.o(.text)
    __READ_FAULTMASK                         0x080048e1   Thumb Code     0  cortexm3_macro.o(.text)
    __BASEPRICONFIG                          0x080048e7   Thumb Code     0  cortexm3_macro.o(.text)
    __GetBASEPRI                             0x080048ed   Thumb Code     0  cortexm3_macro.o(.text)
    __REV_HalfWord                           0x080048f3   Thumb Code     0  cortexm3_macro.o(.text)
    __REV_Word                               0x080048f7   Thumb Code     0  cortexm3_macro.o(.text)
    SD_InitializeCards                       0x080048fd   Thumb Code   436  sdcard.o(.text)
    SD_PowerON                               0x08004bd9   Thumb Code   484  sdcard.o(.text)
    SD_Init                                  0x08004dbd   Thumb Code   122  sdcard.o(.text)
    SD_PowerOFF                              0x08004e37   Thumb Code    14  sdcard.o(.text)
    SD_GetCardInfo                           0x08004e45   Thumb Code   626  sdcard.o(.text)
    SD_EnableWideBusOperation                0x080052db   Thumb Code   124  sdcard.o(.text)
    SD_SetDeviceMode                         0x08005357   Thumb Code    28  sdcard.o(.text)
    SD_SelectDeselect                        0x08005373   Thumb Code    40  sdcard.o(.text)
    SD_ReadBlock                             0x0800539b   Thumb Code   612  sdcard.o(.text)
    SD_ReadMultiBlocks                       0x080055ff   Thumb Code   678  sdcard.o(.text)
    SD_WriteBlock                            0x08005a11   Thumb Code   868  sdcard.o(.text)
    SD_WriteMultiBlocks                      0x08005d75   Thumb Code   988  sdcard.o(.text)
    SD_GetTransferState                      0x08006151   Thumb Code    14  sdcard.o(.text)
    SD_StopTransfer                          0x0800615f   Thumb Code    36  sdcard.o(.text)
    SD_Erase                                 0x08006183   Thumb Code   294  sdcard.o(.text)
    SD_SendStatus                            0x080062a9   Thumb Code    72  sdcard.o(.text)
    SD_SendSDStatus                          0x080062f1   Thumb Code   370  sdcard.o(.text)
    SD_ProcessIRQSrc                         0x08006463   Thumb Code   450  sdcard.o(.text)
    FAT_Init                                 0x08006639   Thumb Code   190  fat.o(.text)
    FAT_LoadPartCluster                      0x080066f7   Thumb Code    36  fat.o(.text)
    FAT_NextCluster                          0x0800671b   Thumb Code    78  fat.o(.text)
    FAT_FindFreeCluster                      0x08006769   Thumb Code   146  fat.o(.text)
    FAT_FindFreeItem                         0x080067fb   Thumb Code   414  fat.o(.text)
    FAT_FindItem                             0x08006999   Thumb Code   526  fat.o(.text)
    FAT_SelectOneItem                        0x08006ba7   Thumb Code   440  fat.o(.text)
    FAT_ModifyFAT                            0x08006d5f   Thumb Code   146  fat.o(.text)
    FAT_MkDir                                0x08006df1   Thumb Code   724  fat.o(.text)
    FAT_DelItem                              0x080070c5   Thumb Code   338  fat.o(.text)
    FAT_OpenDir                              0x08007217   Thumb Code   232  fat.o(.text)
    FAT_RmDir                                0x080072ff   Thumb Code    24  fat.o(.text)
    FAT_Create                               0x08007317   Thumb Code   490  fat.o(.text)
    FAT_Open                                 0x08007501   Thumb Code   280  fat.o(.text)
    FAT_Close                                0x08007619   Thumb Code     8  fat.o(.text)
    FAT_Write                                0x08007621   Thumb Code    90  fat.o(.text)
    FAT_Delete                               0x0800767b   Thumb Code    24  fat.o(.text)
    FAT_Rename                               0x08007693   Thumb Code   454  fat.o(.text)
    CopyDirentruyItem                        0x08007859   Thumb Code   172  fat.o(.text)
    WriteFolderCluster                       0x08007905   Thumb Code     6  fat.o(.text)
    GetFolderCluster                         0x0800790b   Thumb Code     6  fat.o(.text)
    SearchFolder                             0x08007911   Thumb Code   438  fat.o(.text)
    SearchInit                               0x08007ac7   Thumb Code    74  fat.o(.text)
    Search                                   0x08007b11   Thumb Code  1202  fat.o(.text)
    Search_man                               0x08007fc3   Thumb Code   488  fat.o(.text)
    Disp_BMP                                 0x080081b9   Thumb Code   656  disp.o(.text)
    I2CSDASetInput                           0x08008485   Thumb Code    24  tsl2583.o(.text)
    I2CSDASetOutput                          0x0800849d   Thumb Code    30  tsl2583.o(.text)
    Dly_10ns                                 0x080084bb   Thumb Code    22  tsl2583.o(.text)
    I2CStart                                 0x080084d1   Thumb Code    46  tsl2583.o(.text)
    I2CStop                                  0x080084ff   Thumb Code    46  tsl2583.o(.text)
    I2CSendByte                              0x0800852d   Thumb Code   150  tsl2583.o(.text)
    I2CSendByte1                             0x080085c3   Thumb Code   150  tsl2583.o(.text)
    I2CReciveByte                            0x08008659   Thumb Code   136  tsl2583.o(.text)
    I2C_WRITE_BYTE                           0x080086e1   Thumb Code    56  tsl2583.o(.text)
    I2C_READ_BYTE                            0x08008719   Thumb Code    76  tsl2583.o(.text)
    GET_LIGHT                                0x08008765   Thumb Code    66  tsl2583.o(.text)
    TSL2583_address_set                      0x080087a7   Thumb Code     8  tsl2583.o(.text)
    TSL2583_init                             0x080087af   Thumb Code    50  tsl2583.o(.text)
    GET_FLICKER                              0x080087e1   Thumb Code   206  tsl2583.o(.text)
    __aeabi_memcpy                           0x080088b5   Thumb Code    36  memcpya.o(.text)
    __aeabi_memcpy4                          0x080088b5   Thumb Code     0  memcpya.o(.text)
    __aeabi_memcpy8                          0x080088b5   Thumb Code     0  memcpya.o(.text)
    __aeabi_memset                           0x080088d9   Thumb Code    14  memseta.o(.text)
    __aeabi_memset4                          0x080088d9   Thumb Code     0  memseta.o(.text)
    __aeabi_memset8                          0x080088d9   Thumb Code     0  memseta.o(.text)
    __aeabi_memclr                           0x080088e7   Thumb Code     4  memseta.o(.text)
    __aeabi_memclr4                          0x080088e7   Thumb Code     0  memseta.o(.text)
    __aeabi_memclr8                          0x080088e7   Thumb Code     0  memseta.o(.text)
    _memset$wrapper                          0x080088eb   Thumb Code    20  memseta.o(.text)
    __aeabi_i2f                              0x080088ff   Thumb Code    18  fflti.o(.text)
    __aeabi_f2uiz                            0x08008911   Thumb Code    40  ffixui.o(.text)
    __I$use$fp                               0x08008939   Thumb Code     0  iusefp.o(.text)
    _float_round                             0x08008939   Thumb Code    18  fepilogue.o(.text)
    _float_epilogue                          0x0800894b   Thumb Code    94  fepilogue.o(.text)
    __scatterload                            0x080089a9   Thumb Code    28  init.o(.text)
    __scatterload_rt2                        0x080089a9   Thumb Code     0  init.o(.text)
    __decompress                             0x080089cd   Thumb Code     0  __dczerorl2.o(.text)
    __decompress1                            0x080089cd   Thumb Code    92  __dczerorl2.o(.text)
    __ARM_common_memset4_12                  0x08008a29   Thumb Code    18  fat.o(i.__ARM_common_memset4_12)
    __scatterload_copy                       0x08008a3b   Thumb Code    14  handlers.o(i.__scatterload_copy)
    __scatterload_null                       0x08008a49   Thumb Code     2  handlers.o(i.__scatterload_null)
    __scatterload_zeroinit                   0x08008a4b   Thumb Code    14  handlers.o(i.__scatterload_zeroinit)
    free                                     0x08008a59   Thumb Code    76  malloc.o(i.free)
    malloc                                   0x08008aa9   Thumb Code    92  malloc.o(i.malloc)
    ASCII_Table                              0x08008b14   Data        4560  lcd.o(.constdata)
    Region$$Table$$Base                      0x08009cf8   Number         0  anon$$obj.o(Region$$Table)
    Region$$Table$$Limit                     0x08009d18   Number         0  anon$$obj.o(Region$$Table)
    Status                                   0x20000004   Data           1  main.o(.data)
    SDConfigFlag                             0x20000005   Data           1  main.o(.data)
    SDShowFlag                               0x20000006   Data           1  main.o(.data)
    SDShowTimes                              0x20000007   Data           1  main.o(.data)
    count1                                   0x20000008   Data           2  main.o(.data)
    count2                                   0x2000000a   Data           2  main.o(.data)
    vcomdc_value                             0x2000000c   Data           2  main.o(.data)
    VCOMDC                                   0x2000000e   Data           1  main.o(.data)
    VCOMDC1                                  0x20000010   Data           2  main.o(.data)
    OTP_VALUE1                               0x20000012   Data           1  main.o(.data)
    OTP_VALUE2                               0x20000013   Data           1  main.o(.data)
    OTP_TIMES                                0x20000014   Data           1  main.o(.data)
    ID_OK                                    0x20000015   Data           1  main.o(.data)
    GPIO_InitStructure                       0x20000016   Data           4  main.o(.data)
    HSEStartUpStatus                         0x2000001a   Data           1  main.o(.data)
    sd_Capacity                              0x2000001c   Data           4  main.o(.data)
    DotclkValue                              0x20000020   Data           1  lcd.o(.data)
    VDP                                      0x20000022   Data           2  lcd.o(.data)
    VBP                                      0x20000024   Data           2  lcd.o(.data)
    VFP                                      0x20000026   Data           2  lcd.o(.data)
    HDP                                      0x20000028   Data           2  lcd.o(.data)
    HBP                                      0x2000002a   Data           2  lcd.o(.data)
    HFP                                      0x2000002c   Data           2  lcd.o(.data)
    VPW                                      0x2000002e   Data           2  lcd.o(.data)
    HPW                                      0x20000030   Data           2  lcd.o(.data)
    mm                                       0x20000036   Data           2  lcd.o(.data)
    SC7789_A_B9                              0x20000038   Data           4  lcd.o(.data)
    SC7789_A_BC                              0x2000003c   Data           2  lcd.o(.data)
    SC7789_A_BA                              0x2000003e   Data          19  lcd.o(.data)
    SC7789_A_C6                              0x20000051   Data           4  lcd.o(.data)
    SC7789_A_CC_B                            0x20000055   Data           2  lcd.o(.data)
    SC7789_A_CC_F                            0x20000057   Data           2  lcd.o(.data)
    SC7789_A_B2                              0x20000059   Data           2  lcd.o(.data)
    SC7789_A_B4                              0x2000005b   Data           2  lcd.o(.data)
    SC7789_A_B3                              0x2000005d   Data           9  lcd.o(.data)
    SC7789_A_E9                              0x20000066   Data          52  lcd.o(.data)
    SC7789_A_EA                              0x2000009a   Data          37  lcd.o(.data)
    SC7789_A_B1                              0x200000bf   Data           8  lcd.o(.data)
    SC7789_A_E3                              0x200000c7   Data           5  lcd.o(.data)
    SC7789_A_B8                              0x200000cc   Data           3  lcd.o(.data)
    SC7789_A_B5                              0x200000cf   Data           3  lcd.o(.data)
    SC7789_A_C0                              0x200000d2   Data           6  lcd.o(.data)
    SC7789_A_E0                              0x200000d8   Data          35  lcd.o(.data)
    SC7789_A_C1                              0x200000fb   Data         128  lcd.o(.data)
    DeviceCode                               0x2000017c   Data           2  lcd.o(.data)
    FontR                                    0x2000017e   Data           1  lcd.o(.data)
    FontG                                    0x2000017f   Data           1  lcd.o(.data)
    FontB                                    0x20000180   Data           1  lcd.o(.data)
    TransferError                            0x20000184   Data           1  sdcard.o(.data)
    TransferEnd                              0x2000019c   Data           4  sdcard.o(.data)
    NumberOfBytes                            0x200001a0   Data           4  sdcard.o(.data)
    SrcBuffer                                0x200001a4   Data           4  sdcard.o(.data)
    DestBuffer                               0x200001a8   Data           4  sdcard.o(.data)
    LongNameFlag                             0x200001ac   Data           1  fat.o(.data)
    FAT32_Enable                             0x200001ad   Data           1  fat.o(.data)
    BytesPerSector                           0x200001ae   Data           2  fat.o(.data)
    SectorsPerClust                          0x200001b0   Data           2  fat.o(.data)
    FirstDirClust                            0x200001b4   Data           4  fat.o(.data)
    FirstDataSector                          0x200001b8   Data           4  fat.o(.data)
    FATsectors                               0x200001bc   Data           4  fat.o(.data)
    FirstFATSector                           0x200001c0   Data           4  fat.o(.data)
    FirstDirSector                           0x200001c4   Data           4  fat.o(.data)
    RootDirSectors                           0x200001c8   Data           4  fat.o(.data)
    RootDirCount                             0x200001cc   Data           4  fat.o(.data)
    image_count                              0x200001d0   Data           2  disp.o(.data)
    image_all                                0x200001d2   Data           2  disp.o(.data)
    slave_addr_use                           0x200001d4   Data           2  tsl2583.o(.data)
    __microlib_freelist                      0x200001d8   Data           4  mvars.o(.data)
    __microlib_freelist_initialised          0x200001dc   Data           4  mvars.o(.data)
    MIPI_READ_DATA                           0x200001e0   Data          10  main.o(.bss)
    SDCardInfo                               0x200001ec   Data          80  main.o(.bss)
    DATA_SUM1                                0x2000023c   Data          60  main.o(.bss)
    DATA_SUMY                                0x20000278   Data          60  main.o(.bss)
    SURE                                     0x200002b4   Data          60  main.o(.bss)
    SDIO_InitStructure                       0x20000320   Data          24  sdcard.o(.bss)
    SDIO_CmdInitStructure                    0x20000338   Data          20  sdcard.o(.bss)
    SDIO_DataInitStructure                   0x2000034c   Data          24  sdcard.o(.bss)
    LongNameBuffer                           0x20000380   Data         132  fat.o(.bss)
    FileInfo                                 0x20000404   Data          15  fat.o(.bss)
    recordBuf                                0x20000413   Data        1024  fat.o(.bss)
    BMPInfo                                  0x20000840   Data          32  disp.o(.bss)
    DATA_SUM                                 0x20000860   Data          20  tsl2583.o(.bss)
    __heap_base                              0x20000878   Data           0  stm32f10x_vector.o(HEAP)
    __heap_limit                             0x20000c78   Data           0  stm32f10x_vector.o(HEAP)
    __initial_sp                             0x20001078   Data           0  stm32f10x_vector.o(STACK)



==============================================================================

Memory Map of the image

  Image Entry point : 0x08000131

  Load Region LR_IROM1 (Base: 0x08000000, Size: 0x00009ef8, Max: 0x00080000, ABSOLUTE, COMPRESSED[0x00009e44])

    Execution Region ER_IROM1 (Base: 0x08000000, Size: 0x00009d18, Max: 0x00080000, ABSOLUTE)

    Base Addr    Size         Type   Attr      Idx    E Section Name        Object

    0x08000000   0x00000130   Data   RO          671    RESET               stm32f10x_vector.o
    0x08000130   0x00000000   Code   RO          941  * .ARM.Collect$$$$00000000  mc_w.l(entry.o)(mc_w.l)
    0x08000130   0x00000004   Code   RO          982    .ARM.Collect$$$$00000001  mc_w.l(entry2.o)(mc_w.l)
    0x08000134   0x00000004   Code   RO          985    .ARM.Collect$$$$00000004  mc_w.l(entry5.o)(mc_w.l)
    0x08000138   0x00000008   Code   RO          986    .ARM.Collect$$$$00000007  mc_w.l(entry7.o)(mc_w.l)
    0x08000140   0x00000004   Code   RO          983    .ARM.Collect$$$$00002712  mc_w.l(entry2.o)(mc_w.l)
    0x08000144   0x0000009e   Code   RO            1    .text               stm32f10x_it.o
    0x080001e2   0x00000002   PAD
    0x080001e4   0x0000124c   Code   RO          103    .text               main.o
    0x08001430   0x00002088   Code   RO          230    .text               lcd.o
    0x080034b8   0x00000244   Code   RO          403    .text               stm32f10x_dma.o
    0x080036fc   0x00000048   Code   RO          433    .text               stm32f10x_flash.o
    0x08003744   0x0000032c   Code   RO          463    .text               stm32f10x_gpio.o
    0x08003a70   0x00000458   Code   RO          547    .text               stm32f10x_nvic.o
    0x08003ec8   0x000003a0   Code   RO          571    .text               stm32f10x_rcc.o
    0x08004268   0x000001d4   Code   RO          597    .text               stm32f10x_sdio.o
    0x0800443c   0x000000c2   Code   RO          621    .text               stm32f10x_systick.o
    0x080044fe   0x00000002   PAD
    0x08004500   0x00000378   Code   RO          645    .text               stm32f10x_usart.o
    0x08004878   0x00000008   Code   RO          672    .text               stm32f10x_vector.o
    0x08004880   0x0000007a   Code   RO          677    .text               cortexm3_macro.o
    0x080048fa   0x00000002   PAD
    0x080048fc   0x00001d3c   Code   RO          680    .text               SDFAT.lib(sdcard.o)(SDFAT.lib)
    0x08006638   0x00001b80   Code   RO          784    .text               SDFAT.lib(fat.o)(SDFAT.lib)
    0x080081b8   0x000002cc   Code   RO          812    .text               DispBMPv01.lib(disp.o)(DispBMPv01.lib)
    0x08008484   0x00000430   Code   RO          838    .text               tsl2583lib_v01.lib(tsl2583.o)(tsl2583lib_v01.lib)
    0x080088b4   0x00000024   Code   RO          944    .text               mc_w.l(memcpya.o)(mc_w.l)
    0x080088d8   0x00000026   Code   RO          946    .text               mc_w.l(memseta.o)(mc_w.l)
    0x080088fe   0x00000012   Code   RO          978    .text               mf_w.l(fflti.o)(mf_w.l)
    0x08008910   0x00000028   Code   RO          980    .text               mf_w.l(ffixui.o)(mf_w.l)
    0x08008938   0x00000000   Code   RO          989    .text               mc_w.l(iusefp.o)(mc_w.l)
    0x08008938   0x00000070   Code   RO          990    .text               mf_w.l(fepilogue.o)(mf_w.l)
    0x080089a8   0x00000024   Code   RO          992    .text               mc_w.l(init.o)(mc_w.l)
    0x080089cc   0x0000005c   Code   RO         1002    .text               mc_w.l(__dczerorl2.o)(mc_w.l)
    0x08008a28   0x00000012   Code   RO          800    i.__ARM_common_memset4_12  SDFAT.lib(fat.o)(SDFAT.lib)
    0x08008a3a   0x0000000e   Code   RO          996    i.__scatterload_copy  mc_w.l(handlers.o)(mc_w.l)
    0x08008a48   0x00000002   Code   RO          997    i.__scatterload_null  mc_w.l(handlers.o)(mc_w.l)
    0x08008a4a   0x0000000e   Code   RO          998    i.__scatterload_zeroinit  mc_w.l(handlers.o)(mc_w.l)
    0x08008a58   0x00000050   Code   RO          950    i.free              mc_w.l(malloc.o)(mc_w.l)
    0x08008aa8   0x0000006c   Code   RO          951    i.malloc            mc_w.l(malloc.o)(mc_w.l)
    0x08008b14   0x000011d0   Data   RO          231    .constdata          lcd.o
    0x08009ce4   0x00000014   Data   RO          572    .constdata          stm32f10x_rcc.o
    0x08009cf8   0x00000020   Data   RO          994    Region$$Table       anon$$obj.o


    Execution Region RW_IRAM1 (Base: 0x20000000, Size: 0x00001078, Max: 0x00010000, ABSOLUTE, COMPRESSED[0x0000012c])

    Base Addr    Size         Type   Attr      Idx    E Section Name        Object

    0x20000000   0x00000020   Data   RW          106    .data               main.o
    0x20000020   0x00000161   Data   RW          232    .data               lcd.o
    0x20000181   0x00000003   PAD
    0x20000184   0x00000028   Data   RW          682    .data               SDFAT.lib(sdcard.o)(SDFAT.lib)
    0x200001ac   0x00000024   Data   RW          789    .data               SDFAT.lib(fat.o)(SDFAT.lib)
    0x200001d0   0x00000004   Data   RW          814    .data               DispBMPv01.lib(disp.o)(DispBMPv01.lib)
    0x200001d4   0x00000002   Data   RW          840    .data               tsl2583lib_v01.lib(tsl2583.o)(tsl2583lib_v01.lib)
    0x200001d6   0x00000002   PAD
    0x200001d8   0x00000004   Data   RW          987    .data               mc_w.l(mvars.o)(mc_w.l)
    0x200001dc   0x00000004   Data   RW          988    .data               mc_w.l(mvars.o)(mc_w.l)
    0x200001e0   0x00000110   Zero   RW          104    .bss                main.o
    0x200002f0   0x00000010   PAD
    0x20000300   0x00000064   Zero   RW          681    .bss                SDFAT.lib(sdcard.o)(SDFAT.lib)
    0x20000364   0x0000001c   PAD
    0x20000380   0x00000493   Zero   RW          786    .bss                SDFAT.lib(fat.o)(SDFAT.lib)
    0x20000813   0x0000002d   PAD
    0x20000840   0x00000020   Zero   RW          813    .bss                DispBMPv01.lib(disp.o)(DispBMPv01.lib)
    0x20000860   0x00000014   Zero   RW          839    .bss                tsl2583lib_v01.lib(tsl2583.o)(tsl2583lib_v01.lib)
    0x20000874   0x00000004   PAD
    0x20000878   0x00000400   Zero   RW          670    HEAP                stm32f10x_vector.o
    0x20000c78   0x00000400   Zero   RW          669    STACK               stm32f10x_vector.o


==============================================================================

Image component sizes


      Code (inc. data)   RO Data    RW Data    ZI Data      Debug   Object Name

       122          0          0          0          0          0   cortexm3_macro.o
      8328        216       4560        353          0          0   lcd.o
      4684        310          0         32        272          0   main.o
         0          0          0          0          0          0   stm32f10x_adc.o
       580         26          0          0          0          0   stm32f10x_dma.o
        72          6          0          0          0          0   stm32f10x_flash.o
       812         18          0          0          0          0   stm32f10x_gpio.o
       158          0          0          0          0          0   stm32f10x_it.o
         0          0          0          0          0          0   stm32f10x_lib.o
      1112         78          0          0          0          0   stm32f10x_nvic.o
       928         52         20          0          0          0   stm32f10x_rcc.o
       468         52          0          0          0          0   stm32f10x_sdio.o
       194          0          0          0          0          0   stm32f10x_systick.o
       888         14          0          0          0          0   stm32f10x_usart.o
         8          4        304          0       2048          0   stm32f10x_vector.o

    ----------------------------------------------------------------------
     18360        776       4916        388       2336          0   Object Totals
         0          0         32          0          0          0   (incl. Generated)
         6          0          0          3         16          1   (incl. Padding)

    ----------------------------------------------------------------------

      Code (inc. data)   RO Data    RW Data    ZI Data      Debug   Library Member Name

       716         60          0          4         32          0   disp.o
      7058         78          0         36       1171          0   fat.o
      7484        232          0         40        100          0   sdcard.o
        92          0          0          0          0          0   __dczerorl2.o
         0          0          0          0          0          0   entry.o
         8          4          0          0          0          0   entry2.o
         4          0          0          0          0          0   entry5.o
         8          4          0          0          0          0   entry7.o
        30          0          0          0          0          0   handlers.o
        36          8          0          0          0          0   init.o
         0          0          0          0          0          0   iusefp.o
       188         20          0          0          0          0   malloc.o
        36          0          0          0          0          0   memcpya.o
        38          0          0          0          0          0   memseta.o
         0          0          0          8          0          0   mvars.o
       112          0          0          0          0          0   fepilogue.o
        40          0          0          0          0          0   ffixui.o
        18          0          0          0          0          0   fflti.o
      1072         18          0          2         20          0   tsl2583.o

    ----------------------------------------------------------------------
     16940        424          0         92       1400          0   Library Totals
         0          0          0          2         77          0   (incl. Padding)

    ----------------------------------------------------------------------

      Code (inc. data)   RO Data    RW Data    ZI Data      Debug   Library Name

       716         60          0          4         32       6402   DispBMPv01.lib
     14542        310          0         76       1271      76719   SDFAT.lib
       440         36          0          8          0        404   mc_w.l
       170          0          0          0          0        304   mf_w.l
      1072         18          0          2         20      11624   tsl2583lib_v01.lib

    ----------------------------------------------------------------------
     16940        424          0         92       1400          0   Library Totals

    ----------------------------------------------------------------------

==============================================================================


      Code (inc. data)   RO Data    RW Data    ZI Data      Debug   

     35300       1200       4916        480       3736     430544   Grand Totals
     35300       1200       4916        300       3736     430544   ELF Image Totals (compressed)
     35300       1200       4916        300          0          0   ROM Totals

==============================================================================

    Total RO  Size (Code + RO Data)                40216 (  39.27kB)
    Total RW  Size (RW Data + ZI Data)              4216 (   4.12kB)
    Total ROM Size (Code + RO Data + RW Data)      40516 (  39.57kB)

==============================================================================

