Component: ARM Compiler 5.06 update 1 (build 61) Tool: armlink [4d35a8]

==============================================================================

Section Cross References

    stm32f10x_it.o(i.SDIO_IRQHandler) refers to sdcard.o(.text) for SD_ProcessIRQSrc
    stm32f10x_it.o(i.SysTickHandler) refers to main.o(i.Decrement_TimingDelay) for Decrement_TimingDelay
    main.o(i.Decrement_TimingDelay) refers to main.o(.data) for .data
    main.o(i.Delay) refers to stm32f10x_systick.o(i.SysTick_ITConfig) for SysTick_ITConfig
    main.o(i.Delay) refers to main.o(.data) for .data
    main.o(i.DelayKEY) refers to main.o(i.Delay) for Delay
    main.o(i.DelayKEY) refers to stm32f10x_systick.o(i.SysTick_ITConfig) for SysTick_ITConfig
    main.o(i.DelayKEY) refers to main.o(.data) for .data
    main.o(i.I2C_DATAL_COMPARE) refers to main.o(.data) for .data
    main.o(i.I2C_DATAL_COMPARE) refers to main.o(.bss) for .bss
    main.o(i.I2C_DATAL_COMPAREX) refers to tsliic_rev01.o(.text) for GET_FLICKER
    main.o(i.I2C_DATAL_COMPAREX) refers to main.o(i.I2C_MEMSURE1) for I2C_MEMSURE1
    main.o(i.I2C_DATAL_COMPAREX) refers to lcd.o(i.MIPI_SPI_Write) for MIPI_SPI_Write
    main.o(i.I2C_DATAL_COMPAREX) refers to main.o(.data) for .data
    main.o(i.I2C_DATAL_COMPAREX) refers to main.o(.bss) for .bss
    main.o(i.I2C_MEMSURE) refers to main.o(i.SENSOR_Check) for SENSOR_Check
    main.o(i.I2C_MEMSURE) refers to main.o(i.Delay) for Delay
    main.o(i.I2C_MEMSURE) refers to lcd.o(i.MIPI_SPI_Write) for MIPI_SPI_Write
    main.o(i.I2C_MEMSURE) refers to main.o(i.SHOW_IC_VALUE_A) for SHOW_IC_VALUE_A
    main.o(i.I2C_MEMSURE) refers to tsliic_rev01.o(.text) for GET_FLICKER
    main.o(i.I2C_MEMSURE1) refers to lcd.o(i.MIPI_SPI_Write) for MIPI_SPI_Write
    main.o(i.I2C_MEMSURE1) refers to tsliic_rev01.o(.text) for sensor_check
    main.o(i.I2C_MEMSURE1) refers to lcd.o(i.LCD_DisplayStringLine) for LCD_DisplayStringLine
    main.o(i.I2C_MEMSURE1) refers to main.o(i.Delay) for Delay
    main.o(i.I2C_MEMSURE1) refers to main.o(.bss) for .bss
    main.o(i.I2C_MEMSURE1) refers to main.o(i.SENSOR_Check) for i.SENSOR_Check
    main.o(i.I2C_MEMSURE1) refers to main.o(.data) for .data
    main.o(i.ID_CHECK) refers to lcd.o(i.READ_IC) for READ_IC
    main.o(i.ID_CHECK) refers to lcd.o(i.LCD_DisplayStringLine) for LCD_DisplayStringLine
    main.o(i.ID_CHECK) refers to main.o(i.SHOW_IC_VALUE_A) for SHOW_IC_VALUE_A
    main.o(i.ID_CHECK) refers to lcd.o(i.LCD_DisplayStringLine_A) for LCD_DisplayStringLine_A
    main.o(i.ID_CHECK) refers to lcd.o(.data) for FontR
    main.o(i.ID_CHECK) refers to main.o(.bss) for .bss
    main.o(i.ID_CHECK) refers to main.o(.data) for .data
    main.o(i.ID_CHECK_A) refers to lcd.o(i.READ_IC) for READ_IC
    main.o(i.ID_CHECK_A) refers to lcd.o(i.LCD_DisplayStringLine_A) for LCD_DisplayStringLine_A
    main.o(i.ID_CHECK_A) refers to main.o(.bss) for .bss
    main.o(i.ID_CHECK_A) refers to main.o(.data) for .data
    main.o(i.ID_CHECK_A) refers to lcd.o(.data) for FontR
    main.o(i.InterruptConfig) refers to stm32f10x_nvic.o(i.NVIC_DeInit) for NVIC_DeInit
    main.o(i.InterruptConfig) refers to main.o(i.NVIC_Configuration) for NVIC_Configuration
    main.o(i.InterruptConfig) refers to stm32f10x_nvic.o(i.NVIC_SystemHandlerPriorityConfig) for NVIC_SystemHandlerPriorityConfig
    main.o(i.KEYGPIO_Init) refers to stm32f10x_rcc.o(i.RCC_APB2PeriphClockCmd) for RCC_APB2PeriphClockCmd
    main.o(i.KEYGPIO_Init) refers to stm32f10x_gpio.o(i.GPIO_Init) for GPIO_Init
    main.o(i.KEY_adjust) refers to main.o(i.SHOW_IC_VALUE_A) for SHOW_IC_VALUE_A
    main.o(i.KEY_adjust) refers to lcd.o(i.VIDEO_ON) for VIDEO_ON
    main.o(i.KEY_adjust) refers to lcd.o(i.Soft_reset) for Soft_reset
    main.o(i.KEY_adjust) refers to main.o(i.Delay) for Delay
    main.o(i.KEY_adjust) refers to main.o(.data) for .data
    main.o(i.KEY_adjust) refers to lcd.o(.data) for FontB
    main.o(i.MDelay) refers to stm32f10x_systick.o(i.SysTick_ITConfig) for SysTick_ITConfig
    main.o(i.MDelay) refers to main.o(.data) for .data
    main.o(i.MTP) refers to lcd.o(i.SSD1963GPIOOUTCOM) for SSD1963GPIOOUTCOM
    main.o(i.MTP) refers to lcd.o(i.SSD1963GPIOOUTDATA_16) for SSD1963GPIOOUTDATA_16
    main.o(i.MTP) refers to lcd.o(i.SSD1963GPIOOUTDATA_18) for SSD1963GPIOOUTDATA_18
    main.o(i.MTP) refers to main.o(i.Delay) for Delay
    main.o(i.MTP) refers to main.o(i.MDelay) for MDelay
    main.o(i.MTP_ID) refers to lcd.o(i.MIPI_SPI_Write) for MIPI_SPI_Write
    main.o(i.MTP_ID) refers to main.o(i.Delay) for Delay
    main.o(i.MTP_ID) refers to main.o(i.initial_OTP) for initial_OTP
    main.o(i.MTP_ID) refers to main.o(.data) for .data
    main.o(i.NVIC_Configuration) refers to stm32f10x_nvic.o(i.NVIC_PriorityGroupConfig) for NVIC_PriorityGroupConfig
    main.o(i.NVIC_Configuration) refers to stm32f10x_nvic.o(i.NVIC_Init) for NVIC_Init
    main.o(i.NVIC_Configuration) refers to stm32f10x_nvic.o(i.NVIC_SetVectorTable) for NVIC_SetVectorTable
[...]
    Removing stm32f10x_spi.o(i.SPI_TransmitCRC), (10 bytes).
    Removing stm32f10x_systick.o(i.SysTick_GetCounter), (8 bytes).
    Removing stm32f10x_systick.o(i.SysTick_GetFlagStatus), (32 bytes).
    Removing stm32f10x_tim.o(i.TI2_Config), (62 bytes).
    Removing stm32f10x_tim.o(i.TIM_ARRPreloadConfig), (22 bytes).
    Removing stm32f10x_tim.o(i.TIM_BDTRConfig), (36 bytes).
    Removing stm32f10x_tim.o(i.TIM_BDTRStructInit), (18 bytes).
    Removing stm32f10x_tim.o(i.TIM_CCPreloadControl), (18 bytes).
    Removing stm32f10x_tim.o(i.TIM_CCxCmd), (28 bytes).
    Removing stm32f10x_tim.o(i.TIM_CCxNCmd), (28 bytes).
    Removing stm32f10x_tim.o(i.TIM_ClearFlag), (6 bytes).
    Removing stm32f10x_tim.o(i.TIM_ClearITPendingBit), (6 bytes).
    Removing stm32f10x_tim.o(i.TIM_ClearOC1Ref), (12 bytes).
    Removing stm32f10x_tim.o(i.TIM_ClearOC2Ref), (20 bytes).
    Removing stm32f10x_tim.o(i.TIM_ClearOC3Ref), (12 bytes).
    Removing stm32f10x_tim.o(i.TIM_ClearOC4Ref), (20 bytes).
    Removing stm32f10x_tim.o(i.TIM_Cmd), (22 bytes).
    Removing stm32f10x_tim.o(i.TIM_CounterModeConfig), (16 bytes).
    Removing stm32f10x_tim.o(i.TIM_CtrlPWMOutputs), (22 bytes).
    Removing stm32f10x_tim.o(i.TIM_DMACmd), (16 bytes).
    Removing stm32f10x_tim.o(i.TIM_DMAConfig), (8 bytes).
    Removing stm32f10x_tim.o(i.TIM_DeInit), (232 bytes).
    Removing stm32f10x_tim.o(i.TIM_ETRClockMode1Config), (36 bytes).
    Removing stm32f10x_tim.o(i.TIM_ETRClockMode2Config), (36 bytes).
    Removing stm32f10x_tim.o(i.TIM_ETRConfig), (28 bytes).
    Removing stm32f10x_tim.o(i.TIM_EncoderInterfaceConfig), (60 bytes).
    Removing stm32f10x_tim.o(i.TIM_ForcedOC1Config), (12 bytes).
    Removing stm32f10x_tim.o(i.TIM_ForcedOC2Config), (20 bytes).
    Removing stm32f10x_tim.o(i.TIM_ForcedOC3Config), (12 bytes).
    Removing stm32f10x_tim.o(i.TIM_ForcedOC4Config), (20 bytes).
    Removing stm32f10x_tim.o(i.TIM_GenerateEvent), (4 bytes).
    Removing stm32f10x_tim.o(i.TIM_GetCapture1), (4 bytes).
    Removing stm32f10x_tim.o(i.TIM_GetCapture2), (4 bytes).
    Removing stm32f10x_tim.o(i.TIM_GetCapture3), (4 bytes).
    Removing stm32f10x_tim.o(i.TIM_GetCapture4), (6 bytes).
    Removing stm32f10x_tim.o(i.TIM_GetCounter), (4 bytes).
    Removing stm32f10x_tim.o(i.TIM_GetFlagStatus), (14 bytes).
    Removing stm32f10x_tim.o(i.TIM_GetITStatus), (22 bytes).
    Removing stm32f10x_tim.o(i.TIM_GetPrescaler), (4 bytes).
    Removing stm32f10x_tim.o(i.TIM_ICInit), (244 bytes).
    Removing stm32f10x_tim.o(i.TIM_ICStructInit), (16 bytes).
    Removing stm32f10x_tim.o(i.TIM_ITConfig), (16 bytes).
    Removing stm32f10x_tim.o(i.TIM_ITRxExternalClockConfig), (20 bytes).
    Removing stm32f10x_tim.o(i.TIM_InternalClockConfig), (10 bytes).
    Removing stm32f10x_tim.o(i.TIM_OC1FastConfig), (12 bytes).
    Removing stm32f10x_tim.o(i.TIM_OC1Init), (104 bytes).
    Removing stm32f10x_tim.o(i.TIM_OC1NPolarityConfig), (12 bytes).
    Removing stm32f10x_tim.o(i.TIM_OC1PolarityConfig), (12 bytes).
    Removing stm32f10x_tim.o(i.TIM_OC1PreloadConfig), (12 bytes).
    Removing stm32f10x_tim.o(i.TIM_OC2FastConfig), (20 bytes).
    Removing stm32f10x_tim.o(i.TIM_OC2Init), (132 bytes).
    Removing stm32f10x_tim.o(i.TIM_OC2NPolarityConfig), (20 bytes).
    Removing stm32f10x_tim.o(i.TIM_OC2PolarityConfig), (20 bytes).
    Removing stm32f10x_tim.o(i.TIM_OC2PreloadConfig), (20 bytes).
    Removing stm32f10x_tim.o(i.TIM_OC3FastConfig), (12 bytes).
    Removing stm32f10x_tim.o(i.TIM_OC3Init), (130 bytes).
    Removing stm32f10x_tim.o(i.TIM_OC3NPolarityConfig), (20 bytes).
    Removing stm32f10x_tim.o(i.TIM_OC3PolarityConfig), (20 bytes).
    Removing stm32f10x_tim.o(i.TIM_OC3PreloadConfig), (12 bytes).
    Removing stm32f10x_tim.o(i.TIM_OC4FastConfig), (20 bytes).
    Removing stm32f10x_tim.o(i.TIM_OC4Init), (106 bytes).
    Removing stm32f10x_tim.o(i.TIM_OC4PolarityConfig), (20 bytes).
    Removing stm32f10x_tim.o(i.TIM_OC4PreloadConfig), (20 bytes).
    Removing stm32f10x_tim.o(i.TIM_OCStructInit), (20 bytes).
    Removing stm32f10x_tim.o(i.TIM_PWMIConfig), (216 bytes).
    Removing stm32f10x_tim.o(i.TIM_PrescalerConfig), (6 bytes).
    Removing stm32f10x_tim.o(i.TIM_SelectCCDMA), (18 bytes).
    Removing stm32f10x_tim.o(i.TIM_SelectCOM), (18 bytes).
    Removing stm32f10x_tim.o(i.TIM_SelectHallSensor), (18 bytes).
    Removing stm32f10x_tim.o(i.TIM_SelectInputTrigger), (12 bytes).
    Removing stm32f10x_tim.o(i.TIM_SelectMasterSlaveMode), (16 bytes).
    Removing stm32f10x_tim.o(i.TIM_SelectOCxM), (80 bytes).
    Removing stm32f10x_tim.o(i.TIM_SelectOnePulseMode), (20 bytes).
    Removing stm32f10x_tim.o(i.TIM_SelectOutputTrigger), (16 bytes).
    Removing stm32f10x_tim.o(i.TIM_SelectSlaveMode), (16 bytes).
    Removing stm32f10x_tim.o(i.TIM_SetAutoreload), (4 bytes).
    Removing stm32f10x_tim.o(i.TIM_SetClockDivision), (14 bytes).
    Removing stm32f10x_tim.o(i.TIM_SetCompare1), (4 bytes).
    Removing stm32f10x_tim.o(i.TIM_SetCompare2), (4 bytes).
    Removing stm32f10x_tim.o(i.TIM_SetCompare3), (4 bytes).
    Removing stm32f10x_tim.o(i.TIM_SetCompare4), (6 bytes).
    Removing stm32f10x_tim.o(i.TIM_SetCounter), (4 bytes).
    Removing stm32f10x_tim.o(i.TIM_SetIC1Prescaler), (16 bytes).
    Removing stm32f10x_tim.o(i.TIM_SetIC2Prescaler), (24 bytes).
    Removing stm32f10x_tim.o(i.TIM_SetIC3Prescaler), (16 bytes).
    Removing stm32f10x_tim.o(i.TIM_SetIC4Prescaler), (24 bytes).
    Removing stm32f10x_tim.o(i.TIM_TIxExternalClockConfig), (88 bytes).
    Removing stm32f10x_tim.o(i.TIM_TimeBaseInit), (56 bytes).
    Removing stm32f10x_tim.o(i.TIM_TimeBaseStructInit), (18 bytes).
    Removing stm32f10x_tim.o(i.TIM_UpdateDisableConfig), (22 bytes).
    Removing stm32f10x_tim.o(i.TIM_UpdateRequestConfig), (22 bytes).
    Removing stm32f10x_usart.o(i.USART_ClearFlag), (6 bytes).
    Removing stm32f10x_usart.o(i.USART_ClearITPendingBit), (14 bytes).
    Removing stm32f10x_usart.o(i.USART_ClockInit), (36 bytes).
    Removing stm32f10x_usart.o(i.USART_ClockStructInit), (12 bytes).
    Removing stm32f10x_usart.o(i.USART_Cmd), (18 bytes).
    Removing stm32f10x_usart.o(i.USART_DMACmd), (16 bytes).
    Removing stm32f10x_usart.o(i.USART_DeInit), (160 bytes).
    Removing stm32f10x_usart.o(i.USART_GetFlagStatus), (14 bytes).
    Removing stm32f10x_usart.o(i.USART_GetITStatus), (66 bytes).
    Removing stm32f10x_usart.o(i.USART_HalfDuplexCmd), (18 bytes).
    Removing stm32f10x_usart.o(i.USART_ITConfig), (48 bytes).
    Removing stm32f10x_usart.o(i.USART_Init), (144 bytes).
    Removing stm32f10x_usart.o(i.USART_IrDACmd), (18 bytes).
    Removing stm32f10x_usart.o(i.USART_IrDAConfig), (16 bytes).
    Removing stm32f10x_usart.o(i.USART_LINBreakDetectLengthConfig), (16 bytes).
    Removing stm32f10x_usart.o(i.USART_LINCmd), (18 bytes).
    Removing stm32f10x_usart.o(i.USART_ReceiveData), (8 bytes).
    Removing stm32f10x_usart.o(i.USART_ReceiverWakeUpCmd), (18 bytes).
    Removing stm32f10x_usart.o(i.USART_SendBreak), (10 bytes).
    Removing stm32f10x_usart.o(i.USART_SendData), (8 bytes).
    Removing stm32f10x_usart.o(i.USART_SetAddress), (16 bytes).
    Removing stm32f10x_usart.o(i.USART_SetGuardTime), (16 bytes).
    Removing stm32f10x_usart.o(i.USART_SetPrescaler), (16 bytes).
    Removing stm32f10x_usart.o(i.USART_SmartCardCmd), (18 bytes).
    Removing stm32f10x_usart.o(i.USART_SmartCardNACKCmd), (18 bytes).
    Removing stm32f10x_usart.o(i.USART_StructInit), (22 bytes).
    Removing stm32f10x_usart.o(i.USART_WakeUpConfig), (16 bytes).
    Removing stm32f10x_wwdg.o(i.WWDG_ClearFlag), (12 bytes).
    Removing stm32f10x_wwdg.o(i.WWDG_DeInit), (24 bytes).
    Removing stm32f10x_wwdg.o(i.WWDG_Enable), (16 bytes).
    Removing stm32f10x_wwdg.o(i.WWDG_EnableIT), (16 bytes).
    Removing stm32f10x_wwdg.o(i.WWDG_GetFlagStatus), (12 bytes).
    Removing stm32f10x_wwdg.o(i.WWDG_SetCounter), (16 bytes).
    Removing stm32f10x_wwdg.o(i.WWDG_SetPrescaler), (20 bytes).
    Removing stm32f10x_wwdg.o(i.WWDG_SetWindowValue), (24 bytes).
    Removing cortexm3_macro.o(.text), (122 bytes).
    Removing fat.o(.bss), (512 bytes).
    Removing fat.o(.data), (1 bytes).
    Removing fat.o(.data), (4 bytes).

478 unused section(s) (total 27680 bytes) removed from the image.

==============================================================================

Image Symbol Table

    Local Symbols

    Symbol Name                              Value     Ov Type        Size  Object(Section)

    ../clib/../cmprslib/zerorunl2.c          0x00000000   Number         0  __dczerorl2.o ABSOLUTE
    ../clib/microlib/init/entry.s            0x00000000   Number         0  entry9b.o ABSOLUTE
    ../clib/microlib/init/entry.s            0x00000000   Number         0  entry7a.o ABSOLUTE
    ../clib/microlib/init/entry.s            0x00000000   Number         0  entry7b.o ABSOLUTE
    ../clib/microlib/init/entry.s            0x00000000   Number         0  entry8a.o ABSOLUTE
    ../clib/microlib/init/entry.s            0x00000000   Number         0  entry.o ABSOLUTE
    ../clib/microlib/init/entry.s            0x00000000   Number         0  entry8b.o ABSOLUTE
    ../clib/microlib/init/entry.s            0x00000000   Number         0  entry9a.o ABSOLUTE
    ../clib/microlib/init/entry.s            0x00000000   Number         0  entry10a.o ABSOLUTE
    ../clib/microlib/init/entry.s            0x00000000   Number         0  entry10b.o ABSOLUTE
    ../clib/microlib/init/entry.s            0x00000000   Number         0  entry11a.o ABSOLUTE
    ../clib/microlib/init/entry.s            0x00000000   Number         0  entry5.o ABSOLUTE
    ../clib/microlib/init/entry.s            0x00000000   Number         0  entry11b.o ABSOLUTE
    ../clib/microlib/init/entry.s            0x00000000   Number         0  entry2.o ABSOLUTE
    ../clib/microlib/malloc/malloc.c         0x00000000   Number         0  mallocra.o ABSOLUTE
    ../clib/microlib/malloc/malloc.c         0x00000000   Number         0  malloca.o ABSOLUTE
    ../clib/microlib/malloc/malloc.c         0x00000000   Number         0  mallocr.o ABSOLUTE
    ../clib/microlib/malloc/malloc.c         0x00000000   Number         0  malloc.o ABSOLUTE
    ../clib/microlib/malloc/mvars.c          0x00000000   Number         0  mvars.o ABSOLUTE
    ../clib/microlib/string/memcpy.c         0x00000000   Number         0  memcpyb.o ABSOLUTE
    ../clib/microlib/string/memcpy.c         0x00000000   Number         0  memcpya.o ABSOLUTE
    ../clib/microlib/string/memset.c         0x00000000   Number         0  memseta.o ABSOLUTE
    ../clib/microlib/stubs.s                 0x00000000   Number         0  iusefp.o ABSOLUTE
    ../fplib/microlib/fpepilogue.c           0x00000000   Number         0  fepilogue.o ABSOLUTE
    ../fplib/microlib/fpfix.c                0x00000000   Number         0  ffixui.o ABSOLUTE
    ../fplib/microlib/fpflt.c                0x00000000   Number         0  fflti.o ABSOLUTE
    ..\..\library\src\stm32f10x_adc.c        0x00000000   Number         0  stm32f10x_adc.o ABSOLUTE
    ..\..\library\src\stm32f10x_bkp.c        0x00000000   Number         0  stm32f10x_bkp.o ABSOLUTE
    ..\..\library\src\stm32f10x_can.c        0x00000000   Number         0  stm32f10x_can.o ABSOLUTE
    ..\..\library\src\stm32f10x_crc.c        0x00000000   Number         0  stm32f10x_crc.o ABSOLUTE
    ..\..\library\src\stm32f10x_dac.c        0x00000000   Number         0  stm32f10x_dac.o ABSOLUTE
    ..\..\library\src\stm32f10x_dbgmcu.c     0x00000000   Number         0  stm32f10x_dbgmcu.o ABSOLUTE
    ..\..\library\src\stm32f10x_dma.c        0x00000000   Number         0  stm32f10x_dma.o ABSOLUTE
    ..\..\library\src\stm32f10x_exti.c       0x00000000   Number         0  stm32f10x_exti.o ABSOLUTE
    ..\..\library\src\stm32f10x_flash.c      0x00000000   Number         0  stm32f10x_flash.o ABSOLUTE
    ..\..\library\src\stm32f10x_fsmc.c       0x00000000   Number         0  stm32f10x_fsmc.o ABSOLUTE
    ..\..\library\src\stm32f10x_gpio.c       0x00000000   Number         0  stm32f10x_gpio.o ABSOLUTE
    ..\..\library\src\stm32f10x_i2c.c        0x00000000   Number         0  stm32f10x_i2c.o ABSOLUTE
    ..\..\library\src\stm32f10x_iwdg.c       0x00000000   Number         0  stm32f10x_iwdg.o ABSOLUTE
    ..\..\library\src\stm32f10x_lib.c        0x00000000   Number         0  stm32f10x_lib.o ABSOLUTE
    ..\..\library\src\stm32f10x_nvic.c       0x00000000   Number         0  stm32f10x_nvic.o ABSOLUTE
    ..\..\library\src\stm32f10x_pwr.c        0x00000000   Number         0  stm32f10x_pwr.o ABSOLUTE
    ..\..\library\src\stm32f10x_rcc.c        0x00000000   Number         0  stm32f10x_rcc.o ABSOLUTE
    ..\..\library\src\stm32f10x_rtc.c        0x00000000   Number         0  stm32f10x_rtc.o ABSOLUTE
    ..\..\library\src\stm32f10x_sdio.c       0x00000000   Number         0  stm32f10x_sdio.o ABSOLUTE
    ..\..\library\src\stm32f10x_spi.c        0x00000000   Number         0  stm32f10x_spi.o ABSOLUTE
    ..\..\library\src\stm32f10x_systick.c    0x00000000   Number         0  stm32f10x_systick.o ABSOLUTE
    ..\..\library\src\stm32f10x_tim.c        0x00000000   Number         0  stm32f10x_tim.o ABSOLUTE
    ..\..\library\src\stm32f10x_usart.c      0x00000000   Number         0  stm32f10x_usart.o ABSOLUTE
    ..\..\library\src\stm32f10x_wwdg.c       0x00000000   Number         0  stm32f10x_wwdg.o ABSOLUTE
    ..\LCD.c                                 0x00000000   Number         0  lcd.o ABSOLUTE
    ..\main.c                                0x00000000   Number         0  main.o ABSOLUTE
    ..\stm32f10x_it.c                        0x00000000   Number         0  stm32f10x_it.o ABSOLUTE
    TSLIIC_REV01.c                           0x00000000   Number         0  tsliic_rev01.o ABSOLUTE
    cortexm3_macro.s                         0x00000000   Number         0  cortexm3_macro.o ABSOLUTE
    dc.s                                     0x00000000   Number         0  dc.o ABSOLUTE
    demo\disp.c                              0x00000000   Number         0  disp.o ABSOLUTE
    handlers.s                               0x00000000   Number         0  handlers.o ABSOLUTE
    init.s                                   0x00000000   Number         0  init.o ABSOLUTE
    project\FAT.c                            0x00000000   Number         0  fat.o ABSOLUTE
    project\sdcard.c                         0x00000000   Number         0  sdcard.o ABSOLUTE
    stm32f10x_vector.s                       0x00000000   Number         0  stm32f10x_vector.o ABSOLUTE
    RESET                                    0x08000000   Section      304  stm32f10x_vector.o(RESET)
    .ARM.Collect$$$$00000000                 0x08000130   Section        0  entry.o(.ARM.Collect$$$$00000000)
    .ARM.Collect$$$$00000001                 0x08000130   Section        4  entry2.o(.ARM.Collect$$$$00000001)
    .ARM.Collect$$$$00000004                 0x08000134   Section        4  entry5.o(.ARM.Collect$$$$00000004)
    .ARM.Collect$$$$00000008                 0x08000138   Section        0  entry7b.o(.ARM.Collect$$$$00000008)
    .ARM.Collect$$$$0000000A                 0x08000138   Section        0  entry8b.o(.ARM.Collect$$$$0000000A)
    .ARM.Collect$$$$0000000B                 0x08000138   Section        8  entry9a.o(.ARM.Collect$$$$0000000B)
    .ARM.Collect$$$$0000000D                 0x08000140   Section        0  entry10a.o(.ARM.Collect$$$$0000000D)
    .ARM.Collect$$$$0000000F                 0x08000140   Section        0  entry11a.o(.ARM.Collect$$$$0000000F)
    .ARM.Collect$$$$00002712                 0x08000140   Section        4  entry2.o(.ARM.Collect$$$$00002712)
    __lit__00000000                          0x08000140   Data           4  entry2.o(.ARM.Collect$$$$00002712)
    .text                                    0x08000144   Section        8  stm32f10x_vector.o(.text)
    .text                                    0x0800014c   Section        0  sdcard.o(.text)
    CmdResp1Error                            0x08000301   Thumb Code   296  sdcard.o(.text)
    SDEnWideBus                              0x08000907   Thumb Code   548  sdcard.o(.text)
    IsCardProgramming                        0x080010f5   Thumb Code   364  sdcard.o(.text)
    .text                                    0x08001e88   Section        0  fat.o(.text)
    .text                                    0x08003a08   Section        0  disp.o(.text)
    .text                                    0x08003cd4   Section        0  tsliic_rev01.o(.text)
    .text                                    0x080043bc   Section        0  memseta.o(.text)
    .text                                    0x080043e0   Section        0  fflti.o(.text)
    .text                                    0x080043f2   Section        0  ffixui.o(.text)
    .text                                    0x0800441a   Section        0  fepilogue.o(.text)
    .text                                    0x0800441a   Section        0  iusefp.o(.text)
    .text                                    0x08004488   Section       36  init.o(.text)
    .text                                    0x080044ac   Section        0  __dczerorl2.o(.text)
    i.ADC1_2_IRQHandler                      0x08004502   Section        0  stm32f10x_it.o(i.ADC1_2_IRQHandler)
    i.ADC3_IRQHandler                        0x08004504   Section        0  stm32f10x_it.o(i.ADC3_IRQHandler)
    i.All_Color                              0x08004508   Section        0  lcd.o(i.All_Color)
    i.BusFaultException                      0x08004574   Section        0  stm32f10x_it.o(i.BusFaultException)
    i.CAN_RX1_IRQHandler                     0x08004576   Section        0  stm32f10x_it.o(i.CAN_RX1_IRQHandler)
    i.CAN_SCE_IRQHandler                     0x08004578   Section        0  stm32f10x_it.o(i.CAN_SCE_IRQHandler)
    i.DMA1_Channel1_IRQHandler               0x0800457a   Section        0  stm32f10x_it.o(i.DMA1_Channel1_IRQHandler)
    i.DMA1_Channel2_IRQHandler               0x0800457c   Section        0  stm32f10x_it.o(i.DMA1_Channel2_IRQHandler)
    i.DMA1_Channel3_IRQHandler               0x0800457e   Section        0  stm32f10x_it.o(i.DMA1_Channel3_IRQHandler)
    i.DMA1_Channel4_IRQHandler               0x08004580   Section        0  stm32f10x_it.o(i.DMA1_Channel4_IRQHandler)
    i.DMA1_Channel5_IRQHandler               0x08004582   Section        0  stm32f10x_it.o(i.DMA1_Channel5_IRQHandler)
    i.DMA1_Channel6_IRQHandler               0x08004584   Section        0  stm32f10x_it.o(i.DMA1_Channel6_IRQHandler)
    i.DMA1_Channel7_IRQHandler               0x08004586   Section        0  stm32f10x_it.o(i.DMA1_Channel7_IRQHandler)
    i.DMA2_Channel1_IRQHandler               0x08004588   Section        0  stm32f10x_it.o(i.DMA2_Channel1_IRQHandler)
    i.DMA2_Channel2_IRQHandler               0x0800458a   Section        0  stm32f10x_it.o(i.DMA2_Channel2_IRQHandler)
    i.DMA2_Channel3_IRQHandler               0x0800458c   Section        0  stm32f10x_it.o(i.DMA2_Channel3_IRQHandler)
    i.DMA2_Channel4_5_IRQHandler             0x0800458e   Section        0  stm32f10x_it.o(i.DMA2_Channel4_5_IRQHandler)
    i.DMA_ClearFlag                          0x08004590   Section        0  stm32f10x_dma.o(i.DMA_ClearFlag)
    i.DMA_Cmd                                0x080045a8   Section        0  stm32f10x_dma.o(i.DMA_Cmd)
    i.DMA_GetFlagStatus                      0x080045bc   Section        0  stm32f10x_dma.o(i.DMA_GetFlagStatus)
    i.DMA_Init                               0x080045dc   Section        0  stm32f10x_dma.o(i.DMA_Init)
    i.DebugMonitor                           0x0800462e   Section        0  stm32f10x_it.o(i.DebugMonitor)
    i.Decrement_TimingDelay                  0x08004630   Section        0  main.o(i.Decrement_TimingDelay)
    i.Delay                                  0x08004648   Section        0  main.o(i.Delay)
    i.DelayKEY                               0x0800466c   Section        0  main.o(i.DelayKEY)
    i.EXTI0_IRQHandler                       0x080046e0   Section        0  stm32f10x_it.o(i.EXTI0_IRQHandler)
    i.EXTI15_10_IRQHandler                   0x080046e2   Section        0  stm32f10x_it.o(i.EXTI15_10_IRQHandler)
    i.EXTI1_IRQHandler                       0x080046e4   Section        0  stm32f10x_it.o(i.EXTI1_IRQHandler)
    i.EXTI2_IRQHandler                       0x080046e6   Section        0  stm32f10x_it.o(i.EXTI2_IRQHandler)
    i.EXTI3_IRQHandler                       0x080046e8   Section        0  stm32f10x_it.o(i.EXTI3_IRQHandler)
    i.EXTI4_IRQHandler                       0x080046ea   Section        0  stm32f10x_it.o(i.EXTI4_IRQHandler)
    i.EXTI9_5_IRQHandler                     0x080046ec   Section        0  stm32f10x_it.o(i.EXTI9_5_IRQHandler)
    i.FLASH_IRQHandler                       0x080046ee   Section        0  stm32f10x_it.o(i.FLASH_IRQHandler)
    i.FLASH_PrefetchBufferCmd                0x080046f0   Section        0  stm32f10x_flash.o(i.FLASH_PrefetchBufferCmd)
    i.FLASH_SetLatency                       0x08004708   Section        0  stm32f10x_flash.o(i.FLASH_SetLatency)
    i.FSMC_IRQHandler                        0x08004720   Section        0  stm32f10x_it.o(i.FSMC_IRQHandler)
    i.Flicker_PIXEL                          0x08004724   Section        0  lcd.o(i.Flicker_PIXEL)
    i.GPIO_Init                              0x080047e0   Section        0  stm32f10x_gpio.o(i.GPIO_Init)
    i.GPIO_PinRemapConfig                    0x080048a0   Section        0  stm32f10x_gpio.o(i.GPIO_PinRemapConfig)
    i.GPIO_ReadInputDataBit                  0x080048f8   Section        0  stm32f10x_gpio.o(i.GPIO_ReadInputDataBit)
    i.GPIO_ResetBits                         0x08004906   Section        0  stm32f10x_gpio.o(i.GPIO_ResetBits)
    i.GPIO_SetBits                           0x0800490a   Section        0  stm32f10x_gpio.o(i.GPIO_SetBits)
    i.GPIO_Write                             0x0800490e   Section        0  stm32f10x_gpio.o(i.GPIO_Write)
    i.HardFaultException                     0x08004912   Section        0  stm32f10x_it.o(i.HardFaultException)
    i.I2C1_ER_IRQHandler                     0x08004914   Section        0  stm32f10x_it.o(i.I2C1_ER_IRQHandler)
    i.I2C1_EV_IRQHandler                     0x08004916   Section        0  stm32f10x_it.o(i.I2C1_EV_IRQHandler)
    i.I2C2_ER_IRQHandler                     0x08004918   Section        0  stm32f10x_it.o(i.I2C2_ER_IRQHandler)
    i.I2C2_EV_IRQHandler                     0x0800491a   Section        0  stm32f10x_it.o(i.I2C2_EV_IRQHandler)
    i.KEY_adjust                             0x0800491c   Section        0  main.o(i.KEY_adjust)
    i.LCD035C0032                            0x080049e4   Section        0  lcd.o(i.LCD035C0032)
    i.LCD_CtrlLinesConfig                    0x08004b80   Section        0  lcd.o(i.LCD_CtrlLinesConfig)
    i.LCD_DisplayStringLine                  0x08004bf4   Section        0  lcd.o(i.LCD_DisplayStringLine)
    i.LCD_DisplayStringLine_A                0x08004ca0   Section        0  lcd.o(i.LCD_DisplayStringLine_A)
    i.LCD_DrawPoint                          0x08004db8   Section        0  lcd.o(i.LCD_DrawPoint)
    i.LCD_SetDisplayWindow                   0x08004dfc   Section        0  lcd.o(i.LCD_SetDisplayWindow)
    i.LCD_WriteArea                          0x08004e48   Section        0  lcd.o(i.LCD_WriteArea)
    i.LCD_WriteRAM_Prepare                   0x08004ef4   Section        0  lcd.o(i.LCD_WriteRAM_Prepare)
    i.MDelay                                 0x08004efc   Section        0  main.o(i.MDelay)
    i.MemManageException                     0x08004f1c   Section        0  stm32f10x_it.o(i.MemManageException)
    i.NMIException                           0x08004f1e   Section        0  stm32f10x_it.o(i.NMIException)
    i.NVIC_Configuration                     0x08004f20   Section        0  main.o(i.NVIC_Configuration)
    i.NVIC_Init                              0x08004f68   Section        0  stm32f10x_nvic.o(i.NVIC_Init)
    i.NVIC_PriorityGroupConfig               0x08005000   Section        0  stm32f10x_nvic.o(i.NVIC_PriorityGroupConfig)
    i.NVIC_SetVectorTable                    0x08005014   Section        0  stm32f10x_nvic.o(i.NVIC_SetVectorTable)
    i.PVD_IRQHandler                         0x08005028   Section        0  stm32f10x_it.o(i.PVD_IRQHandler)
    i.PendSVC                                0x0800502a   Section        0  stm32f10x_it.o(i.PendSVC)
    i.RCC_AHBPeriphClockCmd                  0x0800502c   Section        0  stm32f10x_rcc.o(i.RCC_AHBPeriphClockCmd)
    i.RCC_APB2PeriphClockCmd                 0x08005044   Section        0  stm32f10x_rcc.o(i.RCC_APB2PeriphClockCmd)
    i.RCC_DeInit                             0x0800505c   Section        0  stm32f10x_rcc.o(i.RCC_DeInit)
    i.RCC_GetFlagStatus                      0x08005098   Section        0  stm32f10x_rcc.o(i.RCC_GetFlagStatus)
    i.RCC_GetSYSCLKSource                    0x080050c8   Section        0  stm32f10x_rcc.o(i.RCC_GetSYSCLKSource)
    i.RCC_HCLKConfig                         0x080050d8   Section        0  stm32f10x_rcc.o(i.RCC_HCLKConfig)
    i.RCC_HSEConfig                          0x080050ec   Section        0  stm32f10x_rcc.o(i.RCC_HSEConfig)
    i.RCC_IRQHandler                         0x08005124   Section        0  stm32f10x_it.o(i.RCC_IRQHandler)
    i.RCC_PCLK1Config                        0x08005128   Section        0  stm32f10x_rcc.o(i.RCC_PCLK1Config)
    i.RCC_PCLK2Config                        0x0800513c   Section        0  stm32f10x_rcc.o(i.RCC_PCLK2Config)
    i.RCC_PLLCmd                             0x08005150   Section        0  stm32f10x_rcc.o(i.RCC_PLLCmd)
    i.RCC_PLLConfig                          0x0800515c   Section        0  stm32f10x_rcc.o(i.RCC_PLLConfig)
    i.RCC_SYSCLKConfig                       0x08005170   Section        0  stm32f10x_rcc.o(i.RCC_SYSCLKConfig)
    i.RCC_WaitForHSEStartUp                  0x08005184   Section        0  stm32f10x_rcc.o(i.RCC_WaitForHSEStartUp)
    i.RGB_color                              0x080051b8   Section        0  lcd.o(i.RGB_color)
    i.RTCAlarm_IRQHandler                    0x08005320   Section        0  stm32f10x_it.o(i.RTCAlarm_IRQHandler)
    i.RTC_IRQHandler                         0x08005322   Section        0  stm32f10x_it.o(i.RTC_IRQHandler)
    i.SDIO_ClearFlag                         0x08005324   Section        0  stm32f10x_sdio.o(i.SDIO_ClearFlag)
    i.SDIO_ClearITPendingBit                 0x08005330   Section        0  stm32f10x_sdio.o(i.SDIO_ClearITPendingBit)
    i.SDIO_ClockCmd                          0x0800533c   Section        0  stm32f10x_sdio.o(i.SDIO_ClockCmd)
    i.SDIO_DMACmd                            0x08005348   Section        0  stm32f10x_sdio.o(i.SDIO_DMACmd)
    i.SDIO_DataConfig                        0x08005354   Section        0  stm32f10x_sdio.o(i.SDIO_DataConfig)
    i.SDIO_DeInit                            0x08005380   Section        0  stm32f10x_sdio.o(i.SDIO_DeInit)
    i.SDIO_GetCommandResponse                0x080053a4   Section        0  stm32f10x_sdio.o(i.SDIO_GetCommandResponse)
    i.SDIO_GetFlagStatus                     0x080053b0   Section        0  stm32f10x_sdio.o(i.SDIO_GetFlagStatus)
    i.SDIO_GetITStatus                       0x080053c4   Section        0  stm32f10x_sdio.o(i.SDIO_GetITStatus)
    i.SDIO_GetPowerState                     0x080053d8   Section        0  stm32f10x_sdio.o(i.SDIO_GetPowerState)
    i.SDIO_GetResponse                       0x080053e8   Section        0  stm32f10x_sdio.o(i.SDIO_GetResponse)
    i.SDIO_IRQHandler                        0x080053f4   Section        0  stm32f10x_it.o(i.SDIO_IRQHandler)
    i.SDIO_ITConfig                          0x080053f8   Section        0  stm32f10x_sdio.o(i.SDIO_ITConfig)
    i.SDIO_Init                              0x08005410   Section        0  stm32f10x_sdio.o(i.SDIO_Init)
    i.SDIO_ReadData                          0x08005450   Section        0  stm32f10x_sdio.o(i.SDIO_ReadData)
    i.SDIO_SendCommand                       0x0800545c   Section        0  stm32f10x_sdio.o(i.SDIO_SendCommand)
    i.SDIO_SetPowerState                     0x08005484   Section        0  stm32f10x_sdio.o(i.SDIO_SetPowerState)
    i.SDIO_WriteData                         0x0800549c   Section        0  stm32f10x_sdio.o(i.SDIO_WriteData)
    i.SD_InitAndConfig                       0x080054a8   Section        0  main.o(i.SD_InitAndConfig)
    i.SHOW_IC_VALUE_A                        0x080054f8   Section        0  main.o(i.SHOW_IC_VALUE_A)
    i.SPI1_IRQHandler                        0x08005558   Section        0  stm32f10x_it.o(i.SPI1_IRQHandler)
    i.SPI2_IRQHandler                        0x0800555a   Section        0  stm32f10x_it.o(i.SPI2_IRQHandler)
    i.SPI3_IRQHandler                        0x0800555c   Section        0  stm32f10x_it.o(i.SPI3_IRQHandler)
    i.SPI_Send                               0x0800555e   Section        0  lcd.o(i.SPI_Send)
    i.SSD1963Command_8                       0x080055cc   Section        0  lcd.o(i.SSD1963Command_8)
    i.SSD1963Data_8                          0x0800560c   Section        0  lcd.o(i.SSD1963Data_8)
    i.SSD1963Data_8tt                        0x0800564c   Section        0  lcd.o(i.SSD1963Data_8tt)
    i.SSD1963GPIOOUTCOM                      0x08005670   Section        0  lcd.o(i.SSD1963GPIOOUTCOM)
    i.SSD1963GPIOOUTDATA_16                  0x0800570e   Section        0  lcd.o(i.SSD1963GPIOOUTDATA_16)
    i.STM32_SSD1963_Init                     0x08005820   Section        0  lcd.o(i.STM32_SSD1963_Init)
    i.SVCHandler                             0x08005a98   Section        0  stm32f10x_it.o(i.SVCHandler)
    i.Soft_reset                             0x08005a9a   Section        0  lcd.o(i.Soft_reset)
    i.SysTickHandler                         0x08005ada   Section        0  stm32f10x_it.o(i.SysTickHandler)
    i.SysTick_CLKSourceConfig                0x08005ade   Section        0  stm32f10x_systick.o(i.SysTick_CLKSourceConfig)
    i.SysTick_CounterCmd                     0x08005af4   Section        0  stm32f10x_systick.o(i.SysTick_CounterCmd)
    i.SysTick_ITConfig                       0x08005b1c   Section        0  stm32f10x_systick.o(i.SysTick_ITConfig)
    i.SysTick_SetReload                      0x08005b32   Section        0  stm32f10x_systick.o(i.SysTick_SetReload)
    i.TAMPER_IRQHandler                      0x08005b3a   Section        0  stm32f10x_it.o(i.TAMPER_IRQHandler)
    i.TIM1_BRK_IRQHandler                    0x08005b3c   Section        0  stm32f10x_it.o(i.TIM1_BRK_IRQHandler)
    i.TIM1_CC_IRQHandler                     0x08005b3e   Section        0  stm32f10x_it.o(i.TIM1_CC_IRQHandler)
    i.TIM1_TRG_COM_IRQHandler                0x08005b40   Section        0  stm32f10x_it.o(i.TIM1_TRG_COM_IRQHandler)
    i.TIM1_UP_IRQHandler                     0x08005b42   Section        0  stm32f10x_it.o(i.TIM1_UP_IRQHandler)
    i.TIM2_IRQHandler                        0x08005b44   Section        0  stm32f10x_it.o(i.TIM2_IRQHandler)
    i.TIM3_IRQHandler                        0x08005b46   Section        0  stm32f10x_it.o(i.TIM3_IRQHandler)
    i.TIM4_IRQHandler                        0x08005b48   Section        0  stm32f10x_it.o(i.TIM4_IRQHandler)
    i.TIM5_IRQHandler                        0x08005b4a   Section        0  stm32f10x_it.o(i.TIM5_IRQHandler)
    i.TIM6_IRQHandler                        0x08005b4c   Section        0  stm32f10x_it.o(i.TIM6_IRQHandler)
    i.TIM7_IRQHandler                        0x08005b4e   Section        0  stm32f10x_it.o(i.TIM7_IRQHandler)
    i.TIM8_BRK_IRQHandler                    0x08005b50   Section        0  stm32f10x_it.o(i.TIM8_BRK_IRQHandler)
    i.TIM8_CC_IRQHandler                     0x08005b52   Section        0  stm32f10x_it.o(i.TIM8_CC_IRQHandler)
    i.TIM8_TRG_COM_IRQHandler                0x08005b54   Section        0  stm32f10x_it.o(i.TIM8_TRG_COM_IRQHandler)
    i.TIM8_UP_IRQHandler                     0x08005b56   Section        0  stm32f10x_it.o(i.TIM8_UP_IRQHandler)
    i.UART4_IRQHandler                       0x08005b58   Section        0  stm32f10x_it.o(i.UART4_IRQHandler)
    i.UART5_IRQHandler                       0x08005b5a   Section        0  stm32f10x_it.o(i.UART5_IRQHandler)
    i.USART1_IRQHandler                      0x08005b5c   Section        0  stm32f10x_it.o(i.USART1_IRQHandler)
    i.USART2_IRQHandler                      0x08005b5e   Section        0  stm32f10x_it.o(i.USART2_IRQHandler)
    i.USART3_IRQHandler                      0x08005b60   Section        0  stm32f10x_it.o(i.USART3_IRQHandler)
    i.USBWakeUp_IRQHandler                   0x08005b62   Section        0  stm32f10x_it.o(i.USBWakeUp_IRQHandler)
    i.USB_HP_CAN_TX_IRQHandler               0x08005b64   Section        0  stm32f10x_it.o(i.USB_HP_CAN_TX_IRQHandler)
    i.USB_LP_CAN_RX0_IRQHandler              0x08005b66   Section        0  stm32f10x_it.o(i.USB_LP_CAN_RX0_IRQHandler)
    i.UsageFaultException                    0x08005b68   Section        0  stm32f10x_it.o(i.UsageFaultException)
    i.VIDEO_ON                               0x08005b6a   Section        0  lcd.o(i.VIDEO_ON)
    i.WWDG_IRQHandler                        0x08005b84   Section        0  stm32f10x_it.o(i.WWDG_IRQHandler)
    i.__ARM_common_memset4_12                0x08005b86   Section        0  fat.o(i.__ARM_common_memset4_12)
    i.__scatterload_copy                     0x08005b98   Section       14  handlers.o(i.__scatterload_copy)
    i.__scatterload_null                     0x08005ba6   Section        2  handlers.o(i.__scatterload_null)
    i.__scatterload_zeroinit                 0x08005ba8   Section       14  handlers.o(i.__scatterload_zeroinit)
    i.free                                   0x08005bb8   Section        0  malloc.o(i.free)
    i.main                                   0x08005c08   Section        0  main.o(i.main)
    i.malloc                                 0x08005ec0   Section        0  malloc.o(i.malloc)
    .constdata                               0x08005f2c   Section     4560  lcd.o(.constdata)
    .data                                    0x20000000   Section       45  main.o(.data)
    TimingDelay                              0x20000018   Data           4  main.o(.data)
    .data                                    0x2000002e   Section     1359  lcd.o(.data)
    .data                                    0x20000580   Section       40  sdcard.o(.data)
    CardType                                 0x20000584   Data           4  sdcard.o(.data)
    RCA                                      0x20000588   Data           4  sdcard.o(.data)
    DeviceMode                               0x2000058c   Data           4  sdcard.o(.data)
    TotalNumberOfBytes                       0x20000590   Data           4  sdcard.o(.data)
    StopCondition                            0x20000594   Data           4  sdcard.o(.data)
    .data                                    0x200005a8   Section       36  fat.o(.data)
    .data                                    0x200005cc   Section        4  disp.o(.data)
    .data                                    0x200005d0   Section        4  tsliic_rev01.o(.data)
    .data                                    0x200005d4   Section        4  mvars.o(.data)
    .data                                    0x200005d8   Section        4  mvars.o(.data)
    .bss                                     0x200005dc   Section      212  main.o(.bss)
    .bss                                     0x200006c0   Section      100  sdcard.o(.bss)
    CSD_Tab                                  0x200006c0   Data          16  sdcard.o(.bss)
    CID_Tab                                  0x200006d0   Data          16  sdcard.o(.bss)
    .bss                                     0x20000740   Section     1171  fat.o(.bss)
    .bss                                     0x20000c00   Section       32  disp.o(.bss)
    HEAP                                     0x20000c20   Section     1024  stm32f10x_vector.o(HEAP)
    STACK                                    0x20001020   Section     1024  stm32f10x_vector.o(STACK)

    Global Symbols

    Symbol Name                              Value     Ov Type        Size  Object(Section)

    BuildAttributes$$THM_ISAv4$P$D$K$B$S$PE$A:L22UL41UL21$X:L11$S22US41US21$IEEE1$IW$USESV6$~STKCKD$USESV7$~SHL$OTIME$ROPI$EBA8$MICROLIB$REQ8$PRES8$EABIv2 0x00000000   Number         0  anon$$obj.o ABSOLUTE
    __ARM_use_no_argv                        0x00000000   Number         0  main.o ABSOLUTE
    __cpp_initialize__aeabi_                  - Undefined Weak Reference
    __cxa_finalize                            - Undefined Weak Reference
    _clock_init                               - Undefined Weak Reference
    _microlib_exit                            - Undefined Weak Reference
    __Vectors                                0x08000000   Data           4  stm32f10x_vector.o(RESET)
    __main                                   0x08000131   Thumb Code     0  entry.o(.ARM.Collect$$$$00000000)
    _main_stk                                0x08000131   Thumb Code     0  entry2.o(.ARM.Collect$$$$00000001)
    _main_scatterload                        0x08000135   Thumb Code     0  entry5.o(.ARM.Collect$$$$00000004)
    __main_after_scatterload                 0x08000139   Thumb Code     0  entry5.o(.ARM.Collect$$$$00000004)
    _main_clock                              0x08000139   Thumb Code     0  entry7b.o(.ARM.Collect$$$$00000008)
    _main_cpp_init                           0x08000139   Thumb Code     0  entry8b.o(.ARM.Collect$$$$0000000A)
    _main_init                               0x08000139   Thumb Code     0  entry9a.o(.ARM.Collect$$$$0000000B)
    __rt_final_cpp                           0x08000141   Thumb Code     0  entry10a.o(.ARM.Collect$$$$0000000D)
    __rt_final_exit                          0x08000141   Thumb Code     0  entry11a.o(.ARM.Collect$$$$0000000F)
    Reset_Handler                            0x08000145   Thumb Code     4  stm32f10x_vector.o(.text)
    SD_InitializeCards                       0x0800014d   Thumb Code   436  sdcard.o(.text)
    SD_PowerON                               0x08000429   Thumb Code   484  sdcard.o(.text)
    SD_Init                                  0x0800060d   Thumb Code   122  sdcard.o(.text)
    SD_PowerOFF                              0x08000687   Thumb Code    14  sdcard.o(.text)
    SD_GetCardInfo                           0x08000695   Thumb Code   626  sdcard.o(.text)
    SD_EnableWideBusOperation                0x08000b2b   Thumb Code   124  sdcard.o(.text)
    SD_SetDeviceMode                         0x08000ba7   Thumb Code    28  sdcard.o(.text)
    SD_SelectDeselect                        0x08000bc3   Thumb Code    40  sdcard.o(.text)
    SD_ReadBlock                             0x08000beb   Thumb Code   612  sdcard.o(.text)
    SD_ReadMultiBlocks                       0x08000e4f   Thumb Code   678  sdcard.o(.text)
    SD_WriteBlock                            0x08001261   Thumb Code   868  sdcard.o(.text)
    SD_WriteMultiBlocks                      0x080015c5   Thumb Code   988  sdcard.o(.text)
    SD_GetTransferState                      0x080019a1   Thumb Code    14  sdcard.o(.text)
    SD_StopTransfer                          0x080019af   Thumb Code    36  sdcard.o(.text)
    SD_Erase                                 0x080019d3   Thumb Code   294  sdcard.o(.text)
    SD_SendStatus                            0x08001af9   Thumb Code    72  sdcard.o(.text)
    SD_SendSDStatus                          0x08001b41   Thumb Code   370  sdcard.o(.text)
    SD_ProcessIRQSrc                         0x08001cb3   Thumb Code   450  sdcard.o(.text)
    FAT_Init                                 0x08001e89   Thumb Code   190  fat.o(.text)
    FAT_LoadPartCluster                      0x08001f47   Thumb Code    36  fat.o(.text)
    FAT_NextCluster                          0x08001f6b   Thumb Code    78  fat.o(.text)
    FAT_FindFreeCluster                      0x08001fb9   Thumb Code   146  fat.o(.text)
    FAT_FindFreeItem                         0x0800204b   Thumb Code   414  fat.o(.text)
    FAT_FindItem                             0x080021e9   Thumb Code   526  fat.o(.text)
    FAT_SelectOneItem                        0x080023f7   Thumb Code   440  fat.o(.text)
    FAT_ModifyFAT                            0x080025af   Thumb Code   146  fat.o(.text)
    FAT_MkDir                                0x08002641   Thumb Code   724  fat.o(.text)
    FAT_DelItem                              0x08002915   Thumb Code   338  fat.o(.text)
    FAT_OpenDir                              0x08002a67   Thumb Code   232  fat.o(.text)
    FAT_RmDir                                0x08002b4f   Thumb Code    24  fat.o(.text)
    FAT_Create                               0x08002b67   Thumb Code   490  fat.o(.text)
    FAT_Open                                 0x08002d51   Thumb Code   280  fat.o(.text)
    FAT_Close                                0x08002e69   Thumb Code     8  fat.o(.text)
    FAT_Write                                0x08002e71   Thumb Code    90  fat.o(.text)
    FAT_Delete                               0x08002ecb   Thumb Code    24  fat.o(.text)
    FAT_Rename                               0x08002ee3   Thumb Code   454  fat.o(.text)
    CopyDirentruyItem                        0x080030a9   Thumb Code   172  fat.o(.text)
    WriteFolderCluster                       0x08003155   Thumb Code     6  fat.o(.text)
    GetFolderCluster                         0x0800315b   Thumb Code     6  fat.o(.text)
    SearchFolder                             0x08003161   Thumb Code   438  fat.o(.text)
    SearchInit                               0x08003317   Thumb Code    74  fat.o(.text)
    Search                                   0x08003361   Thumb Code  1202  fat.o(.text)
    Search_man                               0x08003813   Thumb Code   488  fat.o(.text)
    Disp_BMP                                 0x08003a09   Thumb Code   656  disp.o(.text)
    Sensor_GPIO_Config                       0x08003cd5   Thumb Code    30  tsliic_rev01.o(.text)
    Dly_10ns                                 0x08003cf3   Thumb Code    22  tsliic_rev01.o(.text)
    TWait                                    0x08003d09   Thumb Code    10  tsliic_rev01.o(.text)
    PIN_SDA_FLOAT                            0x08003d13   Thumb Code    24  tsliic_rev01.o(.text)
    PIN_SDA_OUTPUT                           0x08003d2b   Thumb Code    30  tsliic_rev01.o(.text)
    TSLStart                                 0x08003d49   Thumb Code    48  tsliic_rev01.o(.text)
    TSLStop                                  0x08003d79   Thumb Code    52  tsliic_rev01.o(.text)
    SendTAck                                 0x08003dad   Thumb Code    50  tsliic_rev01.o(.text)
    TestTAck                                 0x08003ddf   Thumb Code    54  tsliic_rev01.o(.text)
    TSLSentByte                              0x08003e15   Thumb Code    70  tsliic_rev01.o(.text)
    TSLReceiveByte                           0x08003e5b   Thumb Code    70  tsliic_rev01.o(.text)
    TSLWriteReg                              0x08003ea1   Thumb Code    84  tsliic_rev01.o(.text)
    ReadReg                                  0x08003ef5   Thumb Code   102  tsliic_rev01.o(.text)
    ReadRegMuti                              0x08003f5b   Thumb Code   132  tsliic_rev01.o(.text)
    CalculateLux                             0x08003fdf   Thumb Code   232  tsliic_rev01.o(.text)
    TSL2561Init                              0x080040c7   Thumb Code    68  tsliic_rev01.o(.text)
    sensor_check                             0x0800410b   Thumb Code    64  tsliic_rev01.o(.text)
    GetBright                                0x0800414b   Thumb Code    94  tsliic_rev01.o(.text)
    GetBright2                               0x080041a9   Thumb Code    96  tsliic_rev01.o(.text)
    GetFlicker                               0x08004209   Thumb Code   422  tsliic_rev01.o(.text)
    GET_FLICKER                              0x080043af   Thumb Code     8  tsliic_rev01.o(.text)
    __aeabi_memset                           0x080043bd   Thumb Code    14  memseta.o(.text)
    __aeabi_memset4                          0x080043bd   Thumb Code     0  memseta.o(.text)
    __aeabi_memset8                          0x080043bd   Thumb Code     0  memseta.o(.text)
    __aeabi_memclr                           0x080043cb   Thumb Code     4  memseta.o(.text)
    __aeabi_memclr4                          0x080043cb   Thumb Code     0  memseta.o(.text)
    __aeabi_memclr8                          0x080043cb   Thumb Code     0  memseta.o(.text)
    _memset$wrapper                          0x080043cf   Thumb Code    18  memseta.o(.text)
    __aeabi_i2f                              0x080043e1   Thumb Code    18  fflti.o(.text)
    __aeabi_f2uiz                            0x080043f3   Thumb Code    40  ffixui.o(.text)
    __I$use$fp                               0x0800441b   Thumb Code     0  iusefp.o(.text)
    _float_round                             0x0800441b   Thumb Code    18  fepilogue.o(.text)
    _float_epilogue                          0x0800442d   Thumb Code    92  fepilogue.o(.text)
    __scatterload                            0x08004489   Thumb Code    28  init.o(.text)
    __scatterload_rt2                        0x08004489   Thumb Code     0  init.o(.text)
    __decompress                             0x080044ad   Thumb Code     0  __dczerorl2.o(.text)
    __decompress1                            0x080044ad   Thumb Code    86  __dczerorl2.o(.text)
    ADC1_2_IRQHandler                        0x08004503   Thumb Code     2  stm32f10x_it.o(i.ADC1_2_IRQHandler)
    ADC3_IRQHandler                          0x08004505   Thumb Code     2  stm32f10x_it.o(i.ADC3_IRQHandler)
    All_Color                                0x08004509   Thumb Code   102  lcd.o(i.All_Color)
    BusFaultException                        0x08004575   Thumb Code     2  stm32f10x_it.o(i.BusFaultException)
    CAN_RX1_IRQHandler                       0x08004577   Thumb Code     2  stm32f10x_it.o(i.CAN_RX1_IRQHandler)
    CAN_SCE_IRQHandler                       0x08004579   Thumb Code     2  stm32f10x_it.o(i.CAN_SCE_IRQHandler)
    DMA1_Channel1_IRQHandler                 0x0800457b   Thumb Code     2  stm32f10x_it.o(i.DMA1_Channel1_IRQHandler)
    DMA1_Channel2_IRQHandler                 0x0800457d   Thumb Code     2  stm32f10x_it.o(i.DMA1_Channel2_IRQHandler)
    DMA1_Channel3_IRQHandler                 0x0800457f   Thumb Code     2  stm32f10x_it.o(i.DMA1_Channel3_IRQHandler)
    DMA1_Channel4_IRQHandler                 0x08004581   Thumb Code     2  stm32f10x_it.o(i.DMA1_Channel4_IRQHandler)
    DMA1_Channel5_IRQHandler                 0x08004583   Thumb Code     2  stm32f10x_it.o(i.DMA1_Channel5_IRQHandler)
    DMA1_Channel6_IRQHandler                 0x08004585   Thumb Code     2  stm32f10x_it.o(i.DMA1_Channel6_IRQHandler)
    DMA1_Channel7_IRQHandler                 0x08004587   Thumb Code     2  stm32f10x_it.o(i.DMA1_Channel7_IRQHandler)
    DMA2_Channel1_IRQHandler                 0x08004589   Thumb Code     2  stm32f10x_it.o(i.DMA2_Channel1_IRQHandler)
    DMA2_Channel2_IRQHandler                 0x0800458b   Thumb Code     2  stm32f10x_it.o(i.DMA2_Channel2_IRQHandler)
    DMA2_Channel3_IRQHandler                 0x0800458d   Thumb Code     2  stm32f10x_it.o(i.DMA2_Channel3_IRQHandler)
    DMA2_Channel4_5_IRQHandler               0x0800458f   Thumb Code     2  stm32f10x_it.o(i.DMA2_Channel4_5_IRQHandler)
    DMA_ClearFlag                            0x08004591   Thumb Code    16  stm32f10x_dma.o(i.DMA_ClearFlag)
    DMA_Cmd                                  0x080045a9   Thumb Code    18  stm32f10x_dma.o(i.DMA_Cmd)
    DMA_GetFlagStatus                        0x080045bd   Thumb Code    24  stm32f10x_dma.o(i.DMA_GetFlagStatus)
    DMA_Init                                 0x080045dd   Thumb Code    82  stm32f10x_dma.o(i.DMA_Init)
    DebugMonitor                             0x0800462f   Thumb Code     2  stm32f10x_it.o(i.DebugMonitor)
    Decrement_TimingDelay                    0x08004631   Thumb Code    18  main.o(i.Decrement_TimingDelay)
    Delay                                    0x08004649   Thumb Code    32  main.o(i.Delay)
    DelayKEY                                 0x0800466d   Thumb Code   106  main.o(i.DelayKEY)
    EXTI0_IRQHandler                         0x080046e1   Thumb Code     2  stm32f10x_it.o(i.EXTI0_IRQHandler)
    EXTI15_10_IRQHandler                     0x080046e3   Thumb Code     2  stm32f10x_it.o(i.EXTI15_10_IRQHandler)
    EXTI1_IRQHandler                         0x080046e5   Thumb Code     2  stm32f10x_it.o(i.EXTI1_IRQHandler)
    EXTI2_IRQHandler                         0x080046e7   Thumb Code     2  stm32f10x_it.o(i.EXTI2_IRQHandler)
    EXTI3_IRQHandler                         0x080046e9   Thumb Code     2  stm32f10x_it.o(i.EXTI3_IRQHandler)
    EXTI4_IRQHandler                         0x080046eb   Thumb Code     2  stm32f10x_it.o(i.EXTI4_IRQHandler)
    EXTI9_5_IRQHandler                       0x080046ed   Thumb Code     2  stm32f10x_it.o(i.EXTI9_5_IRQHandler)
    FLASH_IRQHandler                         0x080046ef   Thumb Code     2  stm32f10x_it.o(i.FLASH_IRQHandler)
    FLASH_PrefetchBufferCmd                  0x080046f1   Thumb Code    18  stm32f10x_flash.o(i.FLASH_PrefetchBufferCmd)
    FLASH_SetLatency                         0x08004709   Thumb Code    18  stm32f10x_flash.o(i.FLASH_SetLatency)
    FSMC_IRQHandler                          0x08004721   Thumb Code     2  stm32f10x_it.o(i.FSMC_IRQHandler)
    Flicker_PIXEL                            0x08004725   Thumb Code   180  lcd.o(i.Flicker_PIXEL)
    GPIO_Init                                0x080047e1   Thumb Code   192  stm32f10x_gpio.o(i.GPIO_Init)
    GPIO_PinRemapConfig                      0x080048a1   Thumb Code    84  stm32f10x_gpio.o(i.GPIO_PinRemapConfig)
    GPIO_ReadInputDataBit                    0x080048f9   Thumb Code    14  stm32f10x_gpio.o(i.GPIO_ReadInputDataBit)
    GPIO_ResetBits                           0x08004907   Thumb Code     4  stm32f10x_gpio.o(i.GPIO_ResetBits)
    GPIO_SetBits                             0x0800490b   Thumb Code     4  stm32f10x_gpio.o(i.GPIO_SetBits)
    GPIO_Write                               0x0800490f   Thumb Code     4  stm32f10x_gpio.o(i.GPIO_Write)
    HardFaultException                       0x08004913   Thumb Code     2  stm32f10x_it.o(i.HardFaultException)
    I2C1_ER_IRQHandler                       0x08004915   Thumb Code     2  stm32f10x_it.o(i.I2C1_ER_IRQHandler)
    I2C1_EV_IRQHandler                       0x08004917   Thumb Code     2  stm32f10x_it.o(i.I2C1_EV_IRQHandler)
    I2C2_ER_IRQHandler                       0x08004919   Thumb Code     2  stm32f10x_it.o(i.I2C2_ER_IRQHandler)
    I2C2_EV_IRQHandler                       0x0800491b   Thumb Code     2  stm32f10x_it.o(i.I2C2_EV_IRQHandler)
    KEY_adjust                               0x0800491d   Thumb Code   176  main.o(i.KEY_adjust)
    LCD035C0032                              0x080049e5   Thumb Code   410  lcd.o(i.LCD035C0032)
    LCD_CtrlLinesConfig                      0x08004b81   Thumb Code   102  lcd.o(i.LCD_CtrlLinesConfig)
    LCD_DisplayStringLine                    0x08004bf5   Thumb Code   164  lcd.o(i.LCD_DisplayStringLine)
    LCD_DisplayStringLine_A                  0x08004ca1   Thumb Code   270  lcd.o(i.LCD_DisplayStringLine_A)
    LCD_DrawPoint                            0x08004db9   Thumb Code    58  lcd.o(i.LCD_DrawPoint)
    LCD_SetDisplayWindow                     0x08004dfd   Thumb Code    76  lcd.o(i.LCD_SetDisplayWindow)
    LCD_WriteArea                            0x08004e49   Thumb Code   162  lcd.o(i.LCD_WriteArea)
    LCD_WriteRAM_Prepare                     0x08004ef5   Thumb Code     6  lcd.o(i.LCD_WriteRAM_Prepare)
    MDelay                                   0x08004efd   Thumb Code    26  main.o(i.MDelay)
    MemManageException                       0x08004f1d   Thumb Code     2  stm32f10x_it.o(i.MemManageException)
    NMIException                             0x08004f1f   Thumb Code     2  stm32f10x_it.o(i.NMIException)
    NVIC_Configuration                       0x08004f21   Thumb Code    72  main.o(i.NVIC_Configuration)
    NVIC_Init                                0x08004f69   Thumb Code   146  stm32f10x_nvic.o(i.NVIC_Init)
    NVIC_PriorityGroupConfig                 0x08005001   Thumb Code    14  stm32f10x_nvic.o(i.NVIC_PriorityGroupConfig)
    NVIC_SetVectorTable                      0x08005015   Thumb Code    16  stm32f10x_nvic.o(i.NVIC_SetVectorTable)
    PVD_IRQHandler                           0x08005029   Thumb Code     2  stm32f10x_it.o(i.PVD_IRQHandler)
    PendSVC                                  0x0800502b   Thumb Code     2  stm32f10x_it.o(i.PendSVC)
    RCC_AHBPeriphClockCmd                    0x0800502d   Thumb Code    18  stm32f10x_rcc.o(i.RCC_AHBPeriphClockCmd)
    RCC_APB2PeriphClockCmd                   0x08005045   Thumb Code    18  stm32f10x_rcc.o(i.RCC_APB2PeriphClockCmd)
    RCC_DeInit                               0x0800505d   Thumb Code    52  stm32f10x_rcc.o(i.RCC_DeInit)
    RCC_GetFlagStatus                        0x08005099   Thumb Code    42  stm32f10x_rcc.o(i.RCC_GetFlagStatus)
    RCC_GetSYSCLKSource                      0x080050c9   Thumb Code    10  stm32f10x_rcc.o(i.RCC_GetSYSCLKSource)
    RCC_HCLKConfig                           0x080050d9   Thumb Code    14  stm32f10x_rcc.o(i.RCC_HCLKConfig)
    RCC_HSEConfig                            0x080050ed   Thumb Code    50  stm32f10x_rcc.o(i.RCC_HSEConfig)
    RCC_IRQHandler                           0x08005125   Thumb Code     2  stm32f10x_it.o(i.RCC_IRQHandler)
    RCC_PCLK1Config                          0x08005129   Thumb Code    14  stm32f10x_rcc.o(i.RCC_PCLK1Config)
    RCC_PCLK2Config                          0x0800513d   Thumb Code    16  stm32f10x_rcc.o(i.RCC_PCLK2Config)
    RCC_PLLCmd                               0x08005151   Thumb Code     6  stm32f10x_rcc.o(i.RCC_PLLCmd)
    RCC_PLLConfig                            0x0800515d   Thumb Code    16  stm32f10x_rcc.o(i.RCC_PLLConfig)
    RCC_SYSCLKConfig                         0x08005171   Thumb Code    14  stm32f10x_rcc.o(i.RCC_SYSCLKConfig)
    RCC_WaitForHSEStartUp                    0x08005185   Thumb Code    48  stm32f10x_rcc.o(i.RCC_WaitForHSEStartUp)
    RGB_color                                0x080051b9   Thumb Code   348  lcd.o(i.RGB_color)
    RTCAlarm_IRQHandler                      0x08005321   Thumb Code     2  stm32f10x_it.o(i.RTCAlarm_IRQHandler)
    RTC_IRQHandler                           0x08005323   Thumb Code     2  stm32f10x_it.o(i.RTC_IRQHandler)
    SDIO_ClearFlag                           0x08005325   Thumb Code     6  stm32f10x_sdio.o(i.SDIO_ClearFlag)
    SDIO_ClearITPendingBit                   0x08005331   Thumb Code     6  stm32f10x_sdio.o(i.SDIO_ClearITPendingBit)
    SDIO_ClockCmd                            0x0800533d   Thumb Code     8  stm32f10x_sdio.o(i.SDIO_ClockCmd)
    SDIO_DMACmd                              0x08005349   Thumb Code     6  stm32f10x_sdio.o(i.SDIO_DMACmd)
    SDIO_DataConfig                          0x08005355   Thumb Code    40  stm32f10x_sdio.o(i.SDIO_DataConfig)
    SDIO_DeInit                              0x08005381   Thumb Code    26  stm32f10x_sdio.o(i.SDIO_DeInit)
    SDIO_GetCommandResponse                  0x080053a5   Thumb Code     8  stm32f10x_sdio.o(i.SDIO_GetCommandResponse)
    SDIO_GetFlagStatus                       0x080053b1   Thumb Code    16  stm32f10x_sdio.o(i.SDIO_GetFlagStatus)
    SDIO_GetITStatus                         0x080053c5   Thumb Code    16  stm32f10x_sdio.o(i.SDIO_GetITStatus)
    SDIO_GetPowerState                       0x080053d9   Thumb Code    10  stm32f10x_sdio.o(i.SDIO_GetPowerState)
    SDIO_GetResponse                         0x080053e9   Thumb Code    12  stm32f10x_sdio.o(i.SDIO_GetResponse)
    SDIO_IRQHandler                          0x080053f5   Thumb Code     4  stm32f10x_it.o(i.SDIO_IRQHandler)
    SDIO_ITConfig                            0x080053f9   Thumb Code    18  stm32f10x_sdio.o(i.SDIO_ITConfig)
    SDIO_Init                                0x08005411   Thumb Code    58  stm32f10x_sdio.o(i.SDIO_Init)
    SDIO_ReadData                            0x08005451   Thumb Code     8  stm32f10x_sdio.o(i.SDIO_ReadData)
    SDIO_SendCommand                         0x0800545d   Thumb Code    36  stm32f10x_sdio.o(i.SDIO_SendCommand)
    SDIO_SetPowerState                       0x08005485   Thumb Code    18  stm32f10x_sdio.o(i.SDIO_SetPowerState)
    SDIO_WriteData                           0x0800549d   Thumb Code     8  stm32f10x_sdio.o(i.SDIO_WriteData)
    SD_InitAndConfig                         0x080054a9   Thumb Code    70  main.o(i.SD_InitAndConfig)
    SHOW_IC_VALUE_A                          0x080054f9   Thumb Code    76  main.o(i.SHOW_IC_VALUE_A)
    SPI1_IRQHandler                          0x08005559   Thumb Code     2  stm32f10x_it.o(i.SPI1_IRQHandler)
    SPI2_IRQHandler                          0x0800555b   Thumb Code     2  stm32f10x_it.o(i.SPI2_IRQHandler)
    SPI3_IRQHandler                          0x0800555d   Thumb Code     2  stm32f10x_it.o(i.SPI3_IRQHandler)
    SPI_Send                                 0x0800555f   Thumb Code   110  lcd.o(i.SPI_Send)
    SSD1963Command_8                         0x080055cd   Thumb Code    54  lcd.o(i.SSD1963Command_8)
    SSD1963Data_8                            0x0800560d   Thumb Code    54  lcd.o(i.SSD1963Data_8)
    SSD1963Data_8tt                          0x0800564d   Thumb Code    22  lcd.o(i.SSD1963Data_8tt)
    SSD1963GPIOOUTCOM                        0x08005671   Thumb Code   158  lcd.o(i.SSD1963GPIOOUTCOM)
    SSD1963GPIOOUTDATA_16                    0x0800570f   Thumb Code   274  lcd.o(i.SSD1963GPIOOUTDATA_16)
    STM32_SSD1963_Init                       0x08005821   Thumb Code   614  lcd.o(i.STM32_SSD1963_Init)
    SVCHandler                               0x08005a99   Thumb Code     2  stm32f10x_it.o(i.SVCHandler)
    Soft_reset                               0x08005a9b   Thumb Code    64  lcd.o(i.Soft_reset)
    SysTickHandler                           0x08005adb   Thumb Code     4  stm32f10x_it.o(i.SysTickHandler)
    SysTick_CLKSourceConfig                  0x08005adf   Thumb Code    22  stm32f10x_systick.o(i.SysTick_CLKSourceConfig)
    SysTick_CounterCmd                       0x08005af5   Thumb Code    40  stm32f10x_systick.o(i.SysTick_CounterCmd)
    SysTick_ITConfig                         0x08005b1d   Thumb Code    22  stm32f10x_systick.o(i.SysTick_ITConfig)
    SysTick_SetReload                        0x08005b33   Thumb Code     8  stm32f10x_systick.o(i.SysTick_SetReload)
    TAMPER_IRQHandler                        0x08005b3b   Thumb Code     2  stm32f10x_it.o(i.TAMPER_IRQHandler)
    TIM1_BRK_IRQHandler                      0x08005b3d   Thumb Code     2  stm32f10x_it.o(i.TIM1_BRK_IRQHandler)
    TIM1_CC_IRQHandler                       0x08005b3f   Thumb Code     2  stm32f10x_it.o(i.TIM1_CC_IRQHandler)
    TIM1_TRG_COM_IRQHandler                  0x08005b41   Thumb Code     2  stm32f10x_it.o(i.TIM1_TRG_COM_IRQHandler)
    TIM1_UP_IRQHandler                       0x08005b43   Thumb Code     2  stm32f10x_it.o(i.TIM1_UP_IRQHandler)
    TIM2_IRQHandler                          0x08005b45   Thumb Code     2  stm32f10x_it.o(i.TIM2_IRQHandler)
    TIM3_IRQHandler                          0x08005b47   Thumb Code     2  stm32f10x_it.o(i.TIM3_IRQHandler)
    TIM4_IRQHandler                          0x08005b49   Thumb Code     2  stm32f10x_it.o(i.TIM4_IRQHandler)
    TIM5_IRQHandler                          0x08005b4b   Thumb Code     2  stm32f10x_it.o(i.TIM5_IRQHandler)
    TIM6_IRQHandler                          0x08005b4d   Thumb Code     2  stm32f10x_it.o(i.TIM6_IRQHandler)
    TIM7_IRQHandler                          0x08005b4f   Thumb Code     2  stm32f10x_it.o(i.TIM7_IRQHandler)
    TIM8_BRK_IRQHandler                      0x08005b51   Thumb Code     2  stm32f10x_it.o(i.TIM8_BRK_IRQHandler)
    TIM8_CC_IRQHandler                       0x08005b53   Thumb Code     2  stm32f10x_it.o(i.TIM8_CC_IRQHandler)
    TIM8_TRG_COM_IRQHandler                  0x08005b55   Thumb Code     2  stm32f10x_it.o(i.TIM8_TRG_COM_IRQHandler)
    TIM8_UP_IRQHandler                       0x08005b57   Thumb Code     2  stm32f10x_it.o(i.TIM8_UP_IRQHandler)
    UART4_IRQHandler                         0x08005b59   Thumb Code     2  stm32f10x_it.o(i.UART4_IRQHandler)
    UART5_IRQHandler                         0x08005b5b   Thumb Code     2  stm32f10x_it.o(i.UART5_IRQHandler)
    USART1_IRQHandler                        0x08005b5d   Thumb Code     2  stm32f10x_it.o(i.USART1_IRQHandler)
    USART2_IRQHandler                        0x08005b5f   Thumb Code     2  stm32f10x_it.o(i.USART2_IRQHandler)
    USART3_IRQHandler                        0x08005b61   Thumb Code     2  stm32f10x_it.o(i.USART3_IRQHandler)
    USBWakeUp_IRQHandler                     0x08005b63   Thumb Code     2  stm32f10x_it.o(i.USBWakeUp_IRQHandler)
    USB_HP_CAN_TX_IRQHandler                 0x08005b65   Thumb Code     2  stm32f10x_it.o(i.USB_HP_CAN_TX_IRQHandler)
    USB_LP_CAN_RX0_IRQHandler                0x08005b67   Thumb Code     2  stm32f10x_it.o(i.USB_LP_CAN_RX0_IRQHandler)
    UsageFaultException                      0x08005b69   Thumb Code     2  stm32f10x_it.o(i.UsageFaultException)
    VIDEO_ON                                 0x08005b6b   Thumb Code    26  lcd.o(i.VIDEO_ON)
    WWDG_IRQHandler                          0x08005b85   Thumb Code     2  stm32f10x_it.o(i.WWDG_IRQHandler)
    __ARM_common_memset4_12                  0x08005b87   Thumb Code    18  fat.o(i.__ARM_common_memset4_12)
    __scatterload_copy                       0x08005b99   Thumb Code    14  handlers.o(i.__scatterload_copy)
    __scatterload_null                       0x08005ba7   Thumb Code     2  handlers.o(i.__scatterload_null)
    __scatterload_zeroinit                   0x08005ba9   Thumb Code    14  handlers.o(i.__scatterload_zeroinit)
    free                                     0x08005bb9   Thumb Code    76  malloc.o(i.free)
    main                                     0x08005c09   Thumb Code   640  main.o(i.main)
    malloc                                   0x08005ec1   Thumb Code    92  malloc.o(i.malloc)
    ASCII_Table                              0x08005f2c   Data        4560  lcd.o(.constdata)
    Region$$Table$$Base                      0x080070fc   Number         0  anon$$obj.o(Region$$Table)
    Region$$Table$$Limit                     0x0800711c   Number         0  anon$$obj.o(Region$$Table)
    Status                                   0x20000000   Data           1  main.o(.data)
    SDConfigFlag                             0x20000001   Data           1  main.o(.data)
    SDShowFlag                               0x20000002   Data           1  main.o(.data)
    SDShowTimes                              0x20000003   Data           1  main.o(.data)
    VCOMDC                                   0x20000004   Data           1  main.o(.data)
    STEP                                     0x20000005   Data           1  main.o(.data)
    OTP_VALUE1                               0x20000006   Data           1  main.o(.data)
    OTP_VALUE2                               0x20000007   Data           1  main.o(.data)
    OTP_TIMES                                0x20000008   Data           1  main.o(.data)
    OTP_TIMES_BEFORE                         0x20000009   Data           1  main.o(.data)
    ID_OK                                    0x2000000a   Data           1  main.o(.data)
    temp                                     0x2000000b   Data           1  main.o(.data)
    READ_ID                                  0x2000000c   Data           1  main.o(.data)
    HSEStartUpStatus                         0x2000000d   Data           1  main.o(.data)
    count1                                   0x2000000e   Data           2  main.o(.data)
    count2                                   0x20000010   Data           2  main.o(.data)
    aat                                      0x20000012   Data           2  main.o(.data)
    aat2                                     0x20000014   Data           2  main.o(.data)
    VCOMDC1                                  0x20000016   Data           2  main.o(.data)
    cfont1                                   0x2000001c   Data           4  main.o(.data)
    cfont2                                   0x20000020   Data           4  main.o(.data)
    sd_Capacity                              0x20000024   Data           4  main.o(.data)
    cfont                                    0x20000028   Data           5  main.o(.data)
    Frame_rate                               0x2000002e   Data           1  lcd.o(.data)
    DotclkValue                              0x2000002f   Data           1  lcd.o(.data)
    Freq_OSC                                 0x20000030   Data           1  lcd.o(.data)
    FontR                                    0x20000031   Data           1  lcd.o(.data)
    FontG                                    0x20000032   Data           1  lcd.o(.data)
    FontB                                    0x20000033   Data           1  lcd.o(.data)
    value_HighSpeed                          0x20000034   Data           2  lcd.o(.data)
    value_Lane_select                        0x20000036   Data           2  lcd.o(.data)
    VDP                                      0x20000038   Data           2  lcd.o(.data)
    VBP                                      0x2000003a   Data           2  lcd.o(.data)
    VFP                                      0x2000003c   Data           2  lcd.o(.data)
    HDP                                      0x2000003e   Data           2  lcd.o(.data)
    HBP                                      0x20000040   Data           2  lcd.o(.data)
    HFP                                      0x20000042   Data           2  lcd.o(.data)
    VPW                                      0x20000044   Data           2  lcd.o(.data)
    HPW                                      0x20000046   Data           2  lcd.o(.data)
    mm                                       0x20000048   Data           2  lcd.o(.data)
    SC7789_A_BC                              0x2000004a   Data           2  lcd.o(.data)
    SC7789_A_CC_B                            0x2000004c   Data           2  lcd.o(.data)
    SC7789_A_CC_F                            0x2000004e   Data           2  lcd.o(.data)
    SC7789_A_B2                              0x20000050   Data           2  lcd.o(.data)
    SC7789_A_B4                              0x20000052   Data           2  lcd.o(.data)
    SC7789_A_B8                              0x20000054   Data           3  lcd.o(.data)
    SC7789_A_B5                              0x20000057   Data           3  lcd.o(.data)
    SC7789_A_B9                              0x2000005a   Data           4  lcd.o(.data)
    SC7789_A_C6                              0x2000005e   Data           4  lcd.o(.data)
    SC7789_A_E3                              0x20000062   Data           5  lcd.o(.data)
    SC7789_A_C0                              0x20000067   Data           6  lcd.o(.data)
    SC7789_A_B1                              0x2000006d   Data           8  lcd.o(.data)
    ASCII_Table1                             0x20000075   Data        1008  lcd.o(.data)
    SC7789_A_BA                              0x20000465   Data          19  lcd.o(.data)
    SC7789_A_B3                              0x20000478   Data           9  lcd.o(.data)
    SC7789_A_E9                              0x20000481   Data          52  lcd.o(.data)
    SC7789_A_EA                              0x200004b5   Data          37  lcd.o(.data)
    SC7789_A_E0                              0x200004da   Data          35  lcd.o(.data)
    SC7789_A_C1                              0x200004fd   Data         128  lcd.o(.data)
    TransferError                            0x20000580   Data           1  sdcard.o(.data)
    TransferEnd                              0x20000598   Data           4  sdcard.o(.data)
    NumberOfBytes                            0x2000059c   Data           4  sdcard.o(.data)
    SrcBuffer                                0x200005a0   Data           4  sdcard.o(.data)
    DestBuffer                               0x200005a4   Data           4  sdcard.o(.data)
    LongNameFlag                             0x200005a8   Data           1  fat.o(.data)
    FAT32_Enable                             0x200005a9   Data           1  fat.o(.data)
    BytesPerSector                           0x200005aa   Data           2  fat.o(.data)
    SectorsPerClust                          0x200005ac   Data           2  fat.o(.data)
    FirstDirClust                            0x200005b0   Data           4  fat.o(.data)
    FirstDataSector                          0x200005b4   Data           4  fat.o(.data)
    FATsectors                               0x200005b8   Data           4  fat.o(.data)
    FirstFATSector                           0x200005bc   Data           4  fat.o(.data)
    FirstDirSector                           0x200005c0   Data           4  fat.o(.data)
    RootDirSectors                           0x200005c4   Data           4  fat.o(.data)
    RootDirCount                             0x200005c8   Data           4  fat.o(.data)
    image_count                              0x200005cc   Data           2  disp.o(.data)
    image_all                                0x200005ce   Data           2  disp.o(.data)
    BriSeg                                   0x200005d0   Data           4  tsliic_rev01.o(.data)
    __microlib_freelist                      0x200005d4   Data           4  mvars.o(.data)
    __microlib_freelist_initialised          0x200005d8   Data           4  mvars.o(.data)
    MIPI_READ_DATA                           0x200005dc   Data          10  main.o(.bss)
    SDCardInfo                               0x200005e8   Data          80  main.o(.bss)
    DATA_SUM1                                0x20000638   Data          60  main.o(.bss)
    SURE                                     0x20000674   Data          60  main.o(.bss)
    SDIO_InitStructure                       0x200006e0   Data          24  sdcard.o(.bss)
    SDIO_CmdInitStructure                    0x200006f8   Data          20  sdcard.o(.bss)
    SDIO_DataInitStructure                   0x2000070c   Data          24  sdcard.o(.bss)
    LongNameBuffer                           0x20000740   Data         132  fat.o(.bss)
    FileInfo                                 0x200007c4   Data          15  fat.o(.bss)
    recordBuf                                0x200007d3   Data        1024  fat.o(.bss)
    BMPInfo                                  0x20000c00   Data          32  disp.o(.bss)
    __heap_base                              0x20000c20   Data           0  stm32f10x_vector.o(HEAP)
    __heap_limit                             0x20001020   Data           0  stm32f10x_vector.o(HEAP)
    __initial_sp                             0x20001420   Data           0  stm32f10x_vector.o(STACK)



==============================================================================

Memory Map of the image

  Image Entry point : 0x08000131

  Load Region LR_IROM1 (Base: 0x08000000, Size: 0x000076f8, Max: 0x00080000, ABSOLUTE, COMPRESSED[0x00007454])

    Execution Region ER_IROM1 (Base: 0x08000000, Size: 0x0000711c, Max: 0x00080000, ABSOLUTE)

    Base Addr    Size         Type   Attr      Idx    E Section Name        Object

    0x08000000   0x00000130   Data   RO         4005    RESET               stm32f10x_vector.o
    0x08000130   0x00000000   Code   RO         4278  * .ARM.Collect$$$$00000000  mc_w.l(entry.o)
    0x08000130   0x00000004   Code   RO         4315    .ARM.Collect$$$$00000001  mc_w.l(entry2.o)
    0x08000134   0x00000004   Code   RO         4318    .ARM.Collect$$$$00000004  mc_w.l(entry5.o)
    0x08000138   0x00000000   Code   RO         4320    .ARM.Collect$$$$00000008  mc_w.l(entry7b.o)
    0x08000138   0x00000000   Code   RO         4322    .ARM.Collect$$$$0000000A  mc_w.l(entry8b.o)
    0x08000138   0x00000008   Code   RO         4323    .ARM.Collect$$$$0000000B  mc_w.l(entry9a.o)
    0x08000140   0x00000000   Code   RO         4325    .ARM.Collect$$$$0000000D  mc_w.l(entry10a.o)
    0x08000140   0x00000000   Code   RO         4327    .ARM.Collect$$$$0000000F  mc_w.l(entry11a.o)
    0x08000140   0x00000004   Code   RO         4316    .ARM.Collect$$$$00002712  mc_w.l(entry2.o)
    0x08000144   0x00000008   Code   RO         4006    .text               stm32f10x_vector.o
    0x0800014c   0x00001d3c   Code   RO         4014    .text               SDFAT.lib(sdcard.o)
    0x08001e88   0x00001b80   Code   RO         4118    .text               SDFAT.lib(fat.o)
    0x08003a08   0x000002cc   Code   RO         4146    .text               DispBMPv01.lib(disp.o)
    0x08003cd4   0x000006e8   Code   RO         4172    .text               TSLIIC_REV01.lib(tsliic_rev01.o)
    0x080043bc   0x00000024   Code   RO         4281    .text               mc_w.l(memseta.o)
    0x080043e0   0x00000012   Code   RO         4311    .text               mf_w.l(fflti.o)
    0x080043f2   0x00000028   Code   RO         4313    .text               mf_w.l(ffixui.o)
    0x0800441a   0x00000000   Code   RO         4335    .text               mc_w.l(iusefp.o)
    0x0800441a   0x0000006e   Code   RO         4336    .text               mf_w.l(fepilogue.o)
    0x08004488   0x00000024   Code   RO         4338    .text               mc_w.l(init.o)
    0x080044ac   0x00000056   Code   RO         4348    .text               mc_w.l(__dczerorl2.o)
    0x08004502   0x00000002   Code   RO            1    i.ADC1_2_IRQHandler  stm32f10x_it.o
    0x08004504   0x00000002   Code   RO            2    i.ADC3_IRQHandler   stm32f10x_it.o
    0x08004506   0x00000002   PAD
    0x08004508   0x0000006c   Code   RO          802    i.All_Color         lcd.o
    0x08004574   0x00000002   Code   RO            3    i.BusFaultException  stm32f10x_it.o
    0x08004576   0x00000002   Code   RO            4    i.CAN_RX1_IRQHandler  stm32f10x_it.o
    0x08004578   0x00000002   Code   RO            5    i.CAN_SCE_IRQHandler  stm32f10x_it.o
    0x0800457a   0x00000002   Code   RO            6    i.DMA1_Channel1_IRQHandler  stm32f10x_it.o
    0x0800457c   0x00000002   Code   RO            7    i.DMA1_Channel2_IRQHandler  stm32f10x_it.o
    0x0800457e   0x00000002   Code   RO            8    i.DMA1_Channel3_IRQHandler  stm32f10x_it.o
    0x08004580   0x00000002   Code   RO            9    i.DMA1_Channel4_IRQHandler  stm32f10x_it.o
    0x08004582   0x00000002   Code   RO           10    i.DMA1_Channel5_IRQHandler  stm32f10x_it.o
    0x08004584   0x00000002   Code   RO           11    i.DMA1_Channel6_IRQHandler  stm32f10x_it.o
    0x08004586   0x00000002   Code   RO           12    i.DMA1_Channel7_IRQHandler  stm32f10x_it.o
    0x08004588   0x00000002   Code   RO           13    i.DMA2_Channel1_IRQHandler  stm32f10x_it.o
    0x0800458a   0x00000002   Code   RO           14    i.DMA2_Channel2_IRQHandler  stm32f10x_it.o
    0x0800458c   0x00000002   Code   RO           15    i.DMA2_Channel3_IRQHandler  stm32f10x_it.o
    0x0800458e   0x00000002   Code   RO           16    i.DMA2_Channel4_5_IRQHandler  stm32f10x_it.o
    0x08004590   0x00000018   Code   RO         1725    i.DMA_ClearFlag     stm32f10x_dma.o
    0x080045a8   0x00000012   Code   RO         1727    i.DMA_Cmd           stm32f10x_dma.o
    0x080045ba   0x00000002   PAD
    0x080045bc   0x00000020   Code   RO         1730    i.DMA_GetFlagStatus  stm32f10x_dma.o
    0x080045dc   0x00000052   Code   RO         1733    i.DMA_Init          stm32f10x_dma.o
    0x0800462e   0x00000002   Code   RO           17    i.DebugMonitor      stm32f10x_it.o
    0x08004630   0x00000018   Code   RO          511    i.Decrement_TimingDelay  main.o
    0x08004648   0x00000024   Code   RO          512    i.Delay             main.o
    0x0800466c   0x00000074   Code   RO          513    i.DelayKEY          main.o
    0x080046e0   0x00000002   Code   RO           18    i.EXTI0_IRQHandler  stm32f10x_it.o
    0x080046e2   0x00000002   Code   RO           19    i.EXTI15_10_IRQHandler  stm32f10x_it.o
    0x080046e4   0x00000002   Code   RO           20    i.EXTI1_IRQHandler  stm32f10x_it.o
    0x080046e6   0x00000002   Code   RO           21    i.EXTI2_IRQHandler  stm32f10x_it.o
    0x080046e8   0x00000002   Code   RO           22    i.EXTI3_IRQHandler  stm32f10x_it.o
    0x080046ea   0x00000002   Code   RO           23    i.EXTI4_IRQHandler  stm32f10x_it.o
    0x080046ec   0x00000002   Code   RO           24    i.EXTI9_5_IRQHandler  stm32f10x_it.o
    0x080046ee   0x00000002   Code   RO           25    i.FLASH_IRQHandler  stm32f10x_it.o
    0x080046f0   0x00000018   Code   RO         1846    i.FLASH_PrefetchBufferCmd  stm32f10x_flash.o
    0x08004708   0x00000018   Code   RO         1847    i.FLASH_SetLatency  stm32f10x_flash.o
    0x08004720   0x00000002   Code   RO           26    i.FSMC_IRQHandler   stm32f10x_it.o
    0x08004722   0x00000002   PAD
    0x08004724   0x000000bc   Code   RO          809    i.Flicker_PIXEL     lcd.o
    0x080047e0   0x000000c0   Code   RO         1994    i.GPIO_Init         stm32f10x_gpio.o
    0x080048a0   0x00000058   Code   RO         1996    i.GPIO_PinRemapConfig  stm32f10x_gpio.o
    0x080048f8   0x0000000e   Code   RO         1998    i.GPIO_ReadInputDataBit  stm32f10x_gpio.o
    0x08004906   0x00000004   Code   RO         2001    i.GPIO_ResetBits    stm32f10x_gpio.o
    0x0800490a   0x00000004   Code   RO         2002    i.GPIO_SetBits      stm32f10x_gpio.o
    0x0800490e   0x00000004   Code   RO         2004    i.GPIO_Write        stm32f10x_gpio.o
    0x08004912   0x00000002   Code   RO           27    i.HardFaultException  stm32f10x_it.o
    0x08004914   0x00000002   Code   RO           28    i.I2C1_ER_IRQHandler  stm32f10x_it.o
    0x08004916   0x00000002   Code   RO           29    i.I2C1_EV_IRQHandler  stm32f10x_it.o
    0x08004918   0x00000002   Code   RO           30    i.I2C2_ER_IRQHandler  stm32f10x_it.o
    0x0800491a   0x00000002   Code   RO           31    i.I2C2_EV_IRQHandler  stm32f10x_it.o
    0x0800491c   0x000000c8   Code   RO          522    i.KEY_adjust        main.o
    0x080049e4   0x0000019a   Code   RO          815    i.LCD035C0032       lcd.o
    0x08004b7e   0x00000002   PAD
    0x08004b80   0x00000074   Code   RO          820    i.LCD_CtrlLinesConfig  lcd.o
    0x08004bf4   0x000000ac   Code   RO          822    i.LCD_DisplayStringLine  lcd.o
    0x08004ca0   0x00000118   Code   RO          823    i.LCD_DisplayStringLine_A  lcd.o
    0x08004db8   0x00000044   Code   RO          824    i.LCD_DrawPoint     lcd.o
    0x08004dfc   0x0000004c   Code   RO          828    i.LCD_SetDisplayWindow  lcd.o
    0x08004e48   0x000000ac   Code   RO          829    i.LCD_WriteArea     lcd.o
    0x08004ef4   0x00000006   Code   RO          831    i.LCD_WriteRAM_Prepare  lcd.o
    0x08004efa   0x00000002   PAD
    0x08004efc   0x00000020   Code   RO          523    i.MDelay            main.o
    0x08004f1c   0x00000002   Code   RO           32    i.MemManageException  stm32f10x_it.o
    0x08004f1e   0x00000002   Code   RO           33    i.NMIException      stm32f10x_it.o
    0x08004f20   0x00000048   Code   RO          526    i.NVIC_Configuration  main.o
    0x08004f68   0x00000098   Code   RO         2362    i.NVIC_Init         stm32f10x_nvic.o
    0x08005000   0x00000014   Code   RO         2363    i.NVIC_PriorityGroupConfig  stm32f10x_nvic.o
    0x08005014   0x00000014   Code   RO         2371    i.NVIC_SetVectorTable  stm32f10x_nvic.o
    0x08005028   0x00000002   Code   RO           34    i.PVD_IRQHandler    stm32f10x_it.o
    0x0800502a   0x00000002   Code   RO           35    i.PendSVC           stm32f10x_it.o
    0x0800502c   0x00000018   Code   RO         2593    i.RCC_AHBPeriphClockCmd  stm32f10x_rcc.o
    0x08005044   0x00000018   Code   RO         2596    i.RCC_APB2PeriphClockCmd  stm32f10x_rcc.o
    0x0800505c   0x0000003c   Code   RO         2603    i.RCC_DeInit        stm32f10x_rcc.o
    0x08005098   0x00000030   Code   RO         2605    i.RCC_GetFlagStatus  stm32f10x_rcc.o
    0x080050c8   0x00000010   Code   RO         2607    i.RCC_GetSYSCLKSource  stm32f10x_rcc.o
    0x080050d8   0x00000014   Code   RO         2608    i.RCC_HCLKConfig    stm32f10x_rcc.o
    0x080050ec   0x00000038   Code   RO         2609    i.RCC_HSEConfig     stm32f10x_rcc.o
    0x08005124   0x00000002   Code   RO           36    i.RCC_IRQHandler    stm32f10x_it.o
    0x08005126   0x00000002   PAD
    0x08005128   0x00000014   Code   RO         2615    i.RCC_PCLK1Config   stm32f10x_rcc.o
    0x0800513c   0x00000014   Code   RO         2616    i.RCC_PCLK2Config   stm32f10x_rcc.o
    0x08005150   0x0000000c   Code   RO         2617    i.RCC_PLLCmd        stm32f10x_rcc.o
    0x0800515c   0x00000014   Code   RO         2618    i.RCC_PLLConfig     stm32f10x_rcc.o
    0x08005170   0x00000014   Code   RO         2621    i.RCC_SYSCLKConfig  stm32f10x_rcc.o
    0x08005184   0x00000034   Code   RO         2623    i.RCC_WaitForHSEStartUp  stm32f10x_rcc.o
    0x080051b8   0x00000168   Code   RO          838    i.RGB_color         lcd.o
    0x08005320   0x00000002   Code   RO           37    i.RTCAlarm_IRQHandler  stm32f10x_it.o
    0x08005322   0x00000002   Code   RO           38    i.RTC_IRQHandler    stm32f10x_it.o
    0x08005324   0x0000000c   Code   RO         2882    i.SDIO_ClearFlag    stm32f10x_sdio.o
    0x08005330   0x0000000c   Code   RO         2883    i.SDIO_ClearITPendingBit  stm32f10x_sdio.o
    0x0800533c   0x0000000c   Code   RO         2884    i.SDIO_ClockCmd     stm32f10x_sdio.o
    0x08005348   0x0000000c   Code   RO         2887    i.SDIO_DMACmd       stm32f10x_sdio.o
    0x08005354   0x0000002c   Code   RO         2888    i.SDIO_DataConfig   stm32f10x_sdio.o
    0x08005380   0x00000024   Code   RO         2890    i.SDIO_DeInit       stm32f10x_sdio.o
    0x080053a4   0x0000000c   Code   RO         2891    i.SDIO_GetCommandResponse  stm32f10x_sdio.o
    0x080053b0   0x00000014   Code   RO         2894    i.SDIO_GetFlagStatus  stm32f10x_sdio.o
    0x080053c4   0x00000014   Code   RO         2895    i.SDIO_GetITStatus  stm32f10x_sdio.o
    0x080053d8   0x00000010   Code   RO         2896    i.SDIO_GetPowerState  stm32f10x_sdio.o
    0x080053e8   0x0000000c   Code   RO         2897    i.SDIO_GetResponse  stm32f10x_sdio.o
    0x080053f4   0x00000004   Code   RO           39    i.SDIO_IRQHandler   stm32f10x_it.o
    0x080053f8   0x00000018   Code   RO         2898    i.SDIO_ITConfig     stm32f10x_sdio.o
    0x08005410   0x00000040   Code   RO         2899    i.SDIO_Init         stm32f10x_sdio.o
    0x08005450   0x0000000c   Code   RO         2900    i.SDIO_ReadData     stm32f10x_sdio.o
    0x0800545c   0x00000028   Code   RO         2902    i.SDIO_SendCommand  stm32f10x_sdio.o
    0x08005484   0x00000018   Code   RO         2904    i.SDIO_SetPowerState  stm32f10x_sdio.o
    0x0800549c   0x0000000c   Code   RO         2910    i.SDIO_WriteData    stm32f10x_sdio.o
    0x080054a8   0x00000050   Code   RO          532    i.SD_InitAndConfig  main.o
    0x080054f8   0x00000060   Code   RO          535    i.SHOW_IC_VALUE_A   main.o
    0x08005558   0x00000002   Code   RO           40    i.SPI1_IRQHandler   stm32f10x_it.o
    0x0800555a   0x00000002   Code   RO           41    i.SPI2_IRQHandler   stm32f10x_it.o
    0x0800555c   0x00000002   Code   RO           42    i.SPI3_IRQHandler   stm32f10x_it.o
    0x0800555e   0x0000006e   Code   RO          842    i.SPI_Send          lcd.o
    0x080055cc   0x00000040   Code   RO          843    i.SSD1963Command_8  lcd.o
    0x0800560c   0x00000040   Code   RO          844    i.SSD1963Data_8     lcd.o
    0x0800564c   0x00000024   Code   RO          845    i.SSD1963Data_8tt   lcd.o
    0x08005670   0x0000009e   Code   RO          846    i.SSD1963GPIOOUTCOM  lcd.o
    0x0800570e   0x00000112   Code   RO          847    i.SSD1963GPIOOUTDATA_16  lcd.o
    0x08005820   0x00000278   Code   RO          856    i.STM32_SSD1963_Init  lcd.o
    0x08005a98   0x00000002   Code   RO           43    i.SVCHandler        stm32f10x_it.o
    0x08005a9a   0x00000040   Code   RO          858    i.Soft_reset        lcd.o
    0x08005ada   0x00000004   Code   RO           44    i.SysTickHandler    stm32f10x_it.o
    0x08005ade   0x00000016   Code   RO         3211    i.SysTick_CLKSourceConfig  stm32f10x_systick.o
    0x08005af4   0x00000028   Code   RO         3212    i.SysTick_CounterCmd  stm32f10x_systick.o
    0x08005b1c   0x00000016   Code   RO         3215    i.SysTick_ITConfig  stm32f10x_systick.o
    0x08005b32   0x00000008   Code   RO         3216    i.SysTick_SetReload  stm32f10x_systick.o
    0x08005b3a   0x00000002   Code   RO           45    i.TAMPER_IRQHandler  stm32f10x_it.o
    0x08005b3c   0x00000002   Code   RO           46    i.TIM1_BRK_IRQHandler  stm32f10x_it.o
    0x08005b3e   0x00000002   Code   RO           47    i.TIM1_CC_IRQHandler  stm32f10x_it.o
    0x08005b40   0x00000002   Code   RO           48    i.TIM1_TRG_COM_IRQHandler  stm32f10x_it.o
    0x08005b42   0x00000002   Code   RO           49    i.TIM1_UP_IRQHandler  stm32f10x_it.o
    0x08005b44   0x00000002   Code   RO           50    i.TIM2_IRQHandler   stm32f10x_it.o
    0x08005b46   0x00000002   Code   RO           51    i.TIM3_IRQHandler   stm32f10x_it.o
    0x08005b48   0x00000002   Code   RO           52    i.TIM4_IRQHandler   stm32f10x_it.o
    0x08005b4a   0x00000002   Code   RO           53    i.TIM5_IRQHandler   stm32f10x_it.o
    0x08005b4c   0x00000002   Code   RO           54    i.TIM6_IRQHandler   stm32f10x_it.o
    0x08005b4e   0x00000002   Code   RO           55    i.TIM7_IRQHandler   stm32f10x_it.o
    0x08005b50   0x00000002   Code   RO           56    i.TIM8_BRK_IRQHandler  stm32f10x_it.o
    0x08005b52   0x00000002   Code   RO           57    i.TIM8_CC_IRQHandler  stm32f10x_it.o
    0x08005b54   0x00000002   Code   RO           58    i.TIM8_TRG_COM_IRQHandler  stm32f10x_it.o
    0x08005b56   0x00000002   Code   RO           59    i.TIM8_UP_IRQHandler  stm32f10x_it.o
    0x08005b58   0x00000002   Code   RO           60    i.UART4_IRQHandler  stm32f10x_it.o
    0x08005b5a   0x00000002   Code   RO           61    i.UART5_IRQHandler  stm32f10x_it.o
    0x08005b5c   0x00000002   Code   RO           62    i.USART1_IRQHandler  stm32f10x_it.o
    0x08005b5e   0x00000002   Code   RO           63    i.USART2_IRQHandler  stm32f10x_it.o
    0x08005b60   0x00000002   Code   RO           64    i.USART3_IRQHandler  stm32f10x_it.o
    0x08005b62   0x00000002   Code   RO           65    i.USBWakeUp_IRQHandler  stm32f10x_it.o
    0x08005b64   0x00000002   Code   RO           66    i.USB_HP_CAN_TX_IRQHandler  stm32f10x_it.o
    0x08005b66   0x00000002   Code   RO           67    i.USB_LP_CAN_RX0_IRQHandler  stm32f10x_it.o
    0x08005b68   0x00000002   Code   RO           68    i.UsageFaultException  stm32f10x_it.o
    0x08005b6a   0x0000001a   Code   RO          860    i.VIDEO_ON          lcd.o
    0x08005b84   0x00000002   Code   RO           69    i.WWDG_IRQHandler   stm32f10x_it.o
    0x08005b86   0x00000012   Code   RO         4134    i.__ARM_common_memset4_12  SDFAT.lib(fat.o)
    0x08005b98   0x0000000e   Code   RO         4342    i.__scatterload_copy  mc_w.l(handlers.o)
    0x08005ba6   0x00000002   Code   RO         4343    i.__scatterload_null  mc_w.l(handlers.o)
    0x08005ba8   0x0000000e   Code   RO         4344    i.__scatterload_zeroinit  mc_w.l(handlers.o)
    0x08005bb6   0x00000002   PAD
    0x08005bb8   0x00000050   Code   RO         4283    i.free              mc_w.l(malloc.o)
    0x08005c08   0x000002b8   Code   RO          544    i.main              main.o
    0x08005ec0   0x0000006c   Code   RO         4284    i.malloc            mc_w.l(malloc.o)
    0x08005f2c   0x000011d0   Data   RO          864    .constdata          lcd.o
    0x080070fc   0x00000020   Data   RO         4340    Region$$Table       anon$$obj.o


    Execution Region RW_IRAM1 (Base: 0x20000000, Size: 0x00001420, Max: 0x00010000, ABSOLUTE, COMPRESSED[0x00000338])

    Base Addr    Size         Type   Attr      Idx    E Section Name        Object

    0x20000000   0x0000002d   Data   RW          549    .data               main.o
    0x2000002d   0x00000001   PAD
    0x2000002e   0x0000054f   Data   RW          865    .data               lcd.o
    0x2000057d   0x00000003   PAD
    0x20000580   0x00000028   Data   RW         4016    .data               SDFAT.lib(sdcard.o)
    0x200005a8   0x00000024   Data   RW         4123    .data               SDFAT.lib(fat.o)
    0x200005cc   0x00000004   Data   RW         4148    .data               DispBMPv01.lib(disp.o)
    0x200005d0   0x00000004   Data   RW         4173    .data               TSLIIC_REV01.lib(tsliic_rev01.o)
    0x200005d4   0x00000004   Data   RW         4333    .data               mc_w.l(mvars.o)
    0x200005d8   0x00000004   Data   RW         4334    .data               mc_w.l(mvars.o)
    0x200005dc   0x000000d4   Zero   RW          547    .bss                main.o
    0x200006b0   0x00000010   PAD
    0x200006c0   0x00000064   Zero   RW         4015    .bss                SDFAT.lib(sdcard.o)
    0x20000724   0x0000001c   PAD
    0x20000740   0x00000493   Zero   RW         4120    .bss                SDFAT.lib(fat.o)
    0x20000bd3   0x0000002d   PAD
    0x20000c00   0x00000020   Zero   RW         4147    .bss                DispBMPv01.lib(disp.o)
    0x20000c20   0x00000400   Zero   RW         4004    HEAP                stm32f10x_vector.o
    0x20001020   0x00000400   Zero   RW         4003    STACK               stm32f10x_vector.o


==============================================================================

Image component sizes


      Code (inc. data)   RO Data    RW Data    ZI Data      Debug   Object Name

      3384        130       4560       1359          0      19024   lcd.o
      1352        136          0         45        212      28602   main.o
       156         16          0          0          0       3201   stm32f10x_dma.o
        48         12          0          0          0       1029   stm32f10x_flash.o
       306          4          0          0          0       4803   stm32f10x_gpio.o
       142          0          0          0          0     247568   stm32f10x_it.o
       192         16          0          0          0       2305   stm32f10x_nvic.o
       392         74          0          0          0       9241   stm32f10x_rcc.o
       384         84          0          0          0      10459   stm32f10x_sdio.o
        92          0          0          0          0       2106   stm32f10x_systick.o
         8          4        304          0       2048        368   stm32f10x_vector.o

    ----------------------------------------------------------------------
      6468        476       4896       1408       2276     328706   Object Totals
         0          0         32          0          0          0   (incl. Generated)
        12          0          0          4         16          0   (incl. Padding)

    ----------------------------------------------------------------------

      Code (inc. data)   RO Data    RW Data    ZI Data      Debug   Library Member Name

       716         60          0          4         32       6402   disp.o
      7058         78          0         36       1171      24272   fat.o
      7484        232          0         40        100      52447   sdcard.o
      1768         10          0          4          0      14662   tsliic_rev01.o
        86          0          0          0          0          0   __dczerorl2.o
         0          0          0          0          0          0   entry.o
         0          0          0          0          0          0   entry10a.o
         0          0          0          0          0          0   entry11a.o
         8          4          0          0          0          0   entry2.o
         4          0          0          0          0          0   entry5.o
         0          0          0          0          0          0   entry7b.o
         0          0          0          0          0          0   entry8b.o
         8          4          0          0          0          0   entry9a.o
        30          0          0          0          0          0   handlers.o
        36          8          0          0          0         68   init.o
         0          0          0          0          0          0   iusefp.o
       188         20          0          0          0        160   malloc.o
        36          0          0          0          0        108   memseta.o
         0          0          0          8          0          0   mvars.o
       110          0          0          0          0        168   fepilogue.o
        40          0          0          0          0         68   ffixui.o
        18          0          0          0          0         68   fflti.o

    ----------------------------------------------------------------------
     17592        416          0         92       1376      98423   Library Totals
         2          0          0          0         73          0   (incl. Padding)

    ----------------------------------------------------------------------

      Code (inc. data)   RO Data    RW Data    ZI Data      Debug   Library Name

       716         60          0          4         32       6402   DispBMPv01.lib
     14542        310          0         76       1271      76719   SDFAT.lib
      1768         10          0          4          0      14662   TSLIIC_REV01.lib
       396         36          0          8          0        336   mc_w.l
       168          0          0          0          0        304   mf_w.l

    ----------------------------------------------------------------------
     17592        416          0         92       1376      98423   Library Totals

    ----------------------------------------------------------------------

==============================================================================


      Code (inc. data)   RO Data    RW Data    ZI Data      Debug   

     24060        892       4896       1500       3652     419197   Grand Totals
     24060        892       4896        824       3652     419197   ELF Image Totals (compressed)
     24060        892       4896        824          0          0   ROM Totals

==============================================================================

    Total RO  Size (Code + RO Data)                28956 (  28.28kB)
    Total RW  Size (RW Data + ZI Data)              5152 (   5.03kB)
    Total ROM Size (Code + RO Data + RW Data)      29780 (  29.08kB)

==============================================================================

